[0.729s] Invoking command in '/home/me597/ros2/sim_ws/src/ME597/py_pubsub': PYTHONPATH=/home/me597/ros2/sim_ws/src/ME597/build/py_pubsub/prefix_override:/usr/lib/python3/dist-packages/colcon_core/task/python/colcon_distutils_commands:/home/me597/ros2/sim_ws/src/ME597/install/py_pubsub/lib/python3.10/site-packages:${PYTHONPATH} /usr/bin/python3 -W ignore:setup.py install is deprecated setup.py egg_info --egg-base ../build/py_pubsub build --build-base /home/me597/ros2/sim_ws/src/ME597/build/py_pubsub/build install --record /home/me597/ros2/sim_ws/src/ME597/build/py_pubsub/install.log --single-version-externally-managed install_data
[0.955s] running egg_info
[0.956s] writing ../build/py_pubsub/py_pubsub.egg-info/PKG-INFO
[0.957s] writing dependency_links to ../build/py_pubsub/py_pubsub.egg-info/dependency_links.txt
[0.958s] writing entry points to ../build/py_pubsub/py_pubsub.egg-info/entry_points.txt
[0.959s] writing requirements to ../build/py_pubsub/py_pubsub.egg-info/requires.txt
[0.961s] writing top-level names to ../build/py_pubsub/py_pubsub.egg-info/top_level.txt
[0.966s] reading manifest file '../build/py_pubsub/py_pubsub.egg-info/SOURCES.txt'
[0.966s] adding license file 'LICENSE'
[0.968s] writing manifest file '../build/py_pubsub/py_pubsub.egg-info/SOURCES.txt'
[0.969s] running build
[0.970s] running build_py
[0.970s] running install
[0.971s] running install_lib
[0.973s] running install_data
[0.974s] running install_egg_info
[0.978s] removing '/home/me597/ros2/sim_ws/src/ME597/install/py_pubsub/lib/python3.10/site-packages/py_pubsub-0.0.0-py3.10.egg-info' (and everything under it)
[0.979s] Copying ../build/py_pubsub/py_pubsub.egg-info to /home/me597/ros2/sim_ws/src/ME597/install/py_pubsub/lib/python3.10/site-packages/py_pubsub-0.0.0-py3.10.egg-info
[0.979s] running install_scripts
[1.007s] Installing listener script to /home/me597/ros2/sim_ws/src/ME597/install/py_pubsub/lib/py_pubsub
[1.008s] Installing talker script to /home/me597/ros2/sim_ws/src/ME597/install/py_pubsub/lib/py_pubsub
[1.012s] writing list of installed files to '/home/me597/ros2/sim_ws/src/ME597/build/py_pubsub/install.log'
[1.062s] Invoked command in '/home/me597/ros2/sim_ws/src/ME597/py_pubsub' returned '0': PYTHONPATH=/home/me597/ros2/sim_ws/src/ME597/build/py_pubsub/prefix_override:/usr/lib/python3/dist-packages/colcon_core/task/python/colcon_distutils_commands:/home/me597/ros2/sim_ws/src/ME597/install/py_pubsub/lib/python3.10/site-packages:${PYTHONPATH} /usr/bin/python3 -W ignore:setup.py install is deprecated setup.py egg_info --egg-base ../build/py_pubsub build --build-base /home/me597/ros2/sim_ws/src/ME597/build/py_pubsub/build install --record /home/me597/ros2/sim_ws/src/ME597/build/py_pubsub/install.log --single-version-externally-managed install_data
