[0.879s] Invoking command in '/home/me597/ros2/sim_ws/build/task_1': PYTHONPATH=/home/me597/ros2/sim_ws/build/task_1/prefix_override:/usr/lib/python3/dist-packages/colcon_core/task/python/colcon_distutils_commands:/home/me597/ros2/sim_ws/install/task_1/lib/python3.10/site-packages:${PYTHONPATH} /usr/bin/python3 -W ignore:setup.py install is deprecated setup.py develop --uninstall --editable --build-directory /home/me597/ros2/sim_ws/build/task_1/build
[1.176s] running develop
[1.194s] /usr/lib/python3/dist-packages/setuptools/command/easy_install.py:158: EasyInstallDeprecationWarning: easy_install command is deprecated. Use build and pip and other standards-based tools.
[1.194s]   warnings.warn(
[1.390s] Removing /home/me597/ros2/sim_ws/install/task_1/lib/python3.10/site-packages/task-1.egg-link (link to .)
[1.433s] Invoked command in '/home/me597/ros2/sim_ws/build/task_1' returned '0': PYTHONPATH=/home/me597/ros2/sim_ws/build/task_1/prefix_override:/usr/lib/python3/dist-packages/colcon_core/task/python/colcon_distutils_commands:/home/me597/ros2/sim_ws/install/task_1/lib/python3.10/site-packages:${PYTHONPATH} /usr/bin/python3 -W ignore:setup.py install is deprecated setup.py develop --uninstall --editable --build-directory /home/me597/ros2/sim_ws/build/task_1/build
[1.438s] Invoking command in '/home/me597/ros2/sim_ws/src/ME597/task_1': PYTHONPATH=/home/me597/ros2/sim_ws/build/task_1/prefix_override:/usr/lib/python3/dist-packages/colcon_core/task/python/colcon_distutils_commands:/home/me597/ros2/sim_ws/install/task_1/lib/python3.10/site-packages:${PYTHONPATH} /usr/bin/python3 -W ignore:setup.py install is deprecated setup.py egg_info --egg-base ../../../build/task_1 build --build-base /home/me597/ros2/sim_ws/build/task_1/build install --record /home/me597/ros2/sim_ws/build/task_1/install.log --single-version-externally-managed install_data --force
[1.746s] running egg_info
[1.746s] writing ../../../build/task_1/task_1.egg-info/PKG-INFO
[1.747s] writing dependency_links to ../../../build/task_1/task_1.egg-info/dependency_links.txt
[1.749s] writing entry points to ../../../build/task_1/task_1.egg-info/entry_points.txt
[1.749s] writing requirements to ../../../build/task_1/task_1.egg-info/requires.txt
[1.749s] writing top-level names to ../../../build/task_1/task_1.egg-info/top_level.txt
[1.754s] reading manifest file '../../../build/task_1/task_1.egg-info/SOURCES.txt'
[1.755s] adding license file 'LICENSE'
[1.755s] writing manifest file '../../../build/task_1/task_1.egg-info/SOURCES.txt'
[1.755s] running build
[1.756s] running build_py
[1.756s] creating /home/me597/ros2/sim_ws/build/task_1/build
[1.756s] creating /home/me597/ros2/sim_ws/build/task_1/build/lib
[1.756s] creating /home/me597/ros2/sim_ws/build/task_1/build/lib/task_1
[1.757s] copying task_1/my_sub.py -> /home/me597/ros2/sim_ws/build/task_1/build/lib/task_1
[1.757s] copying task_1/__init__.py -> /home/me597/ros2/sim_ws/build/task_1/build/lib/task_1
[1.757s] copying task_1/my_pub.py -> /home/me597/ros2/sim_ws/build/task_1/build/lib/task_1
[1.757s] running install
[1.758s] running install_lib
[1.758s] creating /home/me597/ros2/sim_ws/install/task_1/lib/python3.10/site-packages/task_1
[1.758s] copying /home/me597/ros2/sim_ws/build/task_1/build/lib/task_1/my_sub.py -> /home/me597/ros2/sim_ws/install/task_1/lib/python3.10/site-packages/task_1
[1.758s] copying /home/me597/ros2/sim_ws/build/task_1/build/lib/task_1/__init__.py -> /home/me597/ros2/sim_ws/install/task_1/lib/python3.10/site-packages/task_1
[1.758s] copying /home/me597/ros2/sim_ws/build/task_1/build/lib/task_1/my_pub.py -> /home/me597/ros2/sim_ws/install/task_1/lib/python3.10/site-packages/task_1
[1.759s] byte-compiling /home/me597/ros2/sim_ws/install/task_1/lib/python3.10/site-packages/task_1/my_sub.py to my_sub.cpython-310.pyc
[1.759s] byte-compiling /home/me597/ros2/sim_ws/install/task_1/lib/python3.10/site-packages/task_1/__init__.py to __init__.cpython-310.pyc
[1.759s] byte-compiling /home/me597/ros2/sim_ws/install/task_1/lib/python3.10/site-packages/task_1/my_pub.py to my_pub.cpython-310.pyc
[1.760s] running install_data
[1.761s] copying resource/task_1 -> /home/me597/ros2/sim_ws/install/task_1/share/ament_index/resource_index/packages
[1.762s] copying package.xml -> /home/me597/ros2/sim_ws/install/task_1/share/task_1
[1.762s] copying launch/pub_sub_launch.py -> /home/me597/ros2/sim_ws/install/task_1/share/task_1/launch
[1.767s] running install_egg_info
[1.777s] Copying ../../../build/task_1/task_1.egg-info to /home/me597/ros2/sim_ws/install/task_1/lib/python3.10/site-packages/task_1-0.0.0-py3.10.egg-info
[1.777s] running install_scripts
[1.796s] Installing listener script to /home/me597/ros2/sim_ws/install/task_1/lib/task_1
[1.797s] Installing talker script to /home/me597/ros2/sim_ws/install/task_1/lib/task_1
[1.798s] writing list of installed files to '/home/me597/ros2/sim_ws/build/task_1/install.log'
[1.816s] Invoked command in '/home/me597/ros2/sim_ws/src/ME597/task_1' returned '0': PYTHONPATH=/home/me597/ros2/sim_ws/build/task_1/prefix_override:/usr/lib/python3/dist-packages/colcon_core/task/python/colcon_distutils_commands:/home/me597/ros2/sim_ws/install/task_1/lib/python3.10/site-packages:${PYTHONPATH} /usr/bin/python3 -W ignore:setup.py install is deprecated setup.py egg_info --egg-base ../../../build/task_1 build --build-base /home/me597/ros2/sim_ws/build/task_1/build install --record /home/me597/ros2/sim_ws/build/task_1/install.log --single-version-externally-managed install_data --force
