[0.066s] DEBUG:colcon:Command line arguments: ['/usr/bin/colcon', 'build']
[0.066s] DEBUG:colcon:Parsed command line arguments: Namespace(log_base=None, log_level=None, verb_name='build', build_base='build', install_base='install', merge_install=False, symlink_install=False, test_result_base=None, continue_on_error=False, executor='parallel', parallel_workers=2, event_handlers=None, ignore_user_meta=False, metas=['./colcon.meta'], base_paths=['.'], packages_ignore=None, packages_ignore_regex=None, paths=None, packages_up_to=None, packages_up_to_regex=None, packages_above=None, packages_above_and_dependencies=None, packages_above_depth=None, packages_select_by_dep=None, packages_skip_by_dep=None, packages_skip_up_to=None, packages_select_build_failed=False, packages_skip_build_finished=False, packages_select_test_failures=False, packages_skip_test_passed=False, packages_select=None, packages_skip=None, packages_select_regex=None, packages_skip_regex=None, packages_start=None, packages_end=None, allow_overriding=[], cmake_args=None, cmake_target=None, cmake_target_skip_unavailable=False, cmake_clean_cache=False, cmake_clean_first=False, cmake_force_configure=False, ament_cmake_args=None, catkin_cmake_args=None, catkin_skip_building_tests=False, mixin_files=None, mixin=None, verb_parser=<colcon_mixin.mixin.mixin_argument.MixinArgumentDecorator object at 0x7362d14643a0>, verb_extension=<colcon_core.verb.build.BuildVerb object at 0x7362d1574c10>, main=<bound method BuildVerb.main of <colcon_core.verb.build.BuildVerb object at 0x7362d1574c10>>, mixin_verb=('build',))
[0.155s] Level 1:colcon.colcon_core.package_discovery:discover_packages(colcon_meta) check parameters
[0.155s] Level 1:colcon.colcon_core.package_discovery:discover_packages(recursive) check parameters
[0.155s] Level 1:colcon.colcon_core.package_discovery:discover_packages(ignore) check parameters
[0.155s] Level 1:colcon.colcon_core.package_discovery:discover_packages(path) check parameters
[0.155s] Level 1:colcon.colcon_core.package_discovery:discover_packages(colcon_meta) discover
[0.155s] Level 1:colcon.colcon_core.package_discovery:discover_packages(recursive) discover
[0.155s] INFO:colcon.colcon_core.package_discovery:Crawling recursively for packages in '/home/me597/ros2/sim_ws'
[0.155s] Level 1:colcon.colcon_core.package_identification:_identify(.) by extensions ['ignore', 'ignore_ament_install']
[0.155s] Level 1:colcon.colcon_core.package_identification:_identify(.) by extension 'ignore'
[0.155s] Level 1:colcon.colcon_core.package_identification:_identify(.) by extension 'ignore_ament_install'
[0.155s] Level 1:colcon.colcon_core.package_identification:_identify(.) by extensions ['colcon_pkg']
[0.155s] Level 1:colcon.colcon_core.package_identification:_identify(.) by extension 'colcon_pkg'
[0.155s] Level 1:colcon.colcon_core.package_identification:_identify(.) by extensions ['colcon_meta']
[0.155s] Level 1:colcon.colcon_core.package_identification:_identify(.) by extension 'colcon_meta'
[0.155s] Level 1:colcon.colcon_core.package_identification:_identify(.) by extensions ['ros']
[0.155s] Level 1:colcon.colcon_core.package_identification:_identify(.) by extension 'ros'
[0.162s] Level 1:colcon.colcon_core.package_identification:_identify(.) by extensions ['cmake', 'python']
[0.162s] Level 1:colcon.colcon_core.package_identification:_identify(.) by extension 'cmake'
[0.162s] Level 1:colcon.colcon_core.package_identification:_identify(.) by extension 'python'
[0.162s] Level 1:colcon.colcon_core.package_identification:_identify(.) by extensions ['python_setup_py']
[0.162s] Level 1:colcon.colcon_core.package_identification:_identify(.) by extension 'python_setup_py'
[0.162s] Level 1:colcon.colcon_core.package_identification:_identify(build) by extensions ['ignore', 'ignore_ament_install']
[0.162s] Level 1:colcon.colcon_core.package_identification:_identify(build) by extension 'ignore'
[0.162s] Level 1:colcon.colcon_core.package_identification:_identify(build) ignored
[0.162s] Level 1:colcon.colcon_core.package_identification:_identify(install) by extensions ['ignore', 'ignore_ament_install']
[0.162s] Level 1:colcon.colcon_core.package_identification:_identify(install) by extension 'ignore'
[0.162s] Level 1:colcon.colcon_core.package_identification:_identify(install) ignored
[0.162s] Level 1:colcon.colcon_core.package_identification:_identify(log) by extensions ['ignore', 'ignore_ament_install']
[0.162s] Level 1:colcon.colcon_core.package_identification:_identify(log) by extension 'ignore'
[0.163s] Level 1:colcon.colcon_core.package_identification:_identify(log) ignored
[0.163s] Level 1:colcon.colcon_core.package_identification:_identify(src) by extensions ['ignore', 'ignore_ament_install']
[0.163s] Level 1:colcon.colcon_core.package_identification:_identify(src) by extension 'ignore'
[0.163s] Level 1:colcon.colcon_core.package_identification:_identify(src) by extension 'ignore_ament_install'
[0.163s] Level 1:colcon.colcon_core.package_identification:_identify(src) by extensions ['colcon_pkg']
[0.163s] Level 1:colcon.colcon_core.package_identification:_identify(src) by extension 'colcon_pkg'
[0.163s] Level 1:colcon.colcon_core.package_identification:_identify(src) by extensions ['colcon_meta']
[0.163s] Level 1:colcon.colcon_core.package_identification:_identify(src) by extension 'colcon_meta'
[0.163s] Level 1:colcon.colcon_core.package_identification:_identify(src) by extensions ['ros']
[0.163s] Level 1:colcon.colcon_core.package_identification:_identify(src) by extension 'ros'
[0.163s] Level 1:colcon.colcon_core.package_identification:_identify(src) by extensions ['cmake', 'python']
[0.163s] Level 1:colcon.colcon_core.package_identification:_identify(src) by extension 'cmake'
[0.163s] Level 1:colcon.colcon_core.package_identification:_identify(src) by extension 'python'
[0.163s] Level 1:colcon.colcon_core.package_identification:_identify(src) by extensions ['python_setup_py']
[0.163s] Level 1:colcon.colcon_core.package_identification:_identify(src) by extension 'python_setup_py'
[0.163s] Level 1:colcon.colcon_core.package_identification:_identify(src/ME597) by extensions ['ignore', 'ignore_ament_install']
[0.163s] Level 1:colcon.colcon_core.package_identification:_identify(src/ME597) by extension 'ignore'
[0.163s] Level 1:colcon.colcon_core.package_identification:_identify(src/ME597) by extension 'ignore_ament_install'
[0.163s] Level 1:colcon.colcon_core.package_identification:_identify(src/ME597) by extensions ['colcon_pkg']
[0.163s] Level 1:colcon.colcon_core.package_identification:_identify(src/ME597) by extension 'colcon_pkg'
[0.163s] Level 1:colcon.colcon_core.package_identification:_identify(src/ME597) by extensions ['colcon_meta']
[0.163s] Level 1:colcon.colcon_core.package_identification:_identify(src/ME597) by extension 'colcon_meta'
[0.163s] Level 1:colcon.colcon_core.package_identification:_identify(src/ME597) by extensions ['ros']
[0.163s] Level 1:colcon.colcon_core.package_identification:_identify(src/ME597) by extension 'ros'
[0.164s] Level 1:colcon.colcon_core.package_identification:_identify(src/ME597) by extensions ['cmake', 'python']
[0.164s] Level 1:colcon.colcon_core.package_identification:_identify(src/ME597) by extension 'cmake'
[0.164s] Level 1:colcon.colcon_core.package_identification:_identify(src/ME597) by extension 'python'
[0.164s] Level 1:colcon.colcon_core.package_identification:_identify(src/ME597) by extensions ['python_setup_py']
[0.164s] Level 1:colcon.colcon_core.package_identification:_identify(src/ME597) by extension 'python_setup_py'
[0.164s] Level 1:colcon.colcon_core.package_identification:_identify(src/ME597/bag_files) by extensions ['ignore', 'ignore_ament_install']
[0.164s] Level 1:colcon.colcon_core.package_identification:_identify(src/ME597/bag_files) by extension 'ignore'
[0.164s] Level 1:colcon.colcon_core.package_identification:_identify(src/ME597/bag_files) by extension 'ignore_ament_install'
[0.164s] Level 1:colcon.colcon_core.package_identification:_identify(src/ME597/bag_files) by extensions ['colcon_pkg']
[0.164s] Level 1:colcon.colcon_core.package_identification:_identify(src/ME597/bag_files) by extension 'colcon_pkg'
[0.164s] Level 1:colcon.colcon_core.package_identification:_identify(src/ME597/bag_files) by extensions ['colcon_meta']
[0.164s] Level 1:colcon.colcon_core.package_identification:_identify(src/ME597/bag_files) by extension 'colcon_meta'
[0.164s] Level 1:colcon.colcon_core.package_identification:_identify(src/ME597/bag_files) by extensions ['ros']
[0.164s] Level 1:colcon.colcon_core.package_identification:_identify(src/ME597/bag_files) by extension 'ros'
[0.164s] Level 1:colcon.colcon_core.package_identification:_identify(src/ME597/bag_files) by extensions ['cmake', 'python']
[0.164s] Level 1:colcon.colcon_core.package_identification:_identify(src/ME597/bag_files) by extension 'cmake'
[0.164s] Level 1:colcon.colcon_core.package_identification:_identify(src/ME597/bag_files) by extension 'python'
[0.164s] Level 1:colcon.colcon_core.package_identification:_identify(src/ME597/bag_files) by extensions ['python_setup_py']
[0.164s] Level 1:colcon.colcon_core.package_identification:_identify(src/ME597/bag_files) by extension 'python_setup_py'
[0.164s] Level 1:colcon.colcon_core.package_identification:_identify(src/ME597/bag_files/task_1) by extensions ['ignore', 'ignore_ament_install']
[0.164s] Level 1:colcon.colcon_core.package_identification:_identify(src/ME597/bag_files/task_1) by extension 'ignore'
[0.164s] Level 1:colcon.colcon_core.package_identification:_identify(src/ME597/bag_files/task_1) by extension 'ignore_ament_install'
[0.164s] Level 1:colcon.colcon_core.package_identification:_identify(src/ME597/bag_files/task_1) by extensions ['colcon_pkg']
[0.164s] Level 1:colcon.colcon_core.package_identification:_identify(src/ME597/bag_files/task_1) by extension 'colcon_pkg'
[0.164s] Level 1:colcon.colcon_core.package_identification:_identify(src/ME597/bag_files/task_1) by extensions ['colcon_meta']
[0.164s] Level 1:colcon.colcon_core.package_identification:_identify(src/ME597/bag_files/task_1) by extension 'colcon_meta'
[0.164s] Level 1:colcon.colcon_core.package_identification:_identify(src/ME597/bag_files/task_1) by extensions ['ros']
[0.164s] Level 1:colcon.colcon_core.package_identification:_identify(src/ME597/bag_files/task_1) by extension 'ros'
[0.164s] Level 1:colcon.colcon_core.package_identification:_identify(src/ME597/bag_files/task_1) by extensions ['cmake', 'python']
[0.164s] Level 1:colcon.colcon_core.package_identification:_identify(src/ME597/bag_files/task_1) by extension 'cmake'
[0.165s] Level 1:colcon.colcon_core.package_identification:_identify(src/ME597/bag_files/task_1) by extension 'python'
[0.165s] Level 1:colcon.colcon_core.package_identification:_identify(src/ME597/bag_files/task_1) by extensions ['python_setup_py']
[0.165s] Level 1:colcon.colcon_core.package_identification:_identify(src/ME597/bag_files/task_1) by extension 'python_setup_py'
[0.165s] Level 1:colcon.colcon_core.package_identification:_identify(src/ME597/my_package) by extensions ['ignore', 'ignore_ament_install']
[0.165s] Level 1:colcon.colcon_core.package_identification:_identify(src/ME597/my_package) by extension 'ignore'
[0.165s] Level 1:colcon.colcon_core.package_identification:_identify(src/ME597/my_package) by extension 'ignore_ament_install'
[0.165s] Level 1:colcon.colcon_core.package_identification:_identify(src/ME597/my_package) by extensions ['colcon_pkg']
[0.165s] Level 1:colcon.colcon_core.package_identification:_identify(src/ME597/my_package) by extension 'colcon_pkg'
[0.165s] Level 1:colcon.colcon_core.package_identification:_identify(src/ME597/my_package) by extensions ['colcon_meta']
[0.165s] Level 1:colcon.colcon_core.package_identification:_identify(src/ME597/my_package) by extension 'colcon_meta'
[0.165s] Level 1:colcon.colcon_core.package_identification:_identify(src/ME597/my_package) by extensions ['ros']
[0.165s] Level 1:colcon.colcon_core.package_identification:_identify(src/ME597/my_package) by extension 'ros'
[0.166s] DEBUG:colcon.colcon_core.package_identification:Package 'src/ME597/my_package' with type 'ros.ament_python' and name 'my_package'
[0.166s] Level 1:colcon.colcon_core.package_identification:_identify(src/ME597/py_pubsub) by extensions ['ignore', 'ignore_ament_install']
[0.166s] Level 1:colcon.colcon_core.package_identification:_identify(src/ME597/py_pubsub) by extension 'ignore'
[0.166s] Level 1:colcon.colcon_core.package_identification:_identify(src/ME597/py_pubsub) by extension 'ignore_ament_install'
[0.166s] Level 1:colcon.colcon_core.package_identification:_identify(src/ME597/py_pubsub) by extensions ['colcon_pkg']
[0.166s] Level 1:colcon.colcon_core.package_identification:_identify(src/ME597/py_pubsub) by extension 'colcon_pkg'
[0.166s] Level 1:colcon.colcon_core.package_identification:_identify(src/ME597/py_pubsub) by extensions ['colcon_meta']
[0.166s] Level 1:colcon.colcon_core.package_identification:_identify(src/ME597/py_pubsub) by extension 'colcon_meta'
[0.166s] Level 1:colcon.colcon_core.package_identification:_identify(src/ME597/py_pubsub) by extensions ['ros']
[0.166s] Level 1:colcon.colcon_core.package_identification:_identify(src/ME597/py_pubsub) by extension 'ros'
[0.167s] DEBUG:colcon.colcon_core.package_identification:Package 'src/ME597/py_pubsub' with type 'ros.ament_python' and name 'py_pubsub'
[0.167s] Level 1:colcon.colcon_core.package_identification:_identify(src/ME597/task_1) by extensions ['ignore', 'ignore_ament_install']
[0.167s] Level 1:colcon.colcon_core.package_identification:_identify(src/ME597/task_1) by extension 'ignore'
[0.167s] Level 1:colcon.colcon_core.package_identification:_identify(src/ME597/task_1) by extension 'ignore_ament_install'
[0.167s] Level 1:colcon.colcon_core.package_identification:_identify(src/ME597/task_1) by extensions ['colcon_pkg']
[0.167s] Level 1:colcon.colcon_core.package_identification:_identify(src/ME597/task_1) by extension 'colcon_pkg'
[0.167s] Level 1:colcon.colcon_core.package_identification:_identify(src/ME597/task_1) by extensions ['colcon_meta']
[0.167s] Level 1:colcon.colcon_core.package_identification:_identify(src/ME597/task_1) by extension 'colcon_meta'
[0.167s] Level 1:colcon.colcon_core.package_identification:_identify(src/ME597/task_1) by extensions ['ros']
[0.167s] Level 1:colcon.colcon_core.package_identification:_identify(src/ME597/task_1) by extension 'ros'
[0.167s] DEBUG:colcon.colcon_core.package_identification:Package 'src/ME597/task_1' with type 'ros.ament_python' and name 'task_1'
[0.167s] Level 1:colcon.colcon_core.package_identification:_identify(src/ME597/task_2) by extensions ['ignore', 'ignore_ament_install']
[0.167s] Level 1:colcon.colcon_core.package_identification:_identify(src/ME597/task_2) by extension 'ignore'
[0.168s] Level 1:colcon.colcon_core.package_identification:_identify(src/ME597/task_2) by extension 'ignore_ament_install'
[0.168s] Level 1:colcon.colcon_core.package_identification:_identify(src/ME597/task_2) by extensions ['colcon_pkg']
[0.168s] Level 1:colcon.colcon_core.package_identification:_identify(src/ME597/task_2) by extension 'colcon_pkg'
[0.168s] Level 1:colcon.colcon_core.package_identification:_identify(src/ME597/task_2) by extensions ['colcon_meta']
[0.168s] Level 1:colcon.colcon_core.package_identification:_identify(src/ME597/task_2) by extension 'colcon_meta'
[0.168s] Level 1:colcon.colcon_core.package_identification:_identify(src/ME597/task_2) by extensions ['ros']
[0.168s] Level 1:colcon.colcon_core.package_identification:_identify(src/ME597/task_2) by extension 'ros'
[0.168s] DEBUG:colcon.colcon_core.package_identification:Package 'src/ME597/task_2' with type 'ros.ament_python' and name 'task_2'
[0.168s] Level 1:colcon.colcon_core.package_identification:_identify(src/ME597/task_2_interfaces) by extensions ['ignore', 'ignore_ament_install']
[0.168s] Level 1:colcon.colcon_core.package_identification:_identify(src/ME597/task_2_interfaces) by extension 'ignore'
[0.168s] Level 1:colcon.colcon_core.package_identification:_identify(src/ME597/task_2_interfaces) by extension 'ignore_ament_install'
[0.168s] Level 1:colcon.colcon_core.package_identification:_identify(src/ME597/task_2_interfaces) by extensions ['colcon_pkg']
[0.168s] Level 1:colcon.colcon_core.package_identification:_identify(src/ME597/task_2_interfaces) by extension 'colcon_pkg'
[0.168s] Level 1:colcon.colcon_core.package_identification:_identify(src/ME597/task_2_interfaces) by extensions ['colcon_meta']
[0.168s] Level 1:colcon.colcon_core.package_identification:_identify(src/ME597/task_2_interfaces) by extension 'colcon_meta'
[0.168s] Level 1:colcon.colcon_core.package_identification:_identify(src/ME597/task_2_interfaces) by extensions ['ros']
[0.168s] Level 1:colcon.colcon_core.package_identification:_identify(src/ME597/task_2_interfaces) by extension 'ros'
[0.169s] DEBUG:colcon.colcon_core.package_identification:Package 'src/ME597/task_2_interfaces' with type 'ros.ament_cmake' and name 'task_2_interfaces'
[0.169s] Level 1:colcon.colcon_core.package_identification:_identify(src/sim_utils) by extensions ['ignore', 'ignore_ament_install']
[0.169s] Level 1:colcon.colcon_core.package_identification:_identify(src/sim_utils) by extension 'ignore'
[0.169s] Level 1:colcon.colcon_core.package_identification:_identify(src/sim_utils) by extension 'ignore_ament_install'
[0.169s] Level 1:colcon.colcon_core.package_identification:_identify(src/sim_utils) by extensions ['colcon_pkg']
[0.169s] Level 1:colcon.colcon_core.package_identification:_identify(src/sim_utils) by extension 'colcon_pkg'
[0.169s] Level 1:colcon.colcon_core.package_identification:_identify(src/sim_utils) by extensions ['colcon_meta']
[0.169s] Level 1:colcon.colcon_core.package_identification:_identify(src/sim_utils) by extension 'colcon_meta'
[0.169s] Level 1:colcon.colcon_core.package_identification:_identify(src/sim_utils) by extensions ['ros']
[0.169s] Level 1:colcon.colcon_core.package_identification:_identify(src/sim_utils) by extension 'ros'
[0.169s] DEBUG:colcon.colcon_core.package_identification:Package 'src/sim_utils' with type 'ros.ament_python' and name 'sim_utils'
[0.169s] Level 1:colcon.colcon_core.package_identification:_identify(src/turtlebot3_gazebo) by extensions ['ignore', 'ignore_ament_install']
[0.169s] Level 1:colcon.colcon_core.package_identification:_identify(src/turtlebot3_gazebo) by extension 'ignore'
[0.169s] Level 1:colcon.colcon_core.package_identification:_identify(src/turtlebot3_gazebo) by extension 'ignore_ament_install'
[0.169s] Level 1:colcon.colcon_core.package_identification:_identify(src/turtlebot3_gazebo) by extensions ['colcon_pkg']
[0.169s] Level 1:colcon.colcon_core.package_identification:_identify(src/turtlebot3_gazebo) by extension 'colcon_pkg'
[0.169s] Level 1:colcon.colcon_core.package_identification:_identify(src/turtlebot3_gazebo) by extensions ['colcon_meta']
[0.170s] Level 1:colcon.colcon_core.package_identification:_identify(src/turtlebot3_gazebo) by extension 'colcon_meta'
[0.170s] Level 1:colcon.colcon_core.package_identification:_identify(src/turtlebot3_gazebo) by extensions ['ros']
[0.170s] Level 1:colcon.colcon_core.package_identification:_identify(src/turtlebot3_gazebo) by extension 'ros'
[0.170s] DEBUG:colcon.colcon_core.package_identification:Package 'src/turtlebot3_gazebo' with type 'ros.ament_cmake' and name 'turtlebot3_gazebo'
[0.170s] Level 1:colcon.colcon_core.package_discovery:discover_packages(recursive) using defaults
[0.170s] Level 1:colcon.colcon_core.package_discovery:discover_packages(ignore) discover
[0.170s] Level 1:colcon.colcon_core.package_discovery:discover_packages(ignore) using defaults
[0.170s] Level 1:colcon.colcon_core.package_discovery:discover_packages(path) discover
[0.170s] Level 1:colcon.colcon_core.package_discovery:discover_packages(path) using defaults
[0.183s] Level 1:colcon.colcon_core.package_discovery:discover_packages(prefix_path) check parameters
[0.183s] Level 1:colcon.colcon_core.package_discovery:discover_packages(prefix_path) discover
[0.190s] DEBUG:colcon.colcon_installed_package_information.package_discovery:Found 321 installed packages in /opt/ros/humble
[0.191s] Level 1:colcon.colcon_core.package_discovery:discover_packages(prefix_path) using defaults
[0.213s] Level 5:colcon.colcon_core.verb:set package 'my_package' build argument 'cmake_args' from command line to 'None'
[0.213s] Level 5:colcon.colcon_core.verb:set package 'my_package' build argument 'cmake_target' from command line to 'None'
[0.213s] Level 5:colcon.colcon_core.verb:set package 'my_package' build argument 'cmake_target_skip_unavailable' from command line to 'False'
[0.213s] Level 5:colcon.colcon_core.verb:set package 'my_package' build argument 'cmake_clean_cache' from command line to 'False'
[0.213s] Level 5:colcon.colcon_core.verb:set package 'my_package' build argument 'cmake_clean_first' from command line to 'False'
[0.213s] Level 5:colcon.colcon_core.verb:set package 'my_package' build argument 'cmake_force_configure' from command line to 'False'
[0.213s] Level 5:colcon.colcon_core.verb:set package 'my_package' build argument 'ament_cmake_args' from command line to 'None'
[0.213s] Level 5:colcon.colcon_core.verb:set package 'my_package' build argument 'catkin_cmake_args' from command line to 'None'
[0.213s] Level 5:colcon.colcon_core.verb:set package 'my_package' build argument 'catkin_skip_building_tests' from command line to 'False'
[0.213s] DEBUG:colcon.colcon_core.verb:Building package 'my_package' with the following arguments: {'ament_cmake_args': None, 'build_base': '/home/me597/ros2/sim_ws/build/my_package', 'catkin_cmake_args': None, 'catkin_skip_building_tests': False, 'cmake_args': None, 'cmake_clean_cache': False, 'cmake_clean_first': False, 'cmake_force_configure': False, 'cmake_target': None, 'cmake_target_skip_unavailable': False, 'install_base': '/home/me597/ros2/sim_ws/install/my_package', 'merge_install': False, 'path': '/home/me597/ros2/sim_ws/src/ME597/my_package', 'symlink_install': False, 'test_result_base': None}
[0.213s] Level 5:colcon.colcon_core.verb:set package 'py_pubsub' build argument 'cmake_args' from command line to 'None'
[0.213s] Level 5:colcon.colcon_core.verb:set package 'py_pubsub' build argument 'cmake_target' from command line to 'None'
[0.213s] Level 5:colcon.colcon_core.verb:set package 'py_pubsub' build argument 'cmake_target_skip_unavailable' from command line to 'False'
[0.214s] Level 5:colcon.colcon_core.verb:set package 'py_pubsub' build argument 'cmake_clean_cache' from command line to 'False'
[0.214s] Level 5:colcon.colcon_core.verb:set package 'py_pubsub' build argument 'cmake_clean_first' from command line to 'False'
[0.214s] Level 5:colcon.colcon_core.verb:set package 'py_pubsub' build argument 'cmake_force_configure' from command line to 'False'
[0.214s] Level 5:colcon.colcon_core.verb:set package 'py_pubsub' build argument 'ament_cmake_args' from command line to 'None'
[0.214s] Level 5:colcon.colcon_core.verb:set package 'py_pubsub' build argument 'catkin_cmake_args' from command line to 'None'
[0.214s] Level 5:colcon.colcon_core.verb:set package 'py_pubsub' build argument 'catkin_skip_building_tests' from command line to 'False'
[0.214s] DEBUG:colcon.colcon_core.verb:Building package 'py_pubsub' with the following arguments: {'ament_cmake_args': None, 'build_base': '/home/me597/ros2/sim_ws/build/py_pubsub', 'catkin_cmake_args': None, 'catkin_skip_building_tests': False, 'cmake_args': None, 'cmake_clean_cache': False, 'cmake_clean_first': False, 'cmake_force_configure': False, 'cmake_target': None, 'cmake_target_skip_unavailable': False, 'install_base': '/home/me597/ros2/sim_ws/install/py_pubsub', 'merge_install': False, 'path': '/home/me597/ros2/sim_ws/src/ME597/py_pubsub', 'symlink_install': False, 'test_result_base': None}
[0.214s] Level 5:colcon.colcon_core.verb:set package 'sim_utils' build argument 'cmake_args' from command line to 'None'
[0.214s] Level 5:colcon.colcon_core.verb:set package 'sim_utils' build argument 'cmake_target' from command line to 'None'
[0.214s] Level 5:colcon.colcon_core.verb:set package 'sim_utils' build argument 'cmake_target_skip_unavailable' from command line to 'False'
[0.214s] Level 5:colcon.colcon_core.verb:set package 'sim_utils' build argument 'cmake_clean_cache' from command line to 'False'
[0.214s] Level 5:colcon.colcon_core.verb:set package 'sim_utils' build argument 'cmake_clean_first' from command line to 'False'
[0.214s] Level 5:colcon.colcon_core.verb:set package 'sim_utils' build argument 'cmake_force_configure' from command line to 'False'
[0.214s] Level 5:colcon.colcon_core.verb:set package 'sim_utils' build argument 'ament_cmake_args' from command line to 'None'
[0.214s] Level 5:colcon.colcon_core.verb:set package 'sim_utils' build argument 'catkin_cmake_args' from command line to 'None'
[0.214s] Level 5:colcon.colcon_core.verb:set package 'sim_utils' build argument 'catkin_skip_building_tests' from command line to 'False'
[0.214s] DEBUG:colcon.colcon_core.verb:Building package 'sim_utils' with the following arguments: {'ament_cmake_args': None, 'build_base': '/home/me597/ros2/sim_ws/build/sim_utils', 'catkin_cmake_args': None, 'catkin_skip_building_tests': False, 'cmake_args': None, 'cmake_clean_cache': False, 'cmake_clean_first': False, 'cmake_force_configure': False, 'cmake_target': None, 'cmake_target_skip_unavailable': False, 'install_base': '/home/me597/ros2/sim_ws/install/sim_utils', 'merge_install': False, 'path': '/home/me597/ros2/sim_ws/src/sim_utils', 'symlink_install': False, 'test_result_base': None}
[0.214s] Level 5:colcon.colcon_core.verb:set package 'task_1' build argument 'cmake_args' from command line to 'None'
[0.214s] Level 5:colcon.colcon_core.verb:set package 'task_1' build argument 'cmake_target' from command line to 'None'
[0.214s] Level 5:colcon.colcon_core.verb:set package 'task_1' build argument 'cmake_target_skip_unavailable' from command line to 'False'
[0.214s] Level 5:colcon.colcon_core.verb:set package 'task_1' build argument 'cmake_clean_cache' from command line to 'False'
[0.214s] Level 5:colcon.colcon_core.verb:set package 'task_1' build argument 'cmake_clean_first' from command line to 'False'
[0.214s] Level 5:colcon.colcon_core.verb:set package 'task_1' build argument 'cmake_force_configure' from command line to 'False'
[0.214s] Level 5:colcon.colcon_core.verb:set package 'task_1' build argument 'ament_cmake_args' from command line to 'None'
[0.214s] Level 5:colcon.colcon_core.verb:set package 'task_1' build argument 'catkin_cmake_args' from command line to 'None'
[0.214s] Level 5:colcon.colcon_core.verb:set package 'task_1' build argument 'catkin_skip_building_tests' from command line to 'False'
[0.214s] DEBUG:colcon.colcon_core.verb:Building package 'task_1' with the following arguments: {'ament_cmake_args': None, 'build_base': '/home/me597/ros2/sim_ws/build/task_1', 'catkin_cmake_args': None, 'catkin_skip_building_tests': False, 'cmake_args': None, 'cmake_clean_cache': False, 'cmake_clean_first': False, 'cmake_force_configure': False, 'cmake_target': None, 'cmake_target_skip_unavailable': False, 'install_base': '/home/me597/ros2/sim_ws/install/task_1', 'merge_install': False, 'path': '/home/me597/ros2/sim_ws/src/ME597/task_1', 'symlink_install': False, 'test_result_base': None}
[0.214s] Level 5:colcon.colcon_core.verb:set package 'task_2_interfaces' build argument 'cmake_args' from command line to 'None'
[0.214s] Level 5:colcon.colcon_core.verb:set package 'task_2_interfaces' build argument 'cmake_target' from command line to 'None'
[0.214s] Level 5:colcon.colcon_core.verb:set package 'task_2_interfaces' build argument 'cmake_target_skip_unavailable' from command line to 'False'
[0.214s] Level 5:colcon.colcon_core.verb:set package 'task_2_interfaces' build argument 'cmake_clean_cache' from command line to 'False'
[0.214s] Level 5:colcon.colcon_core.verb:set package 'task_2_interfaces' build argument 'cmake_clean_first' from command line to 'False'
[0.214s] Level 5:colcon.colcon_core.verb:set package 'task_2_interfaces' build argument 'cmake_force_configure' from command line to 'False'
[0.215s] Level 5:colcon.colcon_core.verb:set package 'task_2_interfaces' build argument 'ament_cmake_args' from command line to 'None'
[0.215s] Level 5:colcon.colcon_core.verb:set package 'task_2_interfaces' build argument 'catkin_cmake_args' from command line to 'None'
[0.215s] Level 5:colcon.colcon_core.verb:set package 'task_2_interfaces' build argument 'catkin_skip_building_tests' from command line to 'False'
[0.215s] DEBUG:colcon.colcon_core.verb:Building package 'task_2_interfaces' with the following arguments: {'ament_cmake_args': None, 'build_base': '/home/me597/ros2/sim_ws/build/task_2_interfaces', 'catkin_cmake_args': None, 'catkin_skip_building_tests': False, 'cmake_args': None, 'cmake_clean_cache': False, 'cmake_clean_first': False, 'cmake_force_configure': False, 'cmake_target': None, 'cmake_target_skip_unavailable': False, 'install_base': '/home/me597/ros2/sim_ws/install/task_2_interfaces', 'merge_install': False, 'path': '/home/me597/ros2/sim_ws/src/ME597/task_2_interfaces', 'symlink_install': False, 'test_result_base': None}
[0.215s] Level 5:colcon.colcon_core.verb:set package 'turtlebot3_gazebo' build argument 'cmake_args' from command line to 'None'
[0.215s] Level 5:colcon.colcon_core.verb:set package 'turtlebot3_gazebo' build argument 'cmake_target' from command line to 'None'
[0.215s] Level 5:colcon.colcon_core.verb:set package 'turtlebot3_gazebo' build argument 'cmake_target_skip_unavailable' from command line to 'False'
[0.215s] Level 5:colcon.colcon_core.verb:set package 'turtlebot3_gazebo' build argument 'cmake_clean_cache' from command line to 'False'
[0.215s] Level 5:colcon.colcon_core.verb:set package 'turtlebot3_gazebo' build argument 'cmake_clean_first' from command line to 'False'
[0.215s] Level 5:colcon.colcon_core.verb:set package 'turtlebot3_gazebo' build argument 'cmake_force_configure' from command line to 'False'
[0.215s] Level 5:colcon.colcon_core.verb:set package 'turtlebot3_gazebo' build argument 'ament_cmake_args' from command line to 'None'
[0.215s] Level 5:colcon.colcon_core.verb:set package 'turtlebot3_gazebo' build argument 'catkin_cmake_args' from command line to 'None'
[0.215s] Level 5:colcon.colcon_core.verb:set package 'turtlebot3_gazebo' build argument 'catkin_skip_building_tests' from command line to 'False'
[0.215s] DEBUG:colcon.colcon_core.verb:Building package 'turtlebot3_gazebo' with the following arguments: {'ament_cmake_args': None, 'build_base': '/home/me597/ros2/sim_ws/build/turtlebot3_gazebo', 'catkin_cmake_args': None, 'catkin_skip_building_tests': False, 'cmake_args': None, 'cmake_clean_cache': False, 'cmake_clean_first': False, 'cmake_force_configure': False, 'cmake_target': None, 'cmake_target_skip_unavailable': False, 'install_base': '/home/me597/ros2/sim_ws/install/turtlebot3_gazebo', 'merge_install': False, 'path': '/home/me597/ros2/sim_ws/src/turtlebot3_gazebo', 'symlink_install': False, 'test_result_base': None}
[0.215s] Level 5:colcon.colcon_core.verb:set package 'task_2' build argument 'cmake_args' from command line to 'None'
[0.215s] Level 5:colcon.colcon_core.verb:set package 'task_2' build argument 'cmake_target' from command line to 'None'
[0.215s] Level 5:colcon.colcon_core.verb:set package 'task_2' build argument 'cmake_target_skip_unavailable' from command line to 'False'
[0.215s] Level 5:colcon.colcon_core.verb:set package 'task_2' build argument 'cmake_clean_cache' from command line to 'False'
[0.215s] Level 5:colcon.colcon_core.verb:set package 'task_2' build argument 'cmake_clean_first' from command line to 'False'
[0.215s] Level 5:colcon.colcon_core.verb:set package 'task_2' build argument 'cmake_force_configure' from command line to 'False'
[0.215s] Level 5:colcon.colcon_core.verb:set package 'task_2' build argument 'ament_cmake_args' from command line to 'None'
[0.215s] Level 5:colcon.colcon_core.verb:set package 'task_2' build argument 'catkin_cmake_args' from command line to 'None'
[0.215s] Level 5:colcon.colcon_core.verb:set package 'task_2' build argument 'catkin_skip_building_tests' from command line to 'False'
[0.215s] DEBUG:colcon.colcon_core.verb:Building package 'task_2' with the following arguments: {'ament_cmake_args': None, 'build_base': '/home/me597/ros2/sim_ws/build/task_2', 'catkin_cmake_args': None, 'catkin_skip_building_tests': False, 'cmake_args': None, 'cmake_clean_cache': False, 'cmake_clean_first': False, 'cmake_force_configure': False, 'cmake_target': None, 'cmake_target_skip_unavailable': False, 'install_base': '/home/me597/ros2/sim_ws/install/task_2', 'merge_install': False, 'path': '/home/me597/ros2/sim_ws/src/ME597/task_2', 'symlink_install': False, 'test_result_base': None}
[0.215s] INFO:colcon.colcon_core.executor:Executing jobs using 'parallel' executor
[0.216s] DEBUG:colcon.colcon_parallel_executor.executor.parallel:run_until_complete
[0.216s] INFO:colcon.colcon_ros.task.ament_cmake.build:Building ROS package in '/home/me597/ros2/sim_ws/src/ME597/task_2_interfaces' with build type 'ament_cmake'
[0.216s] INFO:colcon.colcon_cmake.task.cmake.build:Building CMake package in '/home/me597/ros2/sim_ws/src/ME597/task_2_interfaces'
[0.218s] INFO:colcon.colcon_core.plugin_system:Skipping extension 'colcon_core.shell.bat': Not used on non-Windows systems
[0.218s] INFO:colcon.colcon_core.shell:Skip shell extension 'powershell' for command environment: Not usable outside of PowerShell
[0.218s] DEBUG:colcon.colcon_core.shell:Skip shell extension 'dsv' for command environment
[0.221s] INFO:colcon.colcon_ros.task.ament_python.build:Building ROS package in '/home/me597/ros2/sim_ws/src/ME597/my_package' with build type 'ament_python'
[0.221s] Level 1:colcon.colcon_core.shell:create_environment_hook('my_package', 'ament_prefix_path')
[0.221s] INFO:colcon.colcon_core.shell:Creating environment hook '/home/me597/ros2/sim_ws/install/my_package/share/my_package/hook/ament_prefix_path.ps1'
[0.221s] INFO:colcon.colcon_core.shell:Creating environment descriptor '/home/me597/ros2/sim_ws/install/my_package/share/my_package/hook/ament_prefix_path.dsv'
[0.221s] INFO:colcon.colcon_core.shell:Creating environment hook '/home/me597/ros2/sim_ws/install/my_package/share/my_package/hook/ament_prefix_path.sh'
[0.222s] INFO:colcon.colcon_core.shell:Skip shell extension 'powershell' for command environment: Not usable outside of PowerShell
[0.222s] DEBUG:colcon.colcon_core.shell:Skip shell extension 'dsv' for command environment
[0.237s] DEBUG:colcon.colcon_core.event_handler.log_command:Invoking command in '/home/me597/ros2/sim_ws/build/task_2_interfaces': CMAKE_PREFIX_PATH=/opt/ros/humble /usr/bin/cmake /home/me597/ros2/sim_ws/src/ME597/task_2_interfaces -DCMAKE_INSTALL_PREFIX=/home/me597/ros2/sim_ws/install/task_2_interfaces
[0.535s] INFO:colcon.colcon_core.task.python.build:Building Python package in '/home/me597/ros2/sim_ws/src/ME597/my_package'
[0.535s] INFO:colcon.colcon_core.shell:Skip shell extension 'powershell' for command environment: Not usable outside of PowerShell
[0.535s] DEBUG:colcon.colcon_core.shell:Skip shell extension 'dsv' for command environment
[0.949s] DEBUG:colcon.colcon_core.event_handler.log_command:Invoking command in '/home/me597/ros2/sim_ws/src/ME597/my_package': PYTHONPATH=/home/me597/ros2/sim_ws/build/my_package/prefix_override:/usr/lib/python3/dist-packages/colcon_core/task/python/colcon_distutils_commands:/home/me597/ros2/sim_ws/install/my_package/lib/python3.10/site-packages:${PYTHONPATH} /usr/bin/python3 -W ignore:setup.py install is deprecated setup.py egg_info --egg-base ../../../build/my_package build --build-base /home/me597/ros2/sim_ws/build/my_package/build install --record /home/me597/ros2/sim_ws/build/my_package/install.log --single-version-externally-managed install_data
[1.276s] DEBUG:colcon.colcon_core.event_handler.log_command:Invoked command in '/home/me597/ros2/sim_ws/src/ME597/my_package' returned '0': PYTHONPATH=/home/me597/ros2/sim_ws/build/my_package/prefix_override:/usr/lib/python3/dist-packages/colcon_core/task/python/colcon_distutils_commands:/home/me597/ros2/sim_ws/install/my_package/lib/python3.10/site-packages:${PYTHONPATH} /usr/bin/python3 -W ignore:setup.py install is deprecated setup.py egg_info --egg-base ../../../build/my_package build --build-base /home/me597/ros2/sim_ws/build/my_package/build install --record /home/me597/ros2/sim_ws/build/my_package/install.log --single-version-externally-managed install_data
[1.278s] Level 1:colcon.colcon_core.environment:checking '/home/me597/ros2/sim_ws/install/my_package' for CMake module files
[1.302s] Level 1:colcon.colcon_core.environment:checking '/home/me597/ros2/sim_ws/install/my_package' for CMake config files
[1.302s] Level 1:colcon.colcon_core.environment:checking '/home/me597/ros2/sim_ws/install/my_package/lib'
[1.302s] Level 1:colcon.colcon_core.environment:checking '/home/me597/ros2/sim_ws/install/my_package/bin'
[1.303s] Level 1:colcon.colcon_core.environment:checking '/home/me597/ros2/sim_ws/install/my_package/lib/pkgconfig/my_package.pc'
[1.303s] Level 1:colcon.colcon_core.environment:checking '/home/me597/ros2/sim_ws/install/my_package/lib/python3.10/site-packages'
[1.303s] Level 1:colcon.colcon_core.shell:create_environment_hook('my_package', 'pythonpath')
[1.303s] INFO:colcon.colcon_core.shell:Creating environment hook '/home/me597/ros2/sim_ws/install/my_package/share/my_package/hook/pythonpath.ps1'
[1.303s] INFO:colcon.colcon_core.shell:Creating environment descriptor '/home/me597/ros2/sim_ws/install/my_package/share/my_package/hook/pythonpath.dsv'
[1.303s] INFO:colcon.colcon_core.shell:Creating environment hook '/home/me597/ros2/sim_ws/install/my_package/share/my_package/hook/pythonpath.sh'
[1.304s] Level 1:colcon.colcon_core.environment:checking '/home/me597/ros2/sim_ws/install/my_package/bin'
[1.304s] Level 1:colcon.colcon_core.environment:create_environment_scripts_only(my_package)
[1.305s] INFO:colcon.colcon_core.shell:Creating package script '/home/me597/ros2/sim_ws/install/my_package/share/my_package/package.ps1'
[1.305s] INFO:colcon.colcon_core.shell:Creating package descriptor '/home/me597/ros2/sim_ws/install/my_package/share/my_package/package.dsv'
[1.305s] INFO:colcon.colcon_core.shell:Creating package script '/home/me597/ros2/sim_ws/install/my_package/share/my_package/package.sh'
[1.306s] INFO:colcon.colcon_core.shell:Creating package script '/home/me597/ros2/sim_ws/install/my_package/share/my_package/package.bash'
[1.306s] INFO:colcon.colcon_core.shell:Creating package script '/home/me597/ros2/sim_ws/install/my_package/share/my_package/package.zsh'
[1.306s] Level 1:colcon.colcon_core.environment:create_file_with_runtime_dependencies(/home/me597/ros2/sim_ws/install/my_package/share/colcon-core/packages/my_package)
[1.307s] INFO:colcon.colcon_ros.task.ament_python.build:Building ROS package in '/home/me597/ros2/sim_ws/src/ME597/py_pubsub' with build type 'ament_python'
[1.307s] Level 1:colcon.colcon_core.shell:create_environment_hook('py_pubsub', 'ament_prefix_path')
[1.307s] INFO:colcon.colcon_core.shell:Creating environment hook '/home/me597/ros2/sim_ws/install/py_pubsub/share/py_pubsub/hook/ament_prefix_path.ps1'
[1.308s] INFO:colcon.colcon_core.shell:Creating environment descriptor '/home/me597/ros2/sim_ws/install/py_pubsub/share/py_pubsub/hook/ament_prefix_path.dsv'
[1.308s] INFO:colcon.colcon_core.shell:Creating environment hook '/home/me597/ros2/sim_ws/install/py_pubsub/share/py_pubsub/hook/ament_prefix_path.sh'
[1.308s] INFO:colcon.colcon_core.shell:Skip shell extension 'powershell' for command environment: Not usable outside of PowerShell
[1.308s] DEBUG:colcon.colcon_core.shell:Skip shell extension 'dsv' for command environment
[1.566s] INFO:colcon.colcon_core.task.python.build:Building Python package in '/home/me597/ros2/sim_ws/src/ME597/py_pubsub'
[1.569s] INFO:colcon.colcon_core.shell:Skip shell extension 'powershell' for command environment: Not usable outside of PowerShell
[1.569s] DEBUG:colcon.colcon_core.shell:Skip shell extension 'dsv' for command environment
[1.772s] DEBUG:colcon.colcon_core.event_handler.log_command:Invoked command in '/home/me597/ros2/sim_ws/build/task_2_interfaces' returned '0': CMAKE_PREFIX_PATH=/opt/ros/humble /usr/bin/cmake /home/me597/ros2/sim_ws/src/ME597/task_2_interfaces -DCMAKE_INSTALL_PREFIX=/home/me597/ros2/sim_ws/install/task_2_interfaces
[1.773s] DEBUG:colcon.colcon_core.event_handler.log_command:Invoking command in '/home/me597/ros2/sim_ws/build/task_2_interfaces': CMAKE_PREFIX_PATH=/opt/ros/humble /usr/bin/cmake --build /home/me597/ros2/sim_ws/build/task_2_interfaces -- -j2 -l2
[2.228s] DEBUG:colcon.colcon_core.event_handler.log_command:Invoking command in '/home/me597/ros2/sim_ws/src/ME597/py_pubsub': PYTHONPATH=/home/me597/ros2/sim_ws/build/py_pubsub/prefix_override:/usr/lib/python3/dist-packages/colcon_core/task/python/colcon_distutils_commands:/home/me597/ros2/sim_ws/install/py_pubsub/lib/python3.10/site-packages:${PYTHONPATH} /usr/bin/python3 -W ignore:setup.py install is deprecated setup.py egg_info --egg-base ../../../build/py_pubsub build --build-base /home/me597/ros2/sim_ws/build/py_pubsub/build install --record /home/me597/ros2/sim_ws/build/py_pubsub/install.log --single-version-externally-managed install_data
[2.667s] DEBUG:colcon.colcon_core.event_handler.log_command:Invoked command in '/home/me597/ros2/sim_ws/build/task_2_interfaces' returned '0': CMAKE_PREFIX_PATH=/opt/ros/humble /usr/bin/cmake --build /home/me597/ros2/sim_ws/build/task_2_interfaces -- -j2 -l2
[2.724s] Level 1:colcon.colcon_core.environment:checking '/home/me597/ros2/sim_ws/install/py_pubsub' for CMake module files
[2.725s] DEBUG:colcon.colcon_core.event_handler.log_command:Invoked command in '/home/me597/ros2/sim_ws/src/ME597/py_pubsub' returned '0': PYTHONPATH=/home/me597/ros2/sim_ws/build/py_pubsub/prefix_override:/usr/lib/python3/dist-packages/colcon_core/task/python/colcon_distutils_commands:/home/me597/ros2/sim_ws/install/py_pubsub/lib/python3.10/site-packages:${PYTHONPATH} /usr/bin/python3 -W ignore:setup.py install is deprecated setup.py egg_info --egg-base ../../../build/py_pubsub build --build-base /home/me597/ros2/sim_ws/build/py_pubsub/build install --record /home/me597/ros2/sim_ws/build/py_pubsub/install.log --single-version-externally-managed install_data
[2.725s] Level 1:colcon.colcon_core.environment:checking '/home/me597/ros2/sim_ws/install/py_pubsub' for CMake config files
[2.726s] Level 1:colcon.colcon_core.environment:checking '/home/me597/ros2/sim_ws/install/py_pubsub/lib'
[2.726s] Level 1:colcon.colcon_core.environment:checking '/home/me597/ros2/sim_ws/install/py_pubsub/bin'
[2.726s] Level 1:colcon.colcon_core.environment:checking '/home/me597/ros2/sim_ws/install/py_pubsub/lib/pkgconfig/py_pubsub.pc'
[2.726s] Level 1:colcon.colcon_core.environment:checking '/home/me597/ros2/sim_ws/install/py_pubsub/lib/python3.10/site-packages'
[2.726s] Level 1:colcon.colcon_core.shell:create_environment_hook('py_pubsub', 'pythonpath')
[2.726s] INFO:colcon.colcon_core.shell:Creating environment hook '/home/me597/ros2/sim_ws/install/py_pubsub/share/py_pubsub/hook/pythonpath.ps1'
[2.726s] INFO:colcon.colcon_core.shell:Creating environment descriptor '/home/me597/ros2/sim_ws/install/py_pubsub/share/py_pubsub/hook/pythonpath.dsv'
[2.727s] INFO:colcon.colcon_core.shell:Creating environment hook '/home/me597/ros2/sim_ws/install/py_pubsub/share/py_pubsub/hook/pythonpath.sh'
[2.727s] Level 1:colcon.colcon_core.environment:checking '/home/me597/ros2/sim_ws/install/py_pubsub/bin'
[2.727s] Level 1:colcon.colcon_core.environment:create_environment_scripts_only(py_pubsub)
[2.727s] INFO:colcon.colcon_core.shell:Creating package script '/home/me597/ros2/sim_ws/install/py_pubsub/share/py_pubsub/package.ps1'
[2.727s] INFO:colcon.colcon_core.shell:Creating package descriptor '/home/me597/ros2/sim_ws/install/py_pubsub/share/py_pubsub/package.dsv'
[2.728s] INFO:colcon.colcon_core.shell:Creating package script '/home/me597/ros2/sim_ws/install/py_pubsub/share/py_pubsub/package.sh'
[2.728s] INFO:colcon.colcon_core.shell:Creating package script '/home/me597/ros2/sim_ws/install/py_pubsub/share/py_pubsub/package.bash'
[2.728s] INFO:colcon.colcon_core.shell:Creating package script '/home/me597/ros2/sim_ws/install/py_pubsub/share/py_pubsub/package.zsh'
[2.728s] Level 1:colcon.colcon_core.environment:create_file_with_runtime_dependencies(/home/me597/ros2/sim_ws/install/py_pubsub/share/colcon-core/packages/py_pubsub)
[2.731s] INFO:colcon.colcon_ros.task.ament_python.build:Building ROS package in '/home/me597/ros2/sim_ws/src/sim_utils' with build type 'ament_python'
[2.734s] Level 1:colcon.colcon_core.shell:create_environment_hook('sim_utils', 'ament_prefix_path')
[2.734s] INFO:colcon.colcon_core.shell:Creating environment hook '/home/me597/ros2/sim_ws/install/sim_utils/share/sim_utils/hook/ament_prefix_path.ps1'
[2.734s] INFO:colcon.colcon_core.shell:Creating environment descriptor '/home/me597/ros2/sim_ws/install/sim_utils/share/sim_utils/hook/ament_prefix_path.dsv'
[2.734s] INFO:colcon.colcon_core.shell:Creating environment hook '/home/me597/ros2/sim_ws/install/sim_utils/share/sim_utils/hook/ament_prefix_path.sh'
[2.735s] INFO:colcon.colcon_core.shell:Skip shell extension 'powershell' for command environment: Not usable outside of PowerShell
[2.735s] DEBUG:colcon.colcon_core.shell:Skip shell extension 'dsv' for command environment
[3.000s] INFO:colcon.colcon_core.task.python.build:Building Python package in '/home/me597/ros2/sim_ws/src/sim_utils'
[3.001s] INFO:colcon.colcon_core.shell:Skip shell extension 'powershell' for command environment: Not usable outside of PowerShell
[3.001s] DEBUG:colcon.colcon_core.shell:Skip shell extension 'dsv' for command environment
[3.026s] DEBUG:colcon.colcon_core.event_handler.log_command:Invoking command in '/home/me597/ros2/sim_ws/build/task_2_interfaces': CMAKE_PREFIX_PATH=/opt/ros/humble /usr/bin/cmake --install /home/me597/ros2/sim_ws/build/task_2_interfaces
[3.183s] Level 1:colcon.colcon_core.environment:create_environment_scripts_only(task_2_interfaces)
[3.183s] Level 1:colcon.colcon_core.environment:checking '/home/me597/ros2/sim_ws/install/task_2_interfaces' for CMake module files
[3.183s] Level 1:colcon.colcon_core.environment:checking '/home/me597/ros2/sim_ws/install/task_2_interfaces' for CMake config files
[3.184s] Level 1:colcon.colcon_core.shell:create_environment_hook('task_2_interfaces', 'cmake_prefix_path')
[3.184s] INFO:colcon.colcon_core.shell:Creating environment hook '/home/me597/ros2/sim_ws/install/task_2_interfaces/share/task_2_interfaces/hook/cmake_prefix_path.ps1'
[3.187s] DEBUG:colcon.colcon_core.event_handler.log_command:Invoked command in '/home/me597/ros2/sim_ws/build/task_2_interfaces' returned '0': CMAKE_PREFIX_PATH=/opt/ros/humble /usr/bin/cmake --install /home/me597/ros2/sim_ws/build/task_2_interfaces
[3.188s] INFO:colcon.colcon_core.shell:Creating environment descriptor '/home/me597/ros2/sim_ws/install/task_2_interfaces/share/task_2_interfaces/hook/cmake_prefix_path.dsv'
[3.191s] INFO:colcon.colcon_core.shell:Creating environment hook '/home/me597/ros2/sim_ws/install/task_2_interfaces/share/task_2_interfaces/hook/cmake_prefix_path.sh'
[3.191s] Level 1:colcon.colcon_core.environment:checking '/home/me597/ros2/sim_ws/install/task_2_interfaces/lib'
[3.191s] Level 1:colcon.colcon_core.shell:create_environment_hook('task_2_interfaces', 'ld_library_path_lib')
[3.191s] INFO:colcon.colcon_core.shell:Creating environment hook '/home/me597/ros2/sim_ws/install/task_2_interfaces/share/task_2_interfaces/hook/ld_library_path_lib.ps1'
[3.192s] INFO:colcon.colcon_core.shell:Creating environment descriptor '/home/me597/ros2/sim_ws/install/task_2_interfaces/share/task_2_interfaces/hook/ld_library_path_lib.dsv'
[3.197s] INFO:colcon.colcon_core.shell:Creating environment hook '/home/me597/ros2/sim_ws/install/task_2_interfaces/share/task_2_interfaces/hook/ld_library_path_lib.sh'
[3.198s] Level 1:colcon.colcon_core.environment:checking '/home/me597/ros2/sim_ws/install/task_2_interfaces/bin'
[3.198s] Level 1:colcon.colcon_core.environment:checking '/home/me597/ros2/sim_ws/install/task_2_interfaces/lib/pkgconfig/task_2_interfaces.pc'
[3.199s] Level 1:colcon.colcon_core.environment:checking '/home/me597/ros2/sim_ws/install/task_2_interfaces/lib/python3.10/site-packages'
[3.199s] Level 1:colcon.colcon_core.environment:checking '/home/me597/ros2/sim_ws/install/task_2_interfaces/bin'
[3.199s] INFO:colcon.colcon_core.shell:Creating package script '/home/me597/ros2/sim_ws/install/task_2_interfaces/share/task_2_interfaces/package.ps1'
[3.199s] INFO:colcon.colcon_core.shell:Creating package descriptor '/home/me597/ros2/sim_ws/install/task_2_interfaces/share/task_2_interfaces/package.dsv'
[3.209s] INFO:colcon.colcon_core.shell:Creating package script '/home/me597/ros2/sim_ws/install/task_2_interfaces/share/task_2_interfaces/package.sh'
[3.210s] INFO:colcon.colcon_core.shell:Creating package script '/home/me597/ros2/sim_ws/install/task_2_interfaces/share/task_2_interfaces/package.bash'
[3.210s] INFO:colcon.colcon_core.shell:Creating package script '/home/me597/ros2/sim_ws/install/task_2_interfaces/share/task_2_interfaces/package.zsh'
[3.210s] Level 1:colcon.colcon_core.environment:create_file_with_runtime_dependencies(/home/me597/ros2/sim_ws/install/task_2_interfaces/share/colcon-core/packages/task_2_interfaces)
[3.373s] DEBUG:colcon.colcon_core.event_handler.log_command:Invoking command in '/home/me597/ros2/sim_ws/src/sim_utils': PYTHONPATH=/home/me597/ros2/sim_ws/build/sim_utils/prefix_override:/usr/lib/python3/dist-packages/colcon_core/task/python/colcon_distutils_commands:/home/me597/ros2/sim_ws/install/sim_utils/lib/python3.10/site-packages:${PYTHONPATH} /usr/bin/python3 -W ignore:setup.py install is deprecated setup.py egg_info --egg-base ../../build/sim_utils build --build-base /home/me597/ros2/sim_ws/build/sim_utils/build install --record /home/me597/ros2/sim_ws/build/sim_utils/install.log --single-version-externally-managed install_data
[3.519s] Level 1:colcon.colcon_core.environment:create_environment_scripts_only(task_2_interfaces)
[3.519s] Level 1:colcon.colcon_core.environment:checking '/home/me597/ros2/sim_ws/install/task_2_interfaces' for CMake module files
[3.519s] Level 1:colcon.colcon_core.environment:checking '/home/me597/ros2/sim_ws/install/task_2_interfaces' for CMake config files
[3.520s] Level 1:colcon.colcon_core.shell:create_environment_hook('task_2_interfaces', 'cmake_prefix_path')
[3.520s] INFO:colcon.colcon_core.shell:Creating environment hook '/home/me597/ros2/sim_ws/install/task_2_interfaces/share/task_2_interfaces/hook/cmake_prefix_path.ps1'
[3.523s] INFO:colcon.colcon_core.shell:Creating environment descriptor '/home/me597/ros2/sim_ws/install/task_2_interfaces/share/task_2_interfaces/hook/cmake_prefix_path.dsv'
[3.525s] INFO:colcon.colcon_core.shell:Creating environment hook '/home/me597/ros2/sim_ws/install/task_2_interfaces/share/task_2_interfaces/hook/cmake_prefix_path.sh'
[3.525s] Level 1:colcon.colcon_core.environment:checking '/home/me597/ros2/sim_ws/install/task_2_interfaces/lib'
[3.525s] Level 1:colcon.colcon_core.shell:create_environment_hook('task_2_interfaces', 'ld_library_path_lib')
[3.526s] INFO:colcon.colcon_core.shell:Creating environment hook '/home/me597/ros2/sim_ws/install/task_2_interfaces/share/task_2_interfaces/hook/ld_library_path_lib.ps1'
[3.526s] INFO:colcon.colcon_core.shell:Creating environment descriptor '/home/me597/ros2/sim_ws/install/task_2_interfaces/share/task_2_interfaces/hook/ld_library_path_lib.dsv'
[3.531s] INFO:colcon.colcon_core.shell:Creating environment hook '/home/me597/ros2/sim_ws/install/task_2_interfaces/share/task_2_interfaces/hook/ld_library_path_lib.sh'
[3.531s] Level 1:colcon.colcon_core.environment:checking '/home/me597/ros2/sim_ws/install/task_2_interfaces/bin'
[3.531s] Level 1:colcon.colcon_core.environment:checking '/home/me597/ros2/sim_ws/install/task_2_interfaces/lib/pkgconfig/task_2_interfaces.pc'
[3.532s] Level 1:colcon.colcon_core.environment:checking '/home/me597/ros2/sim_ws/install/task_2_interfaces/lib/python3.10/site-packages'
[3.532s] Level 1:colcon.colcon_core.environment:checking '/home/me597/ros2/sim_ws/install/task_2_interfaces/bin'
[3.532s] INFO:colcon.colcon_core.shell:Creating package script '/home/me597/ros2/sim_ws/install/task_2_interfaces/share/task_2_interfaces/package.ps1'
[3.532s] INFO:colcon.colcon_core.shell:Creating package descriptor '/home/me597/ros2/sim_ws/install/task_2_interfaces/share/task_2_interfaces/package.dsv'
[3.534s] INFO:colcon.colcon_core.shell:Creating package script '/home/me597/ros2/sim_ws/install/task_2_interfaces/share/task_2_interfaces/package.sh'
[3.536s] INFO:colcon.colcon_core.shell:Creating package script '/home/me597/ros2/sim_ws/install/task_2_interfaces/share/task_2_interfaces/package.bash'
[3.536s] INFO:colcon.colcon_core.shell:Creating package script '/home/me597/ros2/sim_ws/install/task_2_interfaces/share/task_2_interfaces/package.zsh'
[3.539s] Level 1:colcon.colcon_core.environment:create_file_with_runtime_dependencies(/home/me597/ros2/sim_ws/install/task_2_interfaces/share/colcon-core/packages/task_2_interfaces)
[3.540s] INFO:colcon.colcon_ros.task.ament_python.build:Building ROS package in '/home/me597/ros2/sim_ws/src/ME597/task_1' with build type 'ament_python'
[3.540s] Level 1:colcon.colcon_core.shell:create_environment_hook('task_1', 'ament_prefix_path')
[3.541s] INFO:colcon.colcon_core.shell:Creating environment hook '/home/me597/ros2/sim_ws/install/task_1/share/task_1/hook/ament_prefix_path.ps1'
[3.541s] INFO:colcon.colcon_core.shell:Creating environment descriptor '/home/me597/ros2/sim_ws/install/task_1/share/task_1/hook/ament_prefix_path.dsv'
[3.545s] INFO:colcon.colcon_core.shell:Creating environment hook '/home/me597/ros2/sim_ws/install/task_1/share/task_1/hook/ament_prefix_path.sh'
[3.546s] INFO:colcon.colcon_core.shell:Skip shell extension 'powershell' for command environment: Not usable outside of PowerShell
[3.546s] DEBUG:colcon.colcon_core.shell:Skip shell extension 'dsv' for command environment
[3.882s] INFO:colcon.colcon_core.task.python.build:Building Python package in '/home/me597/ros2/sim_ws/src/ME597/task_1'
[3.882s] INFO:colcon.colcon_core.shell:Skip shell extension 'powershell' for command environment: Not usable outside of PowerShell
[3.882s] DEBUG:colcon.colcon_core.shell:Skip shell extension 'dsv' for command environment
[3.895s] Level 1:colcon.colcon_core.environment:checking '/home/me597/ros2/sim_ws/install/sim_utils' for CMake module files
[3.896s] Level 1:colcon.colcon_core.environment:checking '/home/me597/ros2/sim_ws/install/sim_utils' for CMake config files
[3.896s] Level 1:colcon.colcon_core.environment:checking '/home/me597/ros2/sim_ws/install/sim_utils/lib'
[3.895s] DEBUG:colcon.colcon_core.event_handler.log_command:Invoked command in '/home/me597/ros2/sim_ws/src/sim_utils' returned '0': PYTHONPATH=/home/me597/ros2/sim_ws/build/sim_utils/prefix_override:/usr/lib/python3/dist-packages/colcon_core/task/python/colcon_distutils_commands:/home/me597/ros2/sim_ws/install/sim_utils/lib/python3.10/site-packages:${PYTHONPATH} /usr/bin/python3 -W ignore:setup.py install is deprecated setup.py egg_info --egg-base ../../build/sim_utils build --build-base /home/me597/ros2/sim_ws/build/sim_utils/build install --record /home/me597/ros2/sim_ws/build/sim_utils/install.log --single-version-externally-managed install_data
[3.897s] Level 1:colcon.colcon_core.environment:checking '/home/me597/ros2/sim_ws/install/sim_utils/bin'
[3.897s] Level 1:colcon.colcon_core.environment:checking '/home/me597/ros2/sim_ws/install/sim_utils/lib/pkgconfig/sim_utils.pc'
[3.897s] Level 1:colcon.colcon_core.environment:checking '/home/me597/ros2/sim_ws/install/sim_utils/lib/python3.10/site-packages'
[3.897s] Level 1:colcon.colcon_core.shell:create_environment_hook('sim_utils', 'pythonpath')
[3.897s] INFO:colcon.colcon_core.shell:Creating environment hook '/home/me597/ros2/sim_ws/install/sim_utils/share/sim_utils/hook/pythonpath.ps1'
[3.898s] INFO:colcon.colcon_core.shell:Creating environment descriptor '/home/me597/ros2/sim_ws/install/sim_utils/share/sim_utils/hook/pythonpath.dsv'
[3.899s] INFO:colcon.colcon_core.shell:Creating environment hook '/home/me597/ros2/sim_ws/install/sim_utils/share/sim_utils/hook/pythonpath.sh'
[3.900s] Level 1:colcon.colcon_core.environment:checking '/home/me597/ros2/sim_ws/install/sim_utils/bin'
[3.901s] Level 1:colcon.colcon_core.environment:create_environment_scripts_only(sim_utils)
[3.901s] INFO:colcon.colcon_core.shell:Creating package script '/home/me597/ros2/sim_ws/install/sim_utils/share/sim_utils/package.ps1'
[3.910s] INFO:colcon.colcon_core.shell:Creating package descriptor '/home/me597/ros2/sim_ws/install/sim_utils/share/sim_utils/package.dsv'
[3.910s] INFO:colcon.colcon_core.shell:Creating package script '/home/me597/ros2/sim_ws/install/sim_utils/share/sim_utils/package.sh'
[3.910s] INFO:colcon.colcon_core.shell:Creating package script '/home/me597/ros2/sim_ws/install/sim_utils/share/sim_utils/package.bash'
[3.910s] INFO:colcon.colcon_core.shell:Creating package script '/home/me597/ros2/sim_ws/install/sim_utils/share/sim_utils/package.zsh'
[3.911s] Level 1:colcon.colcon_core.environment:create_file_with_runtime_dependencies(/home/me597/ros2/sim_ws/install/sim_utils/share/colcon-core/packages/sim_utils)
[3.911s] INFO:colcon.colcon_ros.task.ament_cmake.build:Building ROS package in '/home/me597/ros2/sim_ws/src/turtlebot3_gazebo' with build type 'ament_cmake'
[3.911s] INFO:colcon.colcon_cmake.task.cmake.build:Building CMake package in '/home/me597/ros2/sim_ws/src/turtlebot3_gazebo'
[3.911s] INFO:colcon.colcon_core.shell:Skip shell extension 'powershell' for command environment: Not usable outside of PowerShell
[3.912s] DEBUG:colcon.colcon_core.shell:Skip shell extension 'dsv' for command environment
[3.922s] DEBUG:colcon.colcon_core.event_handler.log_command:Invoking command in '/home/me597/ros2/sim_ws/build/turtlebot3_gazebo': CMAKE_PREFIX_PATH=/opt/ros/humble /usr/bin/cmake /home/me597/ros2/sim_ws/src/turtlebot3_gazebo -DCMAKE_INSTALL_PREFIX=/home/me597/ros2/sim_ws/install/turtlebot3_gazebo
[4.420s] DEBUG:colcon.colcon_core.event_handler.log_command:Invoking command in '/home/me597/ros2/sim_ws/build/task_1': PYTHONPATH=/home/me597/ros2/sim_ws/build/task_1/prefix_override:/usr/lib/python3/dist-packages/colcon_core/task/python/colcon_distutils_commands:/home/me597/ros2/sim_ws/install/task_1/lib/python3.10/site-packages:${PYTHONPATH} /usr/bin/python3 -W ignore:setup.py install is deprecated setup.py develop --uninstall --editable --build-directory /home/me597/ros2/sim_ws/build/task_1/build
[4.974s] DEBUG:colcon.colcon_core.event_handler.log_command:Invoked command in '/home/me597/ros2/sim_ws/build/task_1' returned '0': PYTHONPATH=/home/me597/ros2/sim_ws/build/task_1/prefix_override:/usr/lib/python3/dist-packages/colcon_core/task/python/colcon_distutils_commands:/home/me597/ros2/sim_ws/install/task_1/lib/python3.10/site-packages:${PYTHONPATH} /usr/bin/python3 -W ignore:setup.py install is deprecated setup.py develop --uninstall --editable --build-directory /home/me597/ros2/sim_ws/build/task_1/build
[4.979s] DEBUG:colcon.colcon_core.event_handler.log_command:Invoking command in '/home/me597/ros2/sim_ws/src/ME597/task_1': PYTHONPATH=/home/me597/ros2/sim_ws/build/task_1/prefix_override:/usr/lib/python3/dist-packages/colcon_core/task/python/colcon_distutils_commands:/home/me597/ros2/sim_ws/install/task_1/lib/python3.10/site-packages:${PYTHONPATH} /usr/bin/python3 -W ignore:setup.py install is deprecated setup.py egg_info --egg-base ../../../build/task_1 build --build-base /home/me597/ros2/sim_ws/build/task_1/build install --record /home/me597/ros2/sim_ws/build/task_1/install.log --single-version-externally-managed install_data --force
[5.356s] Level 1:colcon.colcon_core.environment:checking '/home/me597/ros2/sim_ws/install/task_1' for CMake module files
[5.357s] DEBUG:colcon.colcon_core.event_handler.log_command:Invoked command in '/home/me597/ros2/sim_ws/src/ME597/task_1' returned '0': PYTHONPATH=/home/me597/ros2/sim_ws/build/task_1/prefix_override:/usr/lib/python3/dist-packages/colcon_core/task/python/colcon_distutils_commands:/home/me597/ros2/sim_ws/install/task_1/lib/python3.10/site-packages:${PYTHONPATH} /usr/bin/python3 -W ignore:setup.py install is deprecated setup.py egg_info --egg-base ../../../build/task_1 build --build-base /home/me597/ros2/sim_ws/build/task_1/build install --record /home/me597/ros2/sim_ws/build/task_1/install.log --single-version-externally-managed install_data --force
[5.357s] Level 1:colcon.colcon_core.environment:checking '/home/me597/ros2/sim_ws/install/task_1' for CMake config files
[5.358s] Level 1:colcon.colcon_core.environment:checking '/home/me597/ros2/sim_ws/install/task_1/lib'
[5.358s] Level 1:colcon.colcon_core.environment:checking '/home/me597/ros2/sim_ws/install/task_1/bin'
[5.358s] Level 1:colcon.colcon_core.environment:checking '/home/me597/ros2/sim_ws/install/task_1/lib/pkgconfig/task_1.pc'
[5.358s] Level 1:colcon.colcon_core.environment:checking '/home/me597/ros2/sim_ws/install/task_1/lib/python3.10/site-packages'
[5.358s] Level 1:colcon.colcon_core.shell:create_environment_hook('task_1', 'pythonpath')
[5.358s] INFO:colcon.colcon_core.shell:Creating environment hook '/home/me597/ros2/sim_ws/install/task_1/share/task_1/hook/pythonpath.ps1'
[5.359s] INFO:colcon.colcon_core.shell:Creating environment descriptor '/home/me597/ros2/sim_ws/install/task_1/share/task_1/hook/pythonpath.dsv'
[5.359s] INFO:colcon.colcon_core.shell:Creating environment hook '/home/me597/ros2/sim_ws/install/task_1/share/task_1/hook/pythonpath.sh'
[5.360s] Level 1:colcon.colcon_core.environment:checking '/home/me597/ros2/sim_ws/install/task_1/bin'
[5.360s] Level 1:colcon.colcon_core.environment:create_environment_scripts_only(task_1)
[5.360s] INFO:colcon.colcon_core.shell:Creating package script '/home/me597/ros2/sim_ws/install/task_1/share/task_1/package.ps1'
[5.361s] INFO:colcon.colcon_core.shell:Creating package descriptor '/home/me597/ros2/sim_ws/install/task_1/share/task_1/package.dsv'
[5.361s] INFO:colcon.colcon_core.shell:Creating package script '/home/me597/ros2/sim_ws/install/task_1/share/task_1/package.sh'
[5.362s] INFO:colcon.colcon_core.shell:Creating package script '/home/me597/ros2/sim_ws/install/task_1/share/task_1/package.bash'
[5.363s] INFO:colcon.colcon_core.shell:Creating package script '/home/me597/ros2/sim_ws/install/task_1/share/task_1/package.zsh'
[5.363s] Level 1:colcon.colcon_core.environment:create_file_with_runtime_dependencies(/home/me597/ros2/sim_ws/install/task_1/share/colcon-core/packages/task_1)
[5.364s] INFO:colcon.colcon_ros.task.ament_python.build:Building ROS package in '/home/me597/ros2/sim_ws/src/ME597/task_2' with build type 'ament_python'
[5.364s] Level 1:colcon.colcon_core.shell:create_environment_hook('task_2', 'ament_prefix_path')
[5.364s] INFO:colcon.colcon_core.shell:Creating environment hook '/home/me597/ros2/sim_ws/install/task_2/share/task_2/hook/ament_prefix_path.ps1'
[5.364s] INFO:colcon.colcon_core.shell:Creating environment descriptor '/home/me597/ros2/sim_ws/install/task_2/share/task_2/hook/ament_prefix_path.dsv'
[5.365s] INFO:colcon.colcon_core.shell:Creating environment hook '/home/me597/ros2/sim_ws/install/task_2/share/task_2/hook/ament_prefix_path.sh'
[5.365s] INFO:colcon.colcon_core.shell:Skip shell extension 'powershell' for command environment: Not usable outside of PowerShell
[5.365s] DEBUG:colcon.colcon_core.shell:Skip shell extension 'dsv' for command environment
[5.689s] INFO:colcon.colcon_core.task.python.build:Building Python package in '/home/me597/ros2/sim_ws/src/ME597/task_2'
[5.690s] INFO:colcon.colcon_core.shell:Skip shell extension 'powershell' for command environment: Not usable outside of PowerShell
[5.691s] DEBUG:colcon.colcon_core.shell:Skip shell extension 'dsv' for command environment
[6.152s] DEBUG:colcon.colcon_core.event_handler.log_command:Invoking command in '/home/me597/ros2/sim_ws/src/ME597/task_2': AMENT_PREFIX_PATH=/home/me597/ros2/sim_ws/install/task_2_interfaces:${AMENT_PREFIX_PATH} CMAKE_PREFIX_PATH=/home/me597/ros2/sim_ws/install/task_2_interfaces LD_LIBRARY_PATH=/home/me597/ros2/sim_ws/install/task_2_interfaces/lib:${LD_LIBRARY_PATH} PYTHONPATH=/home/me597/ros2/sim_ws/build/task_2/prefix_override:/usr/lib/python3/dist-packages/colcon_core/task/python/colcon_distutils_commands:/home/me597/ros2/sim_ws/install/task_2/lib/python3.10/site-packages:/home/me597/ros2/sim_ws/install/task_2_interfaces/local/lib/python3.10/dist-packages:${PYTHONPATH} /usr/bin/python3 -W ignore:setup.py install is deprecated setup.py egg_info --egg-base ../../../build/task_2 build --build-base /home/me597/ros2/sim_ws/build/task_2/build install --record /home/me597/ros2/sim_ws/build/task_2/install.log --single-version-externally-managed install_data
[6.579s] Level 1:colcon.colcon_core.environment:checking '/home/me597/ros2/sim_ws/install/task_2' for CMake module files
[6.580s] Level 1:colcon.colcon_core.environment:checking '/home/me597/ros2/sim_ws/install/task_2' for CMake config files
[6.580s] Level 1:colcon.colcon_core.environment:checking '/home/me597/ros2/sim_ws/install/task_2/lib'
[6.581s] DEBUG:colcon.colcon_core.event_handler.log_command:Invoked command in '/home/me597/ros2/sim_ws/src/ME597/task_2' returned '0': AMENT_PREFIX_PATH=/home/me597/ros2/sim_ws/install/task_2_interfaces:${AMENT_PREFIX_PATH} CMAKE_PREFIX_PATH=/home/me597/ros2/sim_ws/install/task_2_interfaces LD_LIBRARY_PATH=/home/me597/ros2/sim_ws/install/task_2_interfaces/lib:${LD_LIBRARY_PATH} PYTHONPATH=/home/me597/ros2/sim_ws/build/task_2/prefix_override:/usr/lib/python3/dist-packages/colcon_core/task/python/colcon_distutils_commands:/home/me597/ros2/sim_ws/install/task_2/lib/python3.10/site-packages:/home/me597/ros2/sim_ws/install/task_2_interfaces/local/lib/python3.10/dist-packages:${PYTHONPATH} /usr/bin/python3 -W ignore:setup.py install is deprecated setup.py egg_info --egg-base ../../../build/task_2 build --build-base /home/me597/ros2/sim_ws/build/task_2/build install --record /home/me597/ros2/sim_ws/build/task_2/install.log --single-version-externally-managed install_data
[6.581s] Level 1:colcon.colcon_core.environment:checking '/home/me597/ros2/sim_ws/install/task_2/bin'
[6.581s] Level 1:colcon.colcon_core.environment:checking '/home/me597/ros2/sim_ws/install/task_2/lib/pkgconfig/task_2.pc'
[6.581s] Level 1:colcon.colcon_core.environment:checking '/home/me597/ros2/sim_ws/install/task_2/lib/python3.10/site-packages'
[6.581s] Level 1:colcon.colcon_core.shell:create_environment_hook('task_2', 'pythonpath')
[6.581s] INFO:colcon.colcon_core.shell:Creating environment hook '/home/me597/ros2/sim_ws/install/task_2/share/task_2/hook/pythonpath.ps1'
[6.582s] INFO:colcon.colcon_core.shell:Creating environment descriptor '/home/me597/ros2/sim_ws/install/task_2/share/task_2/hook/pythonpath.dsv'
[6.585s] INFO:colcon.colcon_core.shell:Creating environment hook '/home/me597/ros2/sim_ws/install/task_2/share/task_2/hook/pythonpath.sh'
[6.586s] Level 1:colcon.colcon_core.environment:checking '/home/me597/ros2/sim_ws/install/task_2/bin'
[6.586s] Level 1:colcon.colcon_core.environment:create_environment_scripts_only(task_2)
[6.586s] INFO:colcon.colcon_core.shell:Creating package script '/home/me597/ros2/sim_ws/install/task_2/share/task_2/package.ps1'
[6.587s] INFO:colcon.colcon_core.shell:Creating package descriptor '/home/me597/ros2/sim_ws/install/task_2/share/task_2/package.dsv'
[6.589s] INFO:colcon.colcon_core.shell:Creating package script '/home/me597/ros2/sim_ws/install/task_2/share/task_2/package.sh'
[6.590s] INFO:colcon.colcon_core.shell:Creating package script '/home/me597/ros2/sim_ws/install/task_2/share/task_2/package.bash'
[6.590s] INFO:colcon.colcon_core.shell:Creating package script '/home/me597/ros2/sim_ws/install/task_2/share/task_2/package.zsh'
[6.591s] Level 1:colcon.colcon_core.environment:create_file_with_runtime_dependencies(/home/me597/ros2/sim_ws/install/task_2/share/colcon-core/packages/task_2)
[6.970s] DEBUG:colcon.colcon_core.event_handler.log_command:Invoked command in '/home/me597/ros2/sim_ws/build/turtlebot3_gazebo' returned '0': CMAKE_PREFIX_PATH=/opt/ros/humble /usr/bin/cmake /home/me597/ros2/sim_ws/src/turtlebot3_gazebo -DCMAKE_INSTALL_PREFIX=/home/me597/ros2/sim_ws/install/turtlebot3_gazebo
[6.970s] DEBUG:colcon.colcon_core.event_handler.log_command:Invoking command in '/home/me597/ros2/sim_ws/build/turtlebot3_gazebo': CMAKE_PREFIX_PATH=/opt/ros/humble /usr/bin/cmake --build /home/me597/ros2/sim_ws/build/turtlebot3_gazebo -- -j2 -l2
[7.024s] DEBUG:colcon.colcon_core.event_handler.log_command:Invoked command in '/home/me597/ros2/sim_ws/build/turtlebot3_gazebo' returned '0': CMAKE_PREFIX_PATH=/opt/ros/humble /usr/bin/cmake --build /home/me597/ros2/sim_ws/build/turtlebot3_gazebo -- -j2 -l2
[7.070s] DEBUG:colcon.colcon_core.event_handler.log_command:Invoking command in '/home/me597/ros2/sim_ws/build/turtlebot3_gazebo': CMAKE_PREFIX_PATH=/opt/ros/humble /usr/bin/cmake --install /home/me597/ros2/sim_ws/build/turtlebot3_gazebo
[7.107s] Level 1:colcon.colcon_core.environment:create_environment_scripts_only(turtlebot3_gazebo)
[7.107s] Level 1:colcon.colcon_core.environment:checking '/home/me597/ros2/sim_ws/install/turtlebot3_gazebo' for CMake module files
[7.108s] DEBUG:colcon.colcon_core.event_handler.log_command:Invoked command in '/home/me597/ros2/sim_ws/build/turtlebot3_gazebo' returned '0': CMAKE_PREFIX_PATH=/opt/ros/humble /usr/bin/cmake --install /home/me597/ros2/sim_ws/build/turtlebot3_gazebo
[7.108s] Level 1:colcon.colcon_core.environment:checking '/home/me597/ros2/sim_ws/install/turtlebot3_gazebo' for CMake config files
[7.108s] Level 1:colcon.colcon_core.shell:create_environment_hook('turtlebot3_gazebo', 'cmake_prefix_path')
[7.109s] INFO:colcon.colcon_core.shell:Creating environment hook '/home/me597/ros2/sim_ws/install/turtlebot3_gazebo/share/turtlebot3_gazebo/hook/cmake_prefix_path.ps1'
[7.109s] INFO:colcon.colcon_core.shell:Creating environment descriptor '/home/me597/ros2/sim_ws/install/turtlebot3_gazebo/share/turtlebot3_gazebo/hook/cmake_prefix_path.dsv'
[7.109s] INFO:colcon.colcon_core.shell:Creating environment hook '/home/me597/ros2/sim_ws/install/turtlebot3_gazebo/share/turtlebot3_gazebo/hook/cmake_prefix_path.sh'
[7.109s] Level 1:colcon.colcon_core.environment:checking '/home/me597/ros2/sim_ws/install/turtlebot3_gazebo/lib'
[7.109s] Level 1:colcon.colcon_core.environment:checking '/home/me597/ros2/sim_ws/install/turtlebot3_gazebo/bin'
[7.109s] Level 1:colcon.colcon_core.environment:checking '/home/me597/ros2/sim_ws/install/turtlebot3_gazebo/lib/pkgconfig/turtlebot3_gazebo.pc'
[7.110s] Level 1:colcon.colcon_core.environment:checking '/home/me597/ros2/sim_ws/install/turtlebot3_gazebo/lib/python3.10/site-packages'
[7.110s] Level 1:colcon.colcon_core.environment:checking '/home/me597/ros2/sim_ws/install/turtlebot3_gazebo/bin'
[7.110s] INFO:colcon.colcon_core.shell:Creating package script '/home/me597/ros2/sim_ws/install/turtlebot3_gazebo/share/turtlebot3_gazebo/package.ps1'
[7.110s] INFO:colcon.colcon_core.shell:Creating package descriptor '/home/me597/ros2/sim_ws/install/turtlebot3_gazebo/share/turtlebot3_gazebo/package.dsv'
[7.119s] INFO:colcon.colcon_core.shell:Creating package script '/home/me597/ros2/sim_ws/install/turtlebot3_gazebo/share/turtlebot3_gazebo/package.sh'
[7.119s] INFO:colcon.colcon_core.shell:Creating package script '/home/me597/ros2/sim_ws/install/turtlebot3_gazebo/share/turtlebot3_gazebo/package.bash'
[7.119s] INFO:colcon.colcon_core.shell:Creating package script '/home/me597/ros2/sim_ws/install/turtlebot3_gazebo/share/turtlebot3_gazebo/package.zsh'
[7.119s] Level 1:colcon.colcon_core.environment:create_file_with_runtime_dependencies(/home/me597/ros2/sim_ws/install/turtlebot3_gazebo/share/colcon-core/packages/turtlebot3_gazebo)
[7.169s] Level 1:colcon.colcon_core.environment:create_environment_scripts_only(turtlebot3_gazebo)
[7.169s] Level 1:colcon.colcon_core.environment:checking '/home/me597/ros2/sim_ws/install/turtlebot3_gazebo' for CMake module files
[7.170s] Level 1:colcon.colcon_core.environment:checking '/home/me597/ros2/sim_ws/install/turtlebot3_gazebo' for CMake config files
[7.170s] Level 1:colcon.colcon_core.shell:create_environment_hook('turtlebot3_gazebo', 'cmake_prefix_path')
[7.170s] INFO:colcon.colcon_core.shell:Creating environment hook '/home/me597/ros2/sim_ws/install/turtlebot3_gazebo/share/turtlebot3_gazebo/hook/cmake_prefix_path.ps1'
[7.170s] INFO:colcon.colcon_core.shell:Creating environment descriptor '/home/me597/ros2/sim_ws/install/turtlebot3_gazebo/share/turtlebot3_gazebo/hook/cmake_prefix_path.dsv'
[7.172s] INFO:colcon.colcon_core.shell:Creating environment hook '/home/me597/ros2/sim_ws/install/turtlebot3_gazebo/share/turtlebot3_gazebo/hook/cmake_prefix_path.sh'
[7.173s] Level 1:colcon.colcon_core.environment:checking '/home/me597/ros2/sim_ws/install/turtlebot3_gazebo/lib'
[7.174s] Level 1:colcon.colcon_core.environment:checking '/home/me597/ros2/sim_ws/install/turtlebot3_gazebo/bin'
[7.174s] Level 1:colcon.colcon_core.environment:checking '/home/me597/ros2/sim_ws/install/turtlebot3_gazebo/lib/pkgconfig/turtlebot3_gazebo.pc'
[7.174s] Level 1:colcon.colcon_core.environment:checking '/home/me597/ros2/sim_ws/install/turtlebot3_gazebo/lib/python3.10/site-packages'
[7.174s] Level 1:colcon.colcon_core.environment:checking '/home/me597/ros2/sim_ws/install/turtlebot3_gazebo/bin'
[7.174s] INFO:colcon.colcon_core.shell:Creating package script '/home/me597/ros2/sim_ws/install/turtlebot3_gazebo/share/turtlebot3_gazebo/package.ps1'
[7.177s] INFO:colcon.colcon_core.shell:Creating package descriptor '/home/me597/ros2/sim_ws/install/turtlebot3_gazebo/share/turtlebot3_gazebo/package.dsv'
[7.178s] INFO:colcon.colcon_core.shell:Creating package script '/home/me597/ros2/sim_ws/install/turtlebot3_gazebo/share/turtlebot3_gazebo/package.sh'
[7.178s] INFO:colcon.colcon_core.shell:Creating package script '/home/me597/ros2/sim_ws/install/turtlebot3_gazebo/share/turtlebot3_gazebo/package.bash'
[7.179s] INFO:colcon.colcon_core.shell:Creating package script '/home/me597/ros2/sim_ws/install/turtlebot3_gazebo/share/turtlebot3_gazebo/package.zsh'
[7.180s] Level 1:colcon.colcon_core.environment:create_file_with_runtime_dependencies(/home/me597/ros2/sim_ws/install/turtlebot3_gazebo/share/colcon-core/packages/turtlebot3_gazebo)
[7.180s] DEBUG:colcon.colcon_parallel_executor.executor.parallel:closing loop
[7.180s] DEBUG:colcon.colcon_parallel_executor.executor.parallel:loop closed
[7.180s] DEBUG:colcon.colcon_parallel_executor.executor.parallel:run_until_complete finished with '0'
[7.180s] DEBUG:colcon.colcon_core.event_reactor:joining thread
[7.189s] INFO:colcon.colcon_core.plugin_system:Skipping extension 'colcon_notification.desktop_notification.terminal_notifier': Not used on non-Darwin systems
[7.189s] INFO:colcon.colcon_core.plugin_system:Skipping extension 'colcon_notification.desktop_notification.win32': Not used on non-Windows systems
[7.189s] INFO:colcon.colcon_notification.desktop_notification:Sending desktop notification using 'notify2'
[7.212s] DEBUG:colcon.colcon_core.event_reactor:joined thread
[7.212s] INFO:colcon.colcon_core.shell:Creating prefix script '/home/me597/ros2/sim_ws/install/local_setup.ps1'
[7.213s] INFO:colcon.colcon_core.shell:Creating prefix util module '/home/me597/ros2/sim_ws/install/_local_setup_util_ps1.py'
[7.214s] INFO:colcon.colcon_core.shell:Creating prefix chain script '/home/me597/ros2/sim_ws/install/setup.ps1'
[7.214s] INFO:colcon.colcon_core.shell:Creating prefix script '/home/me597/ros2/sim_ws/install/local_setup.sh'
[7.216s] INFO:colcon.colcon_core.shell:Creating prefix util module '/home/me597/ros2/sim_ws/install/_local_setup_util_sh.py'
[7.216s] INFO:colcon.colcon_core.shell:Creating prefix chain script '/home/me597/ros2/sim_ws/install/setup.sh'
[7.217s] INFO:colcon.colcon_core.shell:Creating prefix script '/home/me597/ros2/sim_ws/install/local_setup.bash'
[7.217s] INFO:colcon.colcon_core.shell:Creating prefix chain script '/home/me597/ros2/sim_ws/install/setup.bash'
[7.218s] INFO:colcon.colcon_core.shell:Creating prefix script '/home/me597/ros2/sim_ws/install/local_setup.zsh'
[7.218s] INFO:colcon.colcon_core.shell:Creating prefix chain script '/home/me597/ros2/sim_ws/install/setup.zsh'
