[0.064s] DEBUG:colcon:Command line arguments: ['/usr/bin/colcon', 'build', '--symlink-install']
[0.064s] DEBUG:colcon:Parsed command line arguments: Namespace(log_base=None, log_level=None, verb_name='build', build_base='build', install_base='install', merge_install=False, symlink_install=True, test_result_base=None, continue_on_error=False, executor='parallel', parallel_workers=2, event_handlers=None, ignore_user_meta=False, metas=['./colcon.meta'], base_paths=['.'], packages_ignore=None, packages_ignore_regex=None, paths=None, packages_up_to=None, packages_up_to_regex=None, packages_above=None, packages_above_and_dependencies=None, packages_above_depth=None, packages_select_by_dep=None, packages_skip_by_dep=None, packages_skip_up_to=None, packages_select_build_failed=False, packages_skip_build_finished=False, packages_select_test_failures=False, packages_skip_test_passed=False, packages_select=None, packages_skip=None, packages_select_regex=None, packages_skip_regex=None, packages_start=None, packages_end=None, allow_overriding=[], cmake_args=None, cmake_target=None, cmake_target_skip_unavailable=False, cmake_clean_cache=False, cmake_clean_first=False, cmake_force_configure=False, ament_cmake_args=None, catkin_cmake_args=None, catkin_skip_building_tests=False, mixin_files=None, mixin=None, verb_parser=<colcon_mixin.mixin.mixin_argument.MixinArgumentDecorator object at 0x75ac294643a0>, verb_extension=<colcon_core.verb.build.BuildVerb object at 0x75ac29574c10>, main=<bound method BuildVerb.main of <colcon_core.verb.build.BuildVerb object at 0x75ac29574c10>>, mixin_verb=('build',))
[0.147s] Level 1:colcon.colcon_core.package_discovery:discover_packages(colcon_meta) check parameters
[0.147s] Level 1:colcon.colcon_core.package_discovery:discover_packages(recursive) check parameters
[0.147s] Level 1:colcon.colcon_core.package_discovery:discover_packages(ignore) check parameters
[0.147s] Level 1:colcon.colcon_core.package_discovery:discover_packages(path) check parameters
[0.147s] Level 1:colcon.colcon_core.package_discovery:discover_packages(colcon_meta) discover
[0.147s] Level 1:colcon.colcon_core.package_discovery:discover_packages(recursive) discover
[0.147s] INFO:colcon.colcon_core.package_discovery:Crawling recursively for packages in '/home/me597/ros2/sim_ws'
[0.148s] Level 1:colcon.colcon_core.package_identification:_identify(.) by extensions ['ignore', 'ignore_ament_install']
[0.148s] Level 1:colcon.colcon_core.package_identification:_identify(.) by extension 'ignore'
[0.148s] Level 1:colcon.colcon_core.package_identification:_identify(.) by extension 'ignore_ament_install'
[0.148s] Level 1:colcon.colcon_core.package_identification:_identify(.) by extensions ['colcon_pkg']
[0.148s] Level 1:colcon.colcon_core.package_identification:_identify(.) by extension 'colcon_pkg'
[0.148s] Level 1:colcon.colcon_core.package_identification:_identify(.) by extensions ['colcon_meta']
[0.148s] Level 1:colcon.colcon_core.package_identification:_identify(.) by extension 'colcon_meta'
[0.148s] Level 1:colcon.colcon_core.package_identification:_identify(.) by extensions ['ros']
[0.148s] Level 1:colcon.colcon_core.package_identification:_identify(.) by extension 'ros'
[0.154s] Level 1:colcon.colcon_core.package_identification:_identify(.) by extensions ['cmake', 'python']
[0.154s] Level 1:colcon.colcon_core.package_identification:_identify(.) by extension 'cmake'
[0.154s] Level 1:colcon.colcon_core.package_identification:_identify(.) by extension 'python'
[0.154s] Level 1:colcon.colcon_core.package_identification:_identify(.) by extensions ['python_setup_py']
[0.154s] Level 1:colcon.colcon_core.package_identification:_identify(.) by extension 'python_setup_py'
[0.154s] Level 1:colcon.colcon_core.package_identification:_identify(build) by extensions ['ignore', 'ignore_ament_install']
[0.154s] Level 1:colcon.colcon_core.package_identification:_identify(build) by extension 'ignore'
[0.154s] Level 1:colcon.colcon_core.package_identification:_identify(build) ignored
[0.154s] Level 1:colcon.colcon_core.package_identification:_identify(install) by extensions ['ignore', 'ignore_ament_install']
[0.155s] Level 1:colcon.colcon_core.package_identification:_identify(install) by extension 'ignore'
[0.155s] Level 1:colcon.colcon_core.package_identification:_identify(install) ignored
[0.155s] Level 1:colcon.colcon_core.package_identification:_identify(log) by extensions ['ignore', 'ignore_ament_install']
[0.155s] Level 1:colcon.colcon_core.package_identification:_identify(log) by extension 'ignore'
[0.155s] Level 1:colcon.colcon_core.package_identification:_identify(log) ignored
[0.155s] Level 1:colcon.colcon_core.package_identification:_identify(src) by extensions ['ignore', 'ignore_ament_install']
[0.155s] Level 1:colcon.colcon_core.package_identification:_identify(src) by extension 'ignore'
[0.155s] Level 1:colcon.colcon_core.package_identification:_identify(src) by extension 'ignore_ament_install'
[0.155s] Level 1:colcon.colcon_core.package_identification:_identify(src) by extensions ['colcon_pkg']
[0.155s] Level 1:colcon.colcon_core.package_identification:_identify(src) by extension 'colcon_pkg'
[0.155s] Level 1:colcon.colcon_core.package_identification:_identify(src) by extensions ['colcon_meta']
[0.155s] Level 1:colcon.colcon_core.package_identification:_identify(src) by extension 'colcon_meta'
[0.155s] Level 1:colcon.colcon_core.package_identification:_identify(src) by extensions ['ros']
[0.155s] Level 1:colcon.colcon_core.package_identification:_identify(src) by extension 'ros'
[0.155s] Level 1:colcon.colcon_core.package_identification:_identify(src) by extensions ['cmake', 'python']
[0.155s] Level 1:colcon.colcon_core.package_identification:_identify(src) by extension 'cmake'
[0.155s] Level 1:colcon.colcon_core.package_identification:_identify(src) by extension 'python'
[0.155s] Level 1:colcon.colcon_core.package_identification:_identify(src) by extensions ['python_setup_py']
[0.155s] Level 1:colcon.colcon_core.package_identification:_identify(src) by extension 'python_setup_py'
[0.155s] Level 1:colcon.colcon_core.package_identification:_identify(src/ME597) by extensions ['ignore', 'ignore_ament_install']
[0.155s] Level 1:colcon.colcon_core.package_identification:_identify(src/ME597) by extension 'ignore'
[0.155s] Level 1:colcon.colcon_core.package_identification:_identify(src/ME597) by extension 'ignore_ament_install'
[0.155s] Level 1:colcon.colcon_core.package_identification:_identify(src/ME597) by extensions ['colcon_pkg']
[0.155s] Level 1:colcon.colcon_core.package_identification:_identify(src/ME597) by extension 'colcon_pkg'
[0.155s] Level 1:colcon.colcon_core.package_identification:_identify(src/ME597) by extensions ['colcon_meta']
[0.155s] Level 1:colcon.colcon_core.package_identification:_identify(src/ME597) by extension 'colcon_meta'
[0.155s] Level 1:colcon.colcon_core.package_identification:_identify(src/ME597) by extensions ['ros']
[0.155s] Level 1:colcon.colcon_core.package_identification:_identify(src/ME597) by extension 'ros'
[0.155s] Level 1:colcon.colcon_core.package_identification:_identify(src/ME597) by extensions ['cmake', 'python']
[0.155s] Level 1:colcon.colcon_core.package_identification:_identify(src/ME597) by extension 'cmake'
[0.155s] Level 1:colcon.colcon_core.package_identification:_identify(src/ME597) by extension 'python'
[0.155s] Level 1:colcon.colcon_core.package_identification:_identify(src/ME597) by extensions ['python_setup_py']
[0.155s] Level 1:colcon.colcon_core.package_identification:_identify(src/ME597) by extension 'python_setup_py'
[0.155s] Level 1:colcon.colcon_core.package_identification:_identify(src/ME597/bag_files) by extensions ['ignore', 'ignore_ament_install']
[0.155s] Level 1:colcon.colcon_core.package_identification:_identify(src/ME597/bag_files) by extension 'ignore'
[0.155s] Level 1:colcon.colcon_core.package_identification:_identify(src/ME597/bag_files) by extension 'ignore_ament_install'
[0.155s] Level 1:colcon.colcon_core.package_identification:_identify(src/ME597/bag_files) by extensions ['colcon_pkg']
[0.156s] Level 1:colcon.colcon_core.package_identification:_identify(src/ME597/bag_files) by extension 'colcon_pkg'
[0.156s] Level 1:colcon.colcon_core.package_identification:_identify(src/ME597/bag_files) by extensions ['colcon_meta']
[0.156s] Level 1:colcon.colcon_core.package_identification:_identify(src/ME597/bag_files) by extension 'colcon_meta'
[0.156s] Level 1:colcon.colcon_core.package_identification:_identify(src/ME597/bag_files) by extensions ['ros']
[0.156s] Level 1:colcon.colcon_core.package_identification:_identify(src/ME597/bag_files) by extension 'ros'
[0.156s] Level 1:colcon.colcon_core.package_identification:_identify(src/ME597/bag_files) by extensions ['cmake', 'python']
[0.156s] Level 1:colcon.colcon_core.package_identification:_identify(src/ME597/bag_files) by extension 'cmake'
[0.156s] Level 1:colcon.colcon_core.package_identification:_identify(src/ME597/bag_files) by extension 'python'
[0.156s] Level 1:colcon.colcon_core.package_identification:_identify(src/ME597/bag_files) by extensions ['python_setup_py']
[0.156s] Level 1:colcon.colcon_core.package_identification:_identify(src/ME597/bag_files) by extension 'python_setup_py'
[0.156s] Level 1:colcon.colcon_core.package_identification:_identify(src/ME597/bag_files/task_1) by extensions ['ignore', 'ignore_ament_install']
[0.156s] Level 1:colcon.colcon_core.package_identification:_identify(src/ME597/bag_files/task_1) by extension 'ignore'
[0.156s] Level 1:colcon.colcon_core.package_identification:_identify(src/ME597/bag_files/task_1) by extension 'ignore_ament_install'
[0.156s] Level 1:colcon.colcon_core.package_identification:_identify(src/ME597/bag_files/task_1) by extensions ['colcon_pkg']
[0.156s] Level 1:colcon.colcon_core.package_identification:_identify(src/ME597/bag_files/task_1) by extension 'colcon_pkg'
[0.156s] Level 1:colcon.colcon_core.package_identification:_identify(src/ME597/bag_files/task_1) by extensions ['colcon_meta']
[0.156s] Level 1:colcon.colcon_core.package_identification:_identify(src/ME597/bag_files/task_1) by extension 'colcon_meta'
[0.156s] Level 1:colcon.colcon_core.package_identification:_identify(src/ME597/bag_files/task_1) by extensions ['ros']
[0.156s] Level 1:colcon.colcon_core.package_identification:_identify(src/ME597/bag_files/task_1) by extension 'ros'
[0.156s] Level 1:colcon.colcon_core.package_identification:_identify(src/ME597/bag_files/task_1) by extensions ['cmake', 'python']
[0.156s] Level 1:colcon.colcon_core.package_identification:_identify(src/ME597/bag_files/task_1) by extension 'cmake'
[0.156s] Level 1:colcon.colcon_core.package_identification:_identify(src/ME597/bag_files/task_1) by extension 'python'
[0.156s] Level 1:colcon.colcon_core.package_identification:_identify(src/ME597/bag_files/task_1) by extensions ['python_setup_py']
[0.156s] Level 1:colcon.colcon_core.package_identification:_identify(src/ME597/bag_files/task_1) by extension 'python_setup_py'
[0.156s] Level 1:colcon.colcon_core.package_identification:_identify(src/ME597/my_package) by extensions ['ignore', 'ignore_ament_install']
[0.156s] Level 1:colcon.colcon_core.package_identification:_identify(src/ME597/my_package) by extension 'ignore'
[0.156s] Level 1:colcon.colcon_core.package_identification:_identify(src/ME597/my_package) by extension 'ignore_ament_install'
[0.156s] Level 1:colcon.colcon_core.package_identification:_identify(src/ME597/my_package) by extensions ['colcon_pkg']
[0.156s] Level 1:colcon.colcon_core.package_identification:_identify(src/ME597/my_package) by extension 'colcon_pkg'
[0.156s] Level 1:colcon.colcon_core.package_identification:_identify(src/ME597/my_package) by extensions ['colcon_meta']
[0.156s] Level 1:colcon.colcon_core.package_identification:_identify(src/ME597/my_package) by extension 'colcon_meta'
[0.156s] Level 1:colcon.colcon_core.package_identification:_identify(src/ME597/my_package) by extensions ['ros']
[0.156s] Level 1:colcon.colcon_core.package_identification:_identify(src/ME597/my_package) by extension 'ros'
[0.158s] DEBUG:colcon.colcon_core.package_identification:Package 'src/ME597/my_package' with type 'ros.ament_python' and name 'my_package'
[0.158s] Level 1:colcon.colcon_core.package_identification:_identify(src/ME597/py_pubsub) by extensions ['ignore', 'ignore_ament_install']
[0.158s] Level 1:colcon.colcon_core.package_identification:_identify(src/ME597/py_pubsub) by extension 'ignore'
[0.158s] Level 1:colcon.colcon_core.package_identification:_identify(src/ME597/py_pubsub) by extension 'ignore_ament_install'
[0.158s] Level 1:colcon.colcon_core.package_identification:_identify(src/ME597/py_pubsub) by extensions ['colcon_pkg']
[0.158s] Level 1:colcon.colcon_core.package_identification:_identify(src/ME597/py_pubsub) by extension 'colcon_pkg'
[0.158s] Level 1:colcon.colcon_core.package_identification:_identify(src/ME597/py_pubsub) by extensions ['colcon_meta']
[0.158s] Level 1:colcon.colcon_core.package_identification:_identify(src/ME597/py_pubsub) by extension 'colcon_meta'
[0.158s] Level 1:colcon.colcon_core.package_identification:_identify(src/ME597/py_pubsub) by extensions ['ros']
[0.158s] Level 1:colcon.colcon_core.package_identification:_identify(src/ME597/py_pubsub) by extension 'ros'
[0.158s] DEBUG:colcon.colcon_core.package_identification:Package 'src/ME597/py_pubsub' with type 'ros.ament_python' and name 'py_pubsub'
[0.158s] Level 1:colcon.colcon_core.package_identification:_identify(src/ME597/task_1) by extensions ['ignore', 'ignore_ament_install']
[0.158s] Level 1:colcon.colcon_core.package_identification:_identify(src/ME597/task_1) by extension 'ignore'
[0.158s] Level 1:colcon.colcon_core.package_identification:_identify(src/ME597/task_1) by extension 'ignore_ament_install'
[0.159s] Level 1:colcon.colcon_core.package_identification:_identify(src/ME597/task_1) by extensions ['colcon_pkg']
[0.159s] Level 1:colcon.colcon_core.package_identification:_identify(src/ME597/task_1) by extension 'colcon_pkg'
[0.159s] Level 1:colcon.colcon_core.package_identification:_identify(src/ME597/task_1) by extensions ['colcon_meta']
[0.159s] Level 1:colcon.colcon_core.package_identification:_identify(src/ME597/task_1) by extension 'colcon_meta'
[0.159s] Level 1:colcon.colcon_core.package_identification:_identify(src/ME597/task_1) by extensions ['ros']
[0.159s] Level 1:colcon.colcon_core.package_identification:_identify(src/ME597/task_1) by extension 'ros'
[0.159s] DEBUG:colcon.colcon_core.package_identification:Package 'src/ME597/task_1' with type 'ros.ament_python' and name 'task_1'
[0.159s] Level 1:colcon.colcon_core.package_identification:_identify(src/ME597/task_2) by extensions ['ignore', 'ignore_ament_install']
[0.159s] Level 1:colcon.colcon_core.package_identification:_identify(src/ME597/task_2) by extension 'ignore'
[0.159s] Level 1:colcon.colcon_core.package_identification:_identify(src/ME597/task_2) by extension 'ignore_ament_install'
[0.159s] Level 1:colcon.colcon_core.package_identification:_identify(src/ME597/task_2) by extensions ['colcon_pkg']
[0.159s] Level 1:colcon.colcon_core.package_identification:_identify(src/ME597/task_2) by extension 'colcon_pkg'
[0.159s] Level 1:colcon.colcon_core.package_identification:_identify(src/ME597/task_2) by extensions ['colcon_meta']
[0.159s] Level 1:colcon.colcon_core.package_identification:_identify(src/ME597/task_2) by extension 'colcon_meta'
[0.159s] Level 1:colcon.colcon_core.package_identification:_identify(src/ME597/task_2) by extensions ['ros']
[0.159s] Level 1:colcon.colcon_core.package_identification:_identify(src/ME597/task_2) by extension 'ros'
[0.160s] DEBUG:colcon.colcon_core.package_identification:Package 'src/ME597/task_2' with type 'ros.ament_python' and name 'task_2'
[0.160s] Level 1:colcon.colcon_core.package_identification:_identify(src/ME597/task_2_interfaces) by extensions ['ignore', 'ignore_ament_install']
[0.160s] Level 1:colcon.colcon_core.package_identification:_identify(src/ME597/task_2_interfaces) by extension 'ignore'
[0.160s] Level 1:colcon.colcon_core.package_identification:_identify(src/ME597/task_2_interfaces) by extension 'ignore_ament_install'
[0.160s] Level 1:colcon.colcon_core.package_identification:_identify(src/ME597/task_2_interfaces) by extensions ['colcon_pkg']
[0.160s] Level 1:colcon.colcon_core.package_identification:_identify(src/ME597/task_2_interfaces) by extension 'colcon_pkg'
[0.160s] Level 1:colcon.colcon_core.package_identification:_identify(src/ME597/task_2_interfaces) by extensions ['colcon_meta']
[0.160s] Level 1:colcon.colcon_core.package_identification:_identify(src/ME597/task_2_interfaces) by extension 'colcon_meta'
[0.160s] Level 1:colcon.colcon_core.package_identification:_identify(src/ME597/task_2_interfaces) by extensions ['ros']
[0.160s] Level 1:colcon.colcon_core.package_identification:_identify(src/ME597/task_2_interfaces) by extension 'ros'
[0.160s] DEBUG:colcon.colcon_core.package_identification:Package 'src/ME597/task_2_interfaces' with type 'ros.ament_cmake' and name 'task_2_interfaces'
[0.161s] Level 1:colcon.colcon_core.package_identification:_identify(src/sim_utils) by extensions ['ignore', 'ignore_ament_install']
[0.161s] Level 1:colcon.colcon_core.package_identification:_identify(src/sim_utils) by extension 'ignore'
[0.161s] Level 1:colcon.colcon_core.package_identification:_identify(src/sim_utils) by extension 'ignore_ament_install'
[0.161s] Level 1:colcon.colcon_core.package_identification:_identify(src/sim_utils) by extensions ['colcon_pkg']
[0.161s] Level 1:colcon.colcon_core.package_identification:_identify(src/sim_utils) by extension 'colcon_pkg'
[0.161s] Level 1:colcon.colcon_core.package_identification:_identify(src/sim_utils) by extensions ['colcon_meta']
[0.161s] Level 1:colcon.colcon_core.package_identification:_identify(src/sim_utils) by extension 'colcon_meta'
[0.161s] Level 1:colcon.colcon_core.package_identification:_identify(src/sim_utils) by extensions ['ros']
[0.161s] Level 1:colcon.colcon_core.package_identification:_identify(src/sim_utils) by extension 'ros'
[0.161s] DEBUG:colcon.colcon_core.package_identification:Package 'src/sim_utils' with type 'ros.ament_python' and name 'sim_utils'
[0.161s] Level 1:colcon.colcon_core.package_identification:_identify(src/turtlebot3_gazebo) by extensions ['ignore', 'ignore_ament_install']
[0.161s] Level 1:colcon.colcon_core.package_identification:_identify(src/turtlebot3_gazebo) by extension 'ignore'
[0.161s] Level 1:colcon.colcon_core.package_identification:_identify(src/turtlebot3_gazebo) by extension 'ignore_ament_install'
[0.161s] Level 1:colcon.colcon_core.package_identification:_identify(src/turtlebot3_gazebo) by extensions ['colcon_pkg']
[0.161s] Level 1:colcon.colcon_core.package_identification:_identify(src/turtlebot3_gazebo) by extension 'colcon_pkg'
[0.161s] Level 1:colcon.colcon_core.package_identification:_identify(src/turtlebot3_gazebo) by extensions ['colcon_meta']
[0.161s] Level 1:colcon.colcon_core.package_identification:_identify(src/turtlebot3_gazebo) by extension 'colcon_meta'
[0.161s] Level 1:colcon.colcon_core.package_identification:_identify(src/turtlebot3_gazebo) by extensions ['ros']
[0.161s] Level 1:colcon.colcon_core.package_identification:_identify(src/turtlebot3_gazebo) by extension 'ros'
[0.162s] DEBUG:colcon.colcon_core.package_identification:Package 'src/turtlebot3_gazebo' with type 'ros.ament_cmake' and name 'turtlebot3_gazebo'
[0.162s] Level 1:colcon.colcon_core.package_discovery:discover_packages(recursive) using defaults
[0.162s] Level 1:colcon.colcon_core.package_discovery:discover_packages(ignore) discover
[0.162s] Level 1:colcon.colcon_core.package_discovery:discover_packages(ignore) using defaults
[0.162s] Level 1:colcon.colcon_core.package_discovery:discover_packages(path) discover
[0.162s] Level 1:colcon.colcon_core.package_discovery:discover_packages(path) using defaults
[0.175s] Level 1:colcon.colcon_core.package_discovery:discover_packages(prefix_path) check parameters
[0.175s] Level 1:colcon.colcon_core.package_discovery:discover_packages(prefix_path) discover
[0.177s] DEBUG:colcon.colcon_installed_package_information.package_discovery:Found 321 installed packages in /opt/ros/humble
[0.184s] Level 1:colcon.colcon_core.package_discovery:discover_packages(prefix_path) using defaults
[0.205s] Level 5:colcon.colcon_core.verb:set package 'my_package' build argument 'cmake_args' from command line to 'None'
[0.205s] Level 5:colcon.colcon_core.verb:set package 'my_package' build argument 'cmake_target' from command line to 'None'
[0.205s] Level 5:colcon.colcon_core.verb:set package 'my_package' build argument 'cmake_target_skip_unavailable' from command line to 'False'
[0.205s] Level 5:colcon.colcon_core.verb:set package 'my_package' build argument 'cmake_clean_cache' from command line to 'False'
[0.205s] Level 5:colcon.colcon_core.verb:set package 'my_package' build argument 'cmake_clean_first' from command line to 'False'
[0.205s] Level 5:colcon.colcon_core.verb:set package 'my_package' build argument 'cmake_force_configure' from command line to 'False'
[0.205s] Level 5:colcon.colcon_core.verb:set package 'my_package' build argument 'ament_cmake_args' from command line to 'None'
[0.205s] Level 5:colcon.colcon_core.verb:set package 'my_package' build argument 'catkin_cmake_args' from command line to 'None'
[0.205s] Level 5:colcon.colcon_core.verb:set package 'my_package' build argument 'catkin_skip_building_tests' from command line to 'False'
[0.205s] DEBUG:colcon.colcon_core.verb:Building package 'my_package' with the following arguments: {'ament_cmake_args': None, 'build_base': '/home/me597/ros2/sim_ws/build/my_package', 'catkin_cmake_args': None, 'catkin_skip_building_tests': False, 'cmake_args': None, 'cmake_clean_cache': False, 'cmake_clean_first': False, 'cmake_force_configure': False, 'cmake_target': None, 'cmake_target_skip_unavailable': False, 'install_base': '/home/me597/ros2/sim_ws/install/my_package', 'merge_install': False, 'path': '/home/me597/ros2/sim_ws/src/ME597/my_package', 'symlink_install': True, 'test_result_base': None}
[0.206s] Level 5:colcon.colcon_core.verb:set package 'py_pubsub' build argument 'cmake_args' from command line to 'None'
[0.206s] Level 5:colcon.colcon_core.verb:set package 'py_pubsub' build argument 'cmake_target' from command line to 'None'
[0.206s] Level 5:colcon.colcon_core.verb:set package 'py_pubsub' build argument 'cmake_target_skip_unavailable' from command line to 'False'
[0.206s] Level 5:colcon.colcon_core.verb:set package 'py_pubsub' build argument 'cmake_clean_cache' from command line to 'False'
[0.206s] Level 5:colcon.colcon_core.verb:set package 'py_pubsub' build argument 'cmake_clean_first' from command line to 'False'
[0.206s] Level 5:colcon.colcon_core.verb:set package 'py_pubsub' build argument 'cmake_force_configure' from command line to 'False'
[0.206s] Level 5:colcon.colcon_core.verb:set package 'py_pubsub' build argument 'ament_cmake_args' from command line to 'None'
[0.206s] Level 5:colcon.colcon_core.verb:set package 'py_pubsub' build argument 'catkin_cmake_args' from command line to 'None'
[0.206s] Level 5:colcon.colcon_core.verb:set package 'py_pubsub' build argument 'catkin_skip_building_tests' from command line to 'False'
[0.206s] DEBUG:colcon.colcon_core.verb:Building package 'py_pubsub' with the following arguments: {'ament_cmake_args': None, 'build_base': '/home/me597/ros2/sim_ws/build/py_pubsub', 'catkin_cmake_args': None, 'catkin_skip_building_tests': False, 'cmake_args': None, 'cmake_clean_cache': False, 'cmake_clean_first': False, 'cmake_force_configure': False, 'cmake_target': None, 'cmake_target_skip_unavailable': False, 'install_base': '/home/me597/ros2/sim_ws/install/py_pubsub', 'merge_install': False, 'path': '/home/me597/ros2/sim_ws/src/ME597/py_pubsub', 'symlink_install': True, 'test_result_base': None}
[0.206s] Level 5:colcon.colcon_core.verb:set package 'sim_utils' build argument 'cmake_args' from command line to 'None'
[0.206s] Level 5:colcon.colcon_core.verb:set package 'sim_utils' build argument 'cmake_target' from command line to 'None'
[0.206s] Level 5:colcon.colcon_core.verb:set package 'sim_utils' build argument 'cmake_target_skip_unavailable' from command line to 'False'
[0.206s] Level 5:colcon.colcon_core.verb:set package 'sim_utils' build argument 'cmake_clean_cache' from command line to 'False'
[0.206s] Level 5:colcon.colcon_core.verb:set package 'sim_utils' build argument 'cmake_clean_first' from command line to 'False'
[0.206s] Level 5:colcon.colcon_core.verb:set package 'sim_utils' build argument 'cmake_force_configure' from command line to 'False'
[0.206s] Level 5:colcon.colcon_core.verb:set package 'sim_utils' build argument 'ament_cmake_args' from command line to 'None'
[0.206s] Level 5:colcon.colcon_core.verb:set package 'sim_utils' build argument 'catkin_cmake_args' from command line to 'None'
[0.206s] Level 5:colcon.colcon_core.verb:set package 'sim_utils' build argument 'catkin_skip_building_tests' from command line to 'False'
[0.206s] DEBUG:colcon.colcon_core.verb:Building package 'sim_utils' with the following arguments: {'ament_cmake_args': None, 'build_base': '/home/me597/ros2/sim_ws/build/sim_utils', 'catkin_cmake_args': None, 'catkin_skip_building_tests': False, 'cmake_args': None, 'cmake_clean_cache': False, 'cmake_clean_first': False, 'cmake_force_configure': False, 'cmake_target': None, 'cmake_target_skip_unavailable': False, 'install_base': '/home/me597/ros2/sim_ws/install/sim_utils', 'merge_install': False, 'path': '/home/me597/ros2/sim_ws/src/sim_utils', 'symlink_install': True, 'test_result_base': None}
[0.206s] Level 5:colcon.colcon_core.verb:set package 'task_1' build argument 'cmake_args' from command line to 'None'
[0.206s] Level 5:colcon.colcon_core.verb:set package 'task_1' build argument 'cmake_target' from command line to 'None'
[0.206s] Level 5:colcon.colcon_core.verb:set package 'task_1' build argument 'cmake_target_skip_unavailable' from command line to 'False'
[0.206s] Level 5:colcon.colcon_core.verb:set package 'task_1' build argument 'cmake_clean_cache' from command line to 'False'
[0.206s] Level 5:colcon.colcon_core.verb:set package 'task_1' build argument 'cmake_clean_first' from command line to 'False'
[0.206s] Level 5:colcon.colcon_core.verb:set package 'task_1' build argument 'cmake_force_configure' from command line to 'False'
[0.206s] Level 5:colcon.colcon_core.verb:set package 'task_1' build argument 'ament_cmake_args' from command line to 'None'
[0.207s] Level 5:colcon.colcon_core.verb:set package 'task_1' build argument 'catkin_cmake_args' from command line to 'None'
[0.207s] Level 5:colcon.colcon_core.verb:set package 'task_1' build argument 'catkin_skip_building_tests' from command line to 'False'
[0.207s] DEBUG:colcon.colcon_core.verb:Building package 'task_1' with the following arguments: {'ament_cmake_args': None, 'build_base': '/home/me597/ros2/sim_ws/build/task_1', 'catkin_cmake_args': None, 'catkin_skip_building_tests': False, 'cmake_args': None, 'cmake_clean_cache': False, 'cmake_clean_first': False, 'cmake_force_configure': False, 'cmake_target': None, 'cmake_target_skip_unavailable': False, 'install_base': '/home/me597/ros2/sim_ws/install/task_1', 'merge_install': False, 'path': '/home/me597/ros2/sim_ws/src/ME597/task_1', 'symlink_install': True, 'test_result_base': None}
[0.207s] Level 5:colcon.colcon_core.verb:set package 'task_2_interfaces' build argument 'cmake_args' from command line to 'None'
[0.207s] Level 5:colcon.colcon_core.verb:set package 'task_2_interfaces' build argument 'cmake_target' from command line to 'None'
[0.207s] Level 5:colcon.colcon_core.verb:set package 'task_2_interfaces' build argument 'cmake_target_skip_unavailable' from command line to 'False'
[0.207s] Level 5:colcon.colcon_core.verb:set package 'task_2_interfaces' build argument 'cmake_clean_cache' from command line to 'False'
[0.207s] Level 5:colcon.colcon_core.verb:set package 'task_2_interfaces' build argument 'cmake_clean_first' from command line to 'False'
[0.207s] Level 5:colcon.colcon_core.verb:set package 'task_2_interfaces' build argument 'cmake_force_configure' from command line to 'False'
[0.207s] Level 5:colcon.colcon_core.verb:set package 'task_2_interfaces' build argument 'ament_cmake_args' from command line to 'None'
[0.207s] Level 5:colcon.colcon_core.verb:set package 'task_2_interfaces' build argument 'catkin_cmake_args' from command line to 'None'
[0.207s] Level 5:colcon.colcon_core.verb:set package 'task_2_interfaces' build argument 'catkin_skip_building_tests' from command line to 'False'
[0.207s] DEBUG:colcon.colcon_core.verb:Building package 'task_2_interfaces' with the following arguments: {'ament_cmake_args': None, 'build_base': '/home/me597/ros2/sim_ws/build/task_2_interfaces', 'catkin_cmake_args': None, 'catkin_skip_building_tests': False, 'cmake_args': None, 'cmake_clean_cache': False, 'cmake_clean_first': False, 'cmake_force_configure': False, 'cmake_target': None, 'cmake_target_skip_unavailable': False, 'install_base': '/home/me597/ros2/sim_ws/install/task_2_interfaces', 'merge_install': False, 'path': '/home/me597/ros2/sim_ws/src/ME597/task_2_interfaces', 'symlink_install': True, 'test_result_base': None}
[0.207s] Level 5:colcon.colcon_core.verb:set package 'turtlebot3_gazebo' build argument 'cmake_args' from command line to 'None'
[0.207s] Level 5:colcon.colcon_core.verb:set package 'turtlebot3_gazebo' build argument 'cmake_target' from command line to 'None'
[0.207s] Level 5:colcon.colcon_core.verb:set package 'turtlebot3_gazebo' build argument 'cmake_target_skip_unavailable' from command line to 'False'
[0.207s] Level 5:colcon.colcon_core.verb:set package 'turtlebot3_gazebo' build argument 'cmake_clean_cache' from command line to 'False'
[0.207s] Level 5:colcon.colcon_core.verb:set package 'turtlebot3_gazebo' build argument 'cmake_clean_first' from command line to 'False'
[0.207s] Level 5:colcon.colcon_core.verb:set package 'turtlebot3_gazebo' build argument 'cmake_force_configure' from command line to 'False'
[0.207s] Level 5:colcon.colcon_core.verb:set package 'turtlebot3_gazebo' build argument 'ament_cmake_args' from command line to 'None'
[0.207s] Level 5:colcon.colcon_core.verb:set package 'turtlebot3_gazebo' build argument 'catkin_cmake_args' from command line to 'None'
[0.207s] Level 5:colcon.colcon_core.verb:set package 'turtlebot3_gazebo' build argument 'catkin_skip_building_tests' from command line to 'False'
[0.207s] DEBUG:colcon.colcon_core.verb:Building package 'turtlebot3_gazebo' with the following arguments: {'ament_cmake_args': None, 'build_base': '/home/me597/ros2/sim_ws/build/turtlebot3_gazebo', 'catkin_cmake_args': None, 'catkin_skip_building_tests': False, 'cmake_args': None, 'cmake_clean_cache': False, 'cmake_clean_first': False, 'cmake_force_configure': False, 'cmake_target': None, 'cmake_target_skip_unavailable': False, 'install_base': '/home/me597/ros2/sim_ws/install/turtlebot3_gazebo', 'merge_install': False, 'path': '/home/me597/ros2/sim_ws/src/turtlebot3_gazebo', 'symlink_install': True, 'test_result_base': None}
[0.208s] Level 5:colcon.colcon_core.verb:set package 'task_2' build argument 'cmake_args' from command line to 'None'
[0.208s] Level 5:colcon.colcon_core.verb:set package 'task_2' build argument 'cmake_target' from command line to 'None'
[0.208s] Level 5:colcon.colcon_core.verb:set package 'task_2' build argument 'cmake_target_skip_unavailable' from command line to 'False'
[0.208s] Level 5:colcon.colcon_core.verb:set package 'task_2' build argument 'cmake_clean_cache' from command line to 'False'
[0.208s] Level 5:colcon.colcon_core.verb:set package 'task_2' build argument 'cmake_clean_first' from command line to 'False'
[0.208s] Level 5:colcon.colcon_core.verb:set package 'task_2' build argument 'cmake_force_configure' from command line to 'False'
[0.208s] Level 5:colcon.colcon_core.verb:set package 'task_2' build argument 'ament_cmake_args' from command line to 'None'
[0.208s] Level 5:colcon.colcon_core.verb:set package 'task_2' build argument 'catkin_cmake_args' from command line to 'None'
[0.208s] Level 5:colcon.colcon_core.verb:set package 'task_2' build argument 'catkin_skip_building_tests' from command line to 'False'
[0.208s] DEBUG:colcon.colcon_core.verb:Building package 'task_2' with the following arguments: {'ament_cmake_args': None, 'build_base': '/home/me597/ros2/sim_ws/build/task_2', 'catkin_cmake_args': None, 'catkin_skip_building_tests': False, 'cmake_args': None, 'cmake_clean_cache': False, 'cmake_clean_first': False, 'cmake_force_configure': False, 'cmake_target': None, 'cmake_target_skip_unavailable': False, 'install_base': '/home/me597/ros2/sim_ws/install/task_2', 'merge_install': False, 'path': '/home/me597/ros2/sim_ws/src/ME597/task_2', 'symlink_install': True, 'test_result_base': None}
[0.208s] INFO:colcon.colcon_core.executor:Executing jobs using 'parallel' executor
[0.209s] DEBUG:colcon.colcon_parallel_executor.executor.parallel:run_until_complete
[0.209s] INFO:colcon.colcon_ros.task.ament_cmake.build:Building ROS package in '/home/me597/ros2/sim_ws/src/ME597/task_2_interfaces' with build type 'ament_cmake'
[0.209s] INFO:colcon.colcon_cmake.task.cmake.build:Building CMake package in '/home/me597/ros2/sim_ws/src/ME597/task_2_interfaces'
[0.211s] INFO:colcon.colcon_core.plugin_system:Skipping extension 'colcon_core.shell.bat': Not used on non-Windows systems
[0.211s] INFO:colcon.colcon_core.shell:Skip shell extension 'powershell' for command environment: Not usable outside of PowerShell
[0.211s] DEBUG:colcon.colcon_core.shell:Skip shell extension 'dsv' for command environment
[0.213s] INFO:colcon.colcon_ros.task.ament_python.build:Building ROS package in '/home/me597/ros2/sim_ws/src/ME597/my_package' with build type 'ament_python'
[0.213s] Level 1:colcon.colcon_core.shell:create_environment_hook('my_package', 'ament_prefix_path')
[0.213s] INFO:colcon.colcon_core.shell:Creating environment hook '/home/me597/ros2/sim_ws/install/my_package/share/my_package/hook/ament_prefix_path.ps1'
[0.214s] INFO:colcon.colcon_core.shell:Creating environment descriptor '/home/me597/ros2/sim_ws/install/my_package/share/my_package/hook/ament_prefix_path.dsv'
[0.214s] INFO:colcon.colcon_core.shell:Creating environment hook '/home/me597/ros2/sim_ws/install/my_package/share/my_package/hook/ament_prefix_path.sh'
[0.215s] INFO:colcon.colcon_core.shell:Skip shell extension 'powershell' for command environment: Not usable outside of PowerShell
[0.215s] DEBUG:colcon.colcon_core.shell:Skip shell extension 'dsv' for command environment
[0.226s] DEBUG:colcon.colcon_core.event_handler.log_command:Invoking command in '/home/me597/ros2/sim_ws/build/task_2_interfaces': CMAKE_PREFIX_PATH=/opt/ros/humble /usr/bin/cmake /home/me597/ros2/sim_ws/src/ME597/task_2_interfaces -DAMENT_CMAKE_SYMLINK_INSTALL=1 -DCMAKE_INSTALL_PREFIX=/home/me597/ros2/sim_ws/install/task_2_interfaces
[0.533s] INFO:colcon.colcon_core.task.python.build:Building Python package in '/home/me597/ros2/sim_ws/src/ME597/my_package'
[0.533s] INFO:colcon.colcon_core.shell:Skip shell extension 'powershell' for command environment: Not usable outside of PowerShell
[0.533s] DEBUG:colcon.colcon_core.shell:Skip shell extension 'dsv' for command environment
[0.836s] DEBUG:colcon.colcon_core.task.python.build:While undoing a previous installation files outside the Python library path are being ignored: /home/me597/ros2/sim_ws/install/my_package/share/ament_index/resource_index/packages/my_package
[0.836s] DEBUG:colcon.colcon_core.task.python.build:While undoing a previous installation files outside the Python library path are being ignored: /home/me597/ros2/sim_ws/install/my_package/share/my_package/package.xml
[0.836s] DEBUG:colcon.colcon_core.task.python.build:While undoing a previous installation files outside the Python library path are being ignored: /home/me597/ros2/sim_ws/install/my_package/lib/my_package/my_node
[0.843s] DEBUG:colcon.colcon_core.event_handler.log_command:Invoking command in '/home/me597/ros2/sim_ws/build/my_package': PYTHONPATH=/home/me597/ros2/sim_ws/build/my_package/prefix_override:/usr/lib/python3/dist-packages/colcon_core/task/python/colcon_distutils_commands:/home/me597/ros2/sim_ws/install/my_package/lib/python3.10/site-packages:${PYTHONPATH} /usr/bin/python3 -W ignore:setup.py install is deprecated setup.py develop --editable --build-directory /home/me597/ros2/sim_ws/build/my_package/build --no-deps symlink_data --force
[1.161s] Level 1:colcon.colcon_core.shell:create_environment_hook('my_package', 'pythonpath_develop')
[1.162s] INFO:colcon.colcon_core.shell:Creating environment hook '/home/me597/ros2/sim_ws/build/my_package/share/my_package/hook/pythonpath_develop.ps1'
[1.162s] DEBUG:colcon.colcon_core.event_handler.log_command:Invoked command in '/home/me597/ros2/sim_ws/build/my_package' returned '0': PYTHONPATH=/home/me597/ros2/sim_ws/build/my_package/prefix_override:/usr/lib/python3/dist-packages/colcon_core/task/python/colcon_distutils_commands:/home/me597/ros2/sim_ws/install/my_package/lib/python3.10/site-packages:${PYTHONPATH} /usr/bin/python3 -W ignore:setup.py install is deprecated setup.py develop --editable --build-directory /home/me597/ros2/sim_ws/build/my_package/build --no-deps symlink_data --force
[1.163s] INFO:colcon.colcon_core.shell:Creating environment descriptor '/home/me597/ros2/sim_ws/build/my_package/share/my_package/hook/pythonpath_develop.dsv'
[1.163s] INFO:colcon.colcon_core.shell:Creating environment hook '/home/me597/ros2/sim_ws/build/my_package/share/my_package/hook/pythonpath_develop.sh'
[1.164s] Level 1:colcon.colcon_core.environment:checking '/home/me597/ros2/sim_ws/install/my_package' for CMake module files
[1.165s] Level 1:colcon.colcon_core.environment:checking '/home/me597/ros2/sim_ws/install/my_package' for CMake config files
[1.165s] Level 1:colcon.colcon_core.environment:checking '/home/me597/ros2/sim_ws/install/my_package/lib'
[1.165s] Level 1:colcon.colcon_core.environment:checking '/home/me597/ros2/sim_ws/install/my_package/bin'
[1.165s] Level 1:colcon.colcon_core.environment:checking '/home/me597/ros2/sim_ws/install/my_package/lib/pkgconfig/my_package.pc'
[1.165s] Level 1:colcon.colcon_core.environment:checking '/home/me597/ros2/sim_ws/install/my_package/lib/python3.10/site-packages'
[1.165s] Level 1:colcon.colcon_core.shell:create_environment_hook('my_package', 'pythonpath')
[1.165s] INFO:colcon.colcon_core.shell:Creating environment hook '/home/me597/ros2/sim_ws/install/my_package/share/my_package/hook/pythonpath.ps1'
[1.166s] INFO:colcon.colcon_core.shell:Creating environment descriptor '/home/me597/ros2/sim_ws/install/my_package/share/my_package/hook/pythonpath.dsv'
[1.166s] INFO:colcon.colcon_core.shell:Creating environment hook '/home/me597/ros2/sim_ws/install/my_package/share/my_package/hook/pythonpath.sh'
[1.166s] Level 1:colcon.colcon_core.environment:checking '/home/me597/ros2/sim_ws/install/my_package/bin'
[1.167s] Level 1:colcon.colcon_core.environment:create_environment_scripts_only(my_package)
[1.167s] INFO:colcon.colcon_core.shell:Creating package script '/home/me597/ros2/sim_ws/install/my_package/share/my_package/package.ps1'
[1.167s] INFO:colcon.colcon_core.shell:Creating package descriptor '/home/me597/ros2/sim_ws/install/my_package/share/my_package/package.dsv'
[1.168s] INFO:colcon.colcon_core.shell:Creating package script '/home/me597/ros2/sim_ws/install/my_package/share/my_package/package.sh'
[1.168s] INFO:colcon.colcon_core.shell:Creating package script '/home/me597/ros2/sim_ws/install/my_package/share/my_package/package.bash'
[1.169s] INFO:colcon.colcon_core.shell:Creating package script '/home/me597/ros2/sim_ws/install/my_package/share/my_package/package.zsh'
[1.169s] Level 1:colcon.colcon_core.environment:create_file_with_runtime_dependencies(/home/me597/ros2/sim_ws/install/my_package/share/colcon-core/packages/my_package)
[1.169s] INFO:colcon.colcon_ros.task.ament_python.build:Building ROS package in '/home/me597/ros2/sim_ws/src/ME597/py_pubsub' with build type 'ament_python'
[1.169s] Level 1:colcon.colcon_core.shell:create_environment_hook('py_pubsub', 'ament_prefix_path')
[1.170s] INFO:colcon.colcon_core.shell:Creating environment hook '/home/me597/ros2/sim_ws/install/py_pubsub/share/py_pubsub/hook/ament_prefix_path.ps1'
[1.170s] INFO:colcon.colcon_core.shell:Creating environment descriptor '/home/me597/ros2/sim_ws/install/py_pubsub/share/py_pubsub/hook/ament_prefix_path.dsv'
[1.170s] INFO:colcon.colcon_core.shell:Creating environment hook '/home/me597/ros2/sim_ws/install/py_pubsub/share/py_pubsub/hook/ament_prefix_path.sh'
[1.171s] INFO:colcon.colcon_core.shell:Skip shell extension 'powershell' for command environment: Not usable outside of PowerShell
[1.171s] DEBUG:colcon.colcon_core.shell:Skip shell extension 'dsv' for command environment
[1.381s] INFO:colcon.colcon_core.task.python.build:Building Python package in '/home/me597/ros2/sim_ws/src/ME597/py_pubsub'
[1.381s] INFO:colcon.colcon_core.shell:Skip shell extension 'powershell' for command environment: Not usable outside of PowerShell
[1.381s] DEBUG:colcon.colcon_core.shell:Skip shell extension 'dsv' for command environment
[1.720s] DEBUG:colcon.colcon_core.task.python.build:While undoing a previous installation files outside the Python library path are being ignored: /home/me597/ros2/sim_ws/install/py_pubsub/share/ament_index/resource_index/packages/py_pubsub
[1.720s] DEBUG:colcon.colcon_core.task.python.build:While undoing a previous installation files outside the Python library path are being ignored: /home/me597/ros2/sim_ws/install/py_pubsub/share/py_pubsub/package.xml
[1.720s] DEBUG:colcon.colcon_core.task.python.build:While undoing a previous installation files outside the Python library path are being ignored: /home/me597/ros2/sim_ws/install/py_pubsub/lib/py_pubsub/listener
[1.720s] DEBUG:colcon.colcon_core.task.python.build:While undoing a previous installation files outside the Python library path are being ignored: /home/me597/ros2/sim_ws/install/py_pubsub/lib/py_pubsub/talker
[1.731s] DEBUG:colcon.colcon_core.event_handler.log_command:Invoking command in '/home/me597/ros2/sim_ws/build/py_pubsub': PYTHONPATH=/home/me597/ros2/sim_ws/build/py_pubsub/prefix_override:/usr/lib/python3/dist-packages/colcon_core/task/python/colcon_distutils_commands:/home/me597/ros2/sim_ws/install/py_pubsub/lib/python3.10/site-packages:${PYTHONPATH} /usr/bin/python3 -W ignore:setup.py install is deprecated setup.py develop --editable --build-directory /home/me597/ros2/sim_ws/build/py_pubsub/build --no-deps symlink_data --force
[1.759s] DEBUG:colcon.colcon_core.event_handler.log_command:Invoked command in '/home/me597/ros2/sim_ws/build/task_2_interfaces' returned '0': CMAKE_PREFIX_PATH=/opt/ros/humble /usr/bin/cmake /home/me597/ros2/sim_ws/src/ME597/task_2_interfaces -DAMENT_CMAKE_SYMLINK_INSTALL=1 -DCMAKE_INSTALL_PREFIX=/home/me597/ros2/sim_ws/install/task_2_interfaces
[1.771s] DEBUG:colcon.colcon_core.event_handler.log_command:Invoking command in '/home/me597/ros2/sim_ws/build/task_2_interfaces': CMAKE_PREFIX_PATH=/opt/ros/humble /usr/bin/cmake --build /home/me597/ros2/sim_ws/build/task_2_interfaces -- -j2 -l2
[2.511s] Level 1:colcon.colcon_core.shell:create_environment_hook('py_pubsub', 'pythonpath_develop')
[2.511s] INFO:colcon.colcon_core.shell:Creating environment hook '/home/me597/ros2/sim_ws/build/py_pubsub/share/py_pubsub/hook/pythonpath_develop.ps1'
[2.514s] DEBUG:colcon.colcon_core.event_handler.log_command:Invoked command in '/home/me597/ros2/sim_ws/build/py_pubsub' returned '0': PYTHONPATH=/home/me597/ros2/sim_ws/build/py_pubsub/prefix_override:/usr/lib/python3/dist-packages/colcon_core/task/python/colcon_distutils_commands:/home/me597/ros2/sim_ws/install/py_pubsub/lib/python3.10/site-packages:${PYTHONPATH} /usr/bin/python3 -W ignore:setup.py install is deprecated setup.py develop --editable --build-directory /home/me597/ros2/sim_ws/build/py_pubsub/build --no-deps symlink_data --force
[2.515s] INFO:colcon.colcon_core.shell:Creating environment descriptor '/home/me597/ros2/sim_ws/build/py_pubsub/share/py_pubsub/hook/pythonpath_develop.dsv'
[2.515s] INFO:colcon.colcon_core.shell:Creating environment hook '/home/me597/ros2/sim_ws/build/py_pubsub/share/py_pubsub/hook/pythonpath_develop.sh'
[2.516s] Level 1:colcon.colcon_core.environment:checking '/home/me597/ros2/sim_ws/install/py_pubsub' for CMake module files
[2.522s] Level 1:colcon.colcon_core.environment:checking '/home/me597/ros2/sim_ws/install/py_pubsub' for CMake config files
[2.522s] Level 1:colcon.colcon_core.environment:checking '/home/me597/ros2/sim_ws/install/py_pubsub/lib'
[2.522s] Level 1:colcon.colcon_core.environment:checking '/home/me597/ros2/sim_ws/install/py_pubsub/bin'
[2.523s] Level 1:colcon.colcon_core.environment:checking '/home/me597/ros2/sim_ws/install/py_pubsub/lib/pkgconfig/py_pubsub.pc'
[2.523s] Level 1:colcon.colcon_core.environment:checking '/home/me597/ros2/sim_ws/install/py_pubsub/lib/python3.10/site-packages'
[2.523s] Level 1:colcon.colcon_core.shell:create_environment_hook('py_pubsub', 'pythonpath')
[2.523s] INFO:colcon.colcon_core.shell:Creating environment hook '/home/me597/ros2/sim_ws/install/py_pubsub/share/py_pubsub/hook/pythonpath.ps1'
[2.523s] INFO:colcon.colcon_core.shell:Creating environment descriptor '/home/me597/ros2/sim_ws/install/py_pubsub/share/py_pubsub/hook/pythonpath.dsv'
[2.524s] INFO:colcon.colcon_core.shell:Creating environment hook '/home/me597/ros2/sim_ws/install/py_pubsub/share/py_pubsub/hook/pythonpath.sh'
[2.524s] Level 1:colcon.colcon_core.environment:checking '/home/me597/ros2/sim_ws/install/py_pubsub/bin'
[2.524s] Level 1:colcon.colcon_core.environment:create_environment_scripts_only(py_pubsub)
[2.524s] INFO:colcon.colcon_core.shell:Creating package script '/home/me597/ros2/sim_ws/install/py_pubsub/share/py_pubsub/package.ps1'
[2.528s] INFO:colcon.colcon_core.shell:Creating package descriptor '/home/me597/ros2/sim_ws/install/py_pubsub/share/py_pubsub/package.dsv'
[2.529s] INFO:colcon.colcon_core.shell:Creating package script '/home/me597/ros2/sim_ws/install/py_pubsub/share/py_pubsub/package.sh'
[2.529s] INFO:colcon.colcon_core.shell:Creating package script '/home/me597/ros2/sim_ws/install/py_pubsub/share/py_pubsub/package.bash'
[2.529s] INFO:colcon.colcon_core.shell:Creating package script '/home/me597/ros2/sim_ws/install/py_pubsub/share/py_pubsub/package.zsh'
[2.530s] Level 1:colcon.colcon_core.environment:create_file_with_runtime_dependencies(/home/me597/ros2/sim_ws/install/py_pubsub/share/colcon-core/packages/py_pubsub)
[2.533s] INFO:colcon.colcon_ros.task.ament_python.build:Building ROS package in '/home/me597/ros2/sim_ws/src/sim_utils' with build type 'ament_python'
[2.533s] Level 1:colcon.colcon_core.shell:create_environment_hook('sim_utils', 'ament_prefix_path')
[2.534s] INFO:colcon.colcon_core.shell:Creating environment hook '/home/me597/ros2/sim_ws/install/sim_utils/share/sim_utils/hook/ament_prefix_path.ps1'
[2.537s] INFO:colcon.colcon_core.shell:Creating environment descriptor '/home/me597/ros2/sim_ws/install/sim_utils/share/sim_utils/hook/ament_prefix_path.dsv'
[2.537s] INFO:colcon.colcon_core.shell:Creating environment hook '/home/me597/ros2/sim_ws/install/sim_utils/share/sim_utils/hook/ament_prefix_path.sh'
[2.538s] INFO:colcon.colcon_core.shell:Skip shell extension 'powershell' for command environment: Not usable outside of PowerShell
[2.546s] DEBUG:colcon.colcon_core.shell:Skip shell extension 'dsv' for command environment
[2.755s] INFO:colcon.colcon_core.task.python.build:Building Python package in '/home/me597/ros2/sim_ws/src/sim_utils'
[2.755s] INFO:colcon.colcon_core.shell:Skip shell extension 'powershell' for command environment: Not usable outside of PowerShell
[2.756s] DEBUG:colcon.colcon_core.shell:Skip shell extension 'dsv' for command environment
[2.770s] DEBUG:colcon.colcon_core.event_handler.log_command:Invoked command in '/home/me597/ros2/sim_ws/build/task_2_interfaces' returned '0': CMAKE_PREFIX_PATH=/opt/ros/humble /usr/bin/cmake --build /home/me597/ros2/sim_ws/build/task_2_interfaces -- -j2 -l2
[3.061s] DEBUG:colcon.colcon_core.event_handler.log_command:Invoking command in '/home/me597/ros2/sim_ws/build/task_2_interfaces': CMAKE_PREFIX_PATH=/opt/ros/humble /usr/bin/cmake --install /home/me597/ros2/sim_ws/build/task_2_interfaces
[3.183s] Level 1:colcon.colcon_core.environment:create_environment_scripts_only(task_2_interfaces)
[3.183s] Level 1:colcon.colcon_core.environment:checking '/home/me597/ros2/sim_ws/install/task_2_interfaces' for CMake module files
[3.184s] Level 1:colcon.colcon_core.environment:checking '/home/me597/ros2/sim_ws/install/task_2_interfaces' for CMake config files
[3.184s] Level 1:colcon.colcon_core.shell:create_environment_hook('task_2_interfaces', 'cmake_prefix_path')
[3.184s] INFO:colcon.colcon_core.shell:Creating environment hook '/home/me597/ros2/sim_ws/install/task_2_interfaces/share/task_2_interfaces/hook/cmake_prefix_path.ps1'
[3.185s] DEBUG:colcon.colcon_core.event_handler.log_command:Invoked command in '/home/me597/ros2/sim_ws/build/task_2_interfaces' returned '0': CMAKE_PREFIX_PATH=/opt/ros/humble /usr/bin/cmake --install /home/me597/ros2/sim_ws/build/task_2_interfaces
[3.189s] INFO:colcon.colcon_core.shell:Creating environment descriptor '/home/me597/ros2/sim_ws/install/task_2_interfaces/share/task_2_interfaces/hook/cmake_prefix_path.dsv'
[3.190s] INFO:colcon.colcon_core.shell:Creating environment hook '/home/me597/ros2/sim_ws/install/task_2_interfaces/share/task_2_interfaces/hook/cmake_prefix_path.sh'
[3.191s] Level 1:colcon.colcon_core.environment:checking '/home/me597/ros2/sim_ws/install/task_2_interfaces/lib'
[3.191s] Level 1:colcon.colcon_core.shell:create_environment_hook('task_2_interfaces', 'ld_library_path_lib')
[3.191s] INFO:colcon.colcon_core.shell:Creating environment hook '/home/me597/ros2/sim_ws/install/task_2_interfaces/share/task_2_interfaces/hook/ld_library_path_lib.ps1'
[3.192s] INFO:colcon.colcon_core.shell:Creating environment descriptor '/home/me597/ros2/sim_ws/install/task_2_interfaces/share/task_2_interfaces/hook/ld_library_path_lib.dsv'
[3.192s] INFO:colcon.colcon_core.shell:Creating environment hook '/home/me597/ros2/sim_ws/install/task_2_interfaces/share/task_2_interfaces/hook/ld_library_path_lib.sh'
[3.195s] Level 1:colcon.colcon_core.environment:checking '/home/me597/ros2/sim_ws/install/task_2_interfaces/bin'
[3.195s] Level 1:colcon.colcon_core.environment:checking '/home/me597/ros2/sim_ws/install/task_2_interfaces/lib/pkgconfig/task_2_interfaces.pc'
[3.195s] Level 1:colcon.colcon_core.environment:checking '/home/me597/ros2/sim_ws/install/task_2_interfaces/lib/python3.10/site-packages'
[3.195s] Level 1:colcon.colcon_core.environment:checking '/home/me597/ros2/sim_ws/install/task_2_interfaces/bin'
[3.195s] INFO:colcon.colcon_core.shell:Creating package script '/home/me597/ros2/sim_ws/install/task_2_interfaces/share/task_2_interfaces/package.ps1'
[3.195s] INFO:colcon.colcon_core.shell:Creating package descriptor '/home/me597/ros2/sim_ws/install/task_2_interfaces/share/task_2_interfaces/package.dsv'
[3.196s] INFO:colcon.colcon_core.shell:Creating package script '/home/me597/ros2/sim_ws/install/task_2_interfaces/share/task_2_interfaces/package.sh'
[3.197s] INFO:colcon.colcon_core.shell:Creating package script '/home/me597/ros2/sim_ws/install/task_2_interfaces/share/task_2_interfaces/package.bash'
[3.197s] INFO:colcon.colcon_core.shell:Creating package script '/home/me597/ros2/sim_ws/install/task_2_interfaces/share/task_2_interfaces/package.zsh'
[3.200s] Level 1:colcon.colcon_core.environment:create_file_with_runtime_dependencies(/home/me597/ros2/sim_ws/install/task_2_interfaces/share/colcon-core/packages/task_2_interfaces)
[3.204s] DEBUG:colcon.colcon_core.task.python.build:While undoing a previous installation files outside the Python library path are being ignored: /home/me597/ros2/sim_ws/install/sim_utils/share/ament_index/resource_index/packages/sim_utils
[3.206s] DEBUG:colcon.colcon_core.task.python.build:While undoing a previous installation files outside the Python library path are being ignored: /home/me597/ros2/sim_ws/install/sim_utils/share/sim_utils/package.xml
[3.206s] DEBUG:colcon.colcon_core.task.python.build:While undoing a previous installation files outside the Python library path are being ignored: /home/me597/ros2/sim_ws/install/sim_utils/lib/sim_utils/red_ball_controller
[3.206s] DEBUG:colcon.colcon_core.event_handler.log_command:Invoking command in '/home/me597/ros2/sim_ws/build/sim_utils': PYTHONPATH=/home/me597/ros2/sim_ws/build/sim_utils/prefix_override:/usr/lib/python3/dist-packages/colcon_core/task/python/colcon_distutils_commands:/home/me597/ros2/sim_ws/install/sim_utils/lib/python3.10/site-packages:${PYTHONPATH} /usr/bin/python3 -W ignore:setup.py install is deprecated setup.py develop --editable --build-directory /home/me597/ros2/sim_ws/build/sim_utils/build --no-deps symlink_data --force
[3.414s] Level 1:colcon.colcon_core.environment:create_environment_scripts_only(task_2_interfaces)
[3.416s] Level 1:colcon.colcon_core.environment:checking '/home/me597/ros2/sim_ws/install/task_2_interfaces' for CMake module files
[3.419s] Level 1:colcon.colcon_core.environment:checking '/home/me597/ros2/sim_ws/install/task_2_interfaces' for CMake config files
[3.420s] Level 1:colcon.colcon_core.shell:create_environment_hook('task_2_interfaces', 'cmake_prefix_path')
[3.421s] INFO:colcon.colcon_core.shell:Creating environment hook '/home/me597/ros2/sim_ws/install/task_2_interfaces/share/task_2_interfaces/hook/cmake_prefix_path.ps1'
[3.422s] INFO:colcon.colcon_core.shell:Creating environment descriptor '/home/me597/ros2/sim_ws/install/task_2_interfaces/share/task_2_interfaces/hook/cmake_prefix_path.dsv'
[3.422s] INFO:colcon.colcon_core.shell:Creating environment hook '/home/me597/ros2/sim_ws/install/task_2_interfaces/share/task_2_interfaces/hook/cmake_prefix_path.sh'
[3.424s] Level 1:colcon.colcon_core.environment:checking '/home/me597/ros2/sim_ws/install/task_2_interfaces/lib'
[3.425s] Level 1:colcon.colcon_core.shell:create_environment_hook('task_2_interfaces', 'ld_library_path_lib')
[3.427s] INFO:colcon.colcon_core.shell:Creating environment hook '/home/me597/ros2/sim_ws/install/task_2_interfaces/share/task_2_interfaces/hook/ld_library_path_lib.ps1'
[3.428s] INFO:colcon.colcon_core.shell:Creating environment descriptor '/home/me597/ros2/sim_ws/install/task_2_interfaces/share/task_2_interfaces/hook/ld_library_path_lib.dsv'
[3.429s] INFO:colcon.colcon_core.shell:Creating environment hook '/home/me597/ros2/sim_ws/install/task_2_interfaces/share/task_2_interfaces/hook/ld_library_path_lib.sh'
[3.429s] Level 1:colcon.colcon_core.environment:checking '/home/me597/ros2/sim_ws/install/task_2_interfaces/bin'
[3.429s] Level 1:colcon.colcon_core.environment:checking '/home/me597/ros2/sim_ws/install/task_2_interfaces/lib/pkgconfig/task_2_interfaces.pc'
[3.430s] Level 1:colcon.colcon_core.environment:checking '/home/me597/ros2/sim_ws/install/task_2_interfaces/lib/python3.10/site-packages'
[3.432s] Level 1:colcon.colcon_core.environment:checking '/home/me597/ros2/sim_ws/install/task_2_interfaces/bin'
[3.432s] INFO:colcon.colcon_core.shell:Creating package script '/home/me597/ros2/sim_ws/install/task_2_interfaces/share/task_2_interfaces/package.ps1'
[3.433s] INFO:colcon.colcon_core.shell:Creating package descriptor '/home/me597/ros2/sim_ws/install/task_2_interfaces/share/task_2_interfaces/package.dsv'
[3.435s] INFO:colcon.colcon_core.shell:Creating package script '/home/me597/ros2/sim_ws/install/task_2_interfaces/share/task_2_interfaces/package.sh'
[3.436s] INFO:colcon.colcon_core.shell:Creating package script '/home/me597/ros2/sim_ws/install/task_2_interfaces/share/task_2_interfaces/package.bash'
[3.438s] INFO:colcon.colcon_core.shell:Creating package script '/home/me597/ros2/sim_ws/install/task_2_interfaces/share/task_2_interfaces/package.zsh'
[3.439s] Level 1:colcon.colcon_core.environment:create_file_with_runtime_dependencies(/home/me597/ros2/sim_ws/install/task_2_interfaces/share/colcon-core/packages/task_2_interfaces)
[3.440s] INFO:colcon.colcon_ros.task.ament_python.build:Building ROS package in '/home/me597/ros2/sim_ws/src/ME597/task_1' with build type 'ament_python'
[3.440s] Level 1:colcon.colcon_core.shell:create_environment_hook('task_1', 'ament_prefix_path')
[3.441s] INFO:colcon.colcon_core.shell:Creating environment hook '/home/me597/ros2/sim_ws/install/task_1/share/task_1/hook/ament_prefix_path.ps1'
[3.442s] INFO:colcon.colcon_core.shell:Creating environment descriptor '/home/me597/ros2/sim_ws/install/task_1/share/task_1/hook/ament_prefix_path.dsv'
[3.443s] INFO:colcon.colcon_core.shell:Creating environment hook '/home/me597/ros2/sim_ws/install/task_1/share/task_1/hook/ament_prefix_path.sh'
[3.447s] INFO:colcon.colcon_core.shell:Skip shell extension 'powershell' for command environment: Not usable outside of PowerShell
[3.447s] DEBUG:colcon.colcon_core.shell:Skip shell extension 'dsv' for command environment
[3.908s] INFO:colcon.colcon_core.task.python.build:Building Python package in '/home/me597/ros2/sim_ws/src/ME597/task_1'
[3.910s] INFO:colcon.colcon_core.shell:Skip shell extension 'powershell' for command environment: Not usable outside of PowerShell
[3.911s] DEBUG:colcon.colcon_core.shell:Skip shell extension 'dsv' for command environment
[3.917s] Level 1:colcon.colcon_core.shell:create_environment_hook('sim_utils', 'pythonpath_develop')
[3.917s] DEBUG:colcon.colcon_core.event_handler.log_command:Invoked command in '/home/me597/ros2/sim_ws/build/sim_utils' returned '0': PYTHONPATH=/home/me597/ros2/sim_ws/build/sim_utils/prefix_override:/usr/lib/python3/dist-packages/colcon_core/task/python/colcon_distutils_commands:/home/me597/ros2/sim_ws/install/sim_utils/lib/python3.10/site-packages:${PYTHONPATH} /usr/bin/python3 -W ignore:setup.py install is deprecated setup.py develop --editable --build-directory /home/me597/ros2/sim_ws/build/sim_utils/build --no-deps symlink_data --force
[3.918s] INFO:colcon.colcon_core.shell:Creating environment hook '/home/me597/ros2/sim_ws/build/sim_utils/share/sim_utils/hook/pythonpath_develop.ps1'
[3.918s] INFO:colcon.colcon_core.shell:Creating environment descriptor '/home/me597/ros2/sim_ws/build/sim_utils/share/sim_utils/hook/pythonpath_develop.dsv'
[3.918s] INFO:colcon.colcon_core.shell:Creating environment hook '/home/me597/ros2/sim_ws/build/sim_utils/share/sim_utils/hook/pythonpath_develop.sh'
[3.918s] Level 1:colcon.colcon_core.environment:checking '/home/me597/ros2/sim_ws/install/sim_utils' for CMake module files
[3.919s] Level 1:colcon.colcon_core.environment:checking '/home/me597/ros2/sim_ws/install/sim_utils' for CMake config files
[3.919s] Level 1:colcon.colcon_core.environment:checking '/home/me597/ros2/sim_ws/install/sim_utils/lib'
[3.919s] Level 1:colcon.colcon_core.environment:checking '/home/me597/ros2/sim_ws/install/sim_utils/bin'
[3.919s] Level 1:colcon.colcon_core.environment:checking '/home/me597/ros2/sim_ws/install/sim_utils/lib/pkgconfig/sim_utils.pc'
[3.919s] Level 1:colcon.colcon_core.environment:checking '/home/me597/ros2/sim_ws/install/sim_utils/lib/python3.10/site-packages'
[3.919s] Level 1:colcon.colcon_core.shell:create_environment_hook('sim_utils', 'pythonpath')
[3.920s] INFO:colcon.colcon_core.shell:Creating environment hook '/home/me597/ros2/sim_ws/install/sim_utils/share/sim_utils/hook/pythonpath.ps1'
[3.921s] INFO:colcon.colcon_core.shell:Creating environment descriptor '/home/me597/ros2/sim_ws/install/sim_utils/share/sim_utils/hook/pythonpath.dsv'
[3.921s] INFO:colcon.colcon_core.shell:Creating environment hook '/home/me597/ros2/sim_ws/install/sim_utils/share/sim_utils/hook/pythonpath.sh'
[3.922s] Level 1:colcon.colcon_core.environment:checking '/home/me597/ros2/sim_ws/install/sim_utils/bin'
[3.922s] Level 1:colcon.colcon_core.environment:create_environment_scripts_only(sim_utils)
[3.922s] INFO:colcon.colcon_core.shell:Creating package script '/home/me597/ros2/sim_ws/install/sim_utils/share/sim_utils/package.ps1'
[3.923s] INFO:colcon.colcon_core.shell:Creating package descriptor '/home/me597/ros2/sim_ws/install/sim_utils/share/sim_utils/package.dsv'
[3.923s] INFO:colcon.colcon_core.shell:Creating package script '/home/me597/ros2/sim_ws/install/sim_utils/share/sim_utils/package.sh'
[3.923s] INFO:colcon.colcon_core.shell:Creating package script '/home/me597/ros2/sim_ws/install/sim_utils/share/sim_utils/package.bash'
[3.924s] INFO:colcon.colcon_core.shell:Creating package script '/home/me597/ros2/sim_ws/install/sim_utils/share/sim_utils/package.zsh'
[3.924s] Level 1:colcon.colcon_core.environment:create_file_with_runtime_dependencies(/home/me597/ros2/sim_ws/install/sim_utils/share/colcon-core/packages/sim_utils)
[3.925s] INFO:colcon.colcon_ros.task.ament_cmake.build:Building ROS package in '/home/me597/ros2/sim_ws/src/turtlebot3_gazebo' with build type 'ament_cmake'
[3.925s] INFO:colcon.colcon_cmake.task.cmake.build:Building CMake package in '/home/me597/ros2/sim_ws/src/turtlebot3_gazebo'
[3.925s] INFO:colcon.colcon_core.shell:Skip shell extension 'powershell' for command environment: Not usable outside of PowerShell
[3.925s] DEBUG:colcon.colcon_core.shell:Skip shell extension 'dsv' for command environment
[3.953s] DEBUG:colcon.colcon_core.event_handler.log_command:Invoking command in '/home/me597/ros2/sim_ws/build/turtlebot3_gazebo': CMAKE_PREFIX_PATH=/opt/ros/humble /usr/bin/cmake /home/me597/ros2/sim_ws/src/turtlebot3_gazebo -DAMENT_CMAKE_SYMLINK_INSTALL=1 -DCMAKE_INSTALL_PREFIX=/home/me597/ros2/sim_ws/install/turtlebot3_gazebo
[4.374s] DEBUG:colcon.colcon_core.task.python.build:While undoing a previous installation files outside the Python library path are being ignored: /home/me597/ros2/sim_ws/install/task_1/share/ament_index/resource_index/packages/task_1
[4.374s] DEBUG:colcon.colcon_core.task.python.build:While undoing a previous installation files outside the Python library path are being ignored: /home/me597/ros2/sim_ws/install/task_1/share/task_1/package.xml
[4.374s] DEBUG:colcon.colcon_core.task.python.build:While undoing a previous installation files outside the Python library path are being ignored: /home/me597/ros2/sim_ws/install/task_1/share/task_1/launch/pub_sub_launch.py
[4.374s] DEBUG:colcon.colcon_core.task.python.build:While undoing a previous installation files outside the Python library path are being ignored: /home/me597/ros2/sim_ws/install/task_1/lib/task_1/listener
[4.374s] DEBUG:colcon.colcon_core.task.python.build:While undoing a previous installation files outside the Python library path are being ignored: /home/me597/ros2/sim_ws/install/task_1/lib/task_1/talker
[4.385s] DEBUG:colcon.colcon_core.event_handler.log_command:Invoking command in '/home/me597/ros2/sim_ws/build/task_1': PYTHONPATH=/home/me597/ros2/sim_ws/build/task_1/prefix_override:/usr/lib/python3/dist-packages/colcon_core/task/python/colcon_distutils_commands:/home/me597/ros2/sim_ws/install/task_1/lib/python3.10/site-packages:${PYTHONPATH} /usr/bin/python3 -W ignore:setup.py install is deprecated setup.py develop --editable --build-directory /home/me597/ros2/sim_ws/build/task_1/build --no-deps symlink_data --force
[4.930s] Level 1:colcon.colcon_core.shell:create_environment_hook('task_1', 'pythonpath_develop')
[4.930s] DEBUG:colcon.colcon_core.event_handler.log_command:Invoked command in '/home/me597/ros2/sim_ws/build/task_1' returned '0': PYTHONPATH=/home/me597/ros2/sim_ws/build/task_1/prefix_override:/usr/lib/python3/dist-packages/colcon_core/task/python/colcon_distutils_commands:/home/me597/ros2/sim_ws/install/task_1/lib/python3.10/site-packages:${PYTHONPATH} /usr/bin/python3 -W ignore:setup.py install is deprecated setup.py develop --editable --build-directory /home/me597/ros2/sim_ws/build/task_1/build --no-deps symlink_data --force
[4.930s] INFO:colcon.colcon_core.shell:Creating environment hook '/home/me597/ros2/sim_ws/build/task_1/share/task_1/hook/pythonpath_develop.ps1'
[4.931s] INFO:colcon.colcon_core.shell:Creating environment descriptor '/home/me597/ros2/sim_ws/build/task_1/share/task_1/hook/pythonpath_develop.dsv'
[4.931s] INFO:colcon.colcon_core.shell:Creating environment hook '/home/me597/ros2/sim_ws/build/task_1/share/task_1/hook/pythonpath_develop.sh'
[4.932s] Level 1:colcon.colcon_core.environment:checking '/home/me597/ros2/sim_ws/install/task_1' for CMake module files
[4.932s] Level 1:colcon.colcon_core.environment:checking '/home/me597/ros2/sim_ws/install/task_1' for CMake config files
[4.933s] Level 1:colcon.colcon_core.environment:checking '/home/me597/ros2/sim_ws/install/task_1/lib'
[4.947s] Level 1:colcon.colcon_core.environment:checking '/home/me597/ros2/sim_ws/install/task_1/bin'
[4.947s] Level 1:colcon.colcon_core.environment:checking '/home/me597/ros2/sim_ws/install/task_1/lib/pkgconfig/task_1.pc'
[4.947s] Level 1:colcon.colcon_core.environment:checking '/home/me597/ros2/sim_ws/install/task_1/lib/python3.10/site-packages'
[4.947s] Level 1:colcon.colcon_core.shell:create_environment_hook('task_1', 'pythonpath')
[4.947s] INFO:colcon.colcon_core.shell:Creating environment hook '/home/me597/ros2/sim_ws/install/task_1/share/task_1/hook/pythonpath.ps1'
[4.948s] INFO:colcon.colcon_core.shell:Creating environment descriptor '/home/me597/ros2/sim_ws/install/task_1/share/task_1/hook/pythonpath.dsv'
[4.948s] INFO:colcon.colcon_core.shell:Creating environment hook '/home/me597/ros2/sim_ws/install/task_1/share/task_1/hook/pythonpath.sh'
[4.949s] Level 1:colcon.colcon_core.environment:checking '/home/me597/ros2/sim_ws/install/task_1/bin'
[4.949s] Level 1:colcon.colcon_core.environment:create_environment_scripts_only(task_1)
[4.949s] INFO:colcon.colcon_core.shell:Creating package script '/home/me597/ros2/sim_ws/install/task_1/share/task_1/package.ps1'
[4.949s] INFO:colcon.colcon_core.shell:Creating package descriptor '/home/me597/ros2/sim_ws/install/task_1/share/task_1/package.dsv'
[4.950s] INFO:colcon.colcon_core.shell:Creating package script '/home/me597/ros2/sim_ws/install/task_1/share/task_1/package.sh'
[4.950s] INFO:colcon.colcon_core.shell:Creating package script '/home/me597/ros2/sim_ws/install/task_1/share/task_1/package.bash'
[4.950s] INFO:colcon.colcon_core.shell:Creating package script '/home/me597/ros2/sim_ws/install/task_1/share/task_1/package.zsh'
[4.951s] Level 1:colcon.colcon_core.environment:create_file_with_runtime_dependencies(/home/me597/ros2/sim_ws/install/task_1/share/colcon-core/packages/task_1)
[4.951s] INFO:colcon.colcon_ros.task.ament_python.build:Building ROS package in '/home/me597/ros2/sim_ws/src/ME597/task_2' with build type 'ament_python'
[4.952s] Level 1:colcon.colcon_core.shell:create_environment_hook('task_2', 'ament_prefix_path')
[4.953s] INFO:colcon.colcon_core.shell:Creating environment hook '/home/me597/ros2/sim_ws/install/task_2/share/task_2/hook/ament_prefix_path.ps1'
[4.953s] INFO:colcon.colcon_core.shell:Creating environment descriptor '/home/me597/ros2/sim_ws/install/task_2/share/task_2/hook/ament_prefix_path.dsv'
[4.953s] INFO:colcon.colcon_core.shell:Creating environment hook '/home/me597/ros2/sim_ws/install/task_2/share/task_2/hook/ament_prefix_path.sh'
[4.956s] INFO:colcon.colcon_core.shell:Skip shell extension 'powershell' for command environment: Not usable outside of PowerShell
[4.956s] DEBUG:colcon.colcon_core.shell:Skip shell extension 'dsv' for command environment
[5.210s] INFO:colcon.colcon_core.task.python.build:Building Python package in '/home/me597/ros2/sim_ws/src/ME597/task_2'
[5.212s] INFO:colcon.colcon_core.shell:Skip shell extension 'powershell' for command environment: Not usable outside of PowerShell
[5.212s] DEBUG:colcon.colcon_core.shell:Skip shell extension 'dsv' for command environment
[5.221s] DEBUG:colcon.colcon_core.event_handler.log_command:Invoked command in '/home/me597/ros2/sim_ws/build/turtlebot3_gazebo' returned '0': CMAKE_PREFIX_PATH=/opt/ros/humble /usr/bin/cmake /home/me597/ros2/sim_ws/src/turtlebot3_gazebo -DAMENT_CMAKE_SYMLINK_INSTALL=1 -DCMAKE_INSTALL_PREFIX=/home/me597/ros2/sim_ws/install/turtlebot3_gazebo
[5.221s] DEBUG:colcon.colcon_core.event_handler.log_command:Invoking command in '/home/me597/ros2/sim_ws/build/turtlebot3_gazebo': CMAKE_PREFIX_PATH=/opt/ros/humble /usr/bin/cmake --build /home/me597/ros2/sim_ws/build/turtlebot3_gazebo -- -j2 -l2
[5.277s] DEBUG:colcon.colcon_core.event_handler.log_command:Invoked command in '/home/me597/ros2/sim_ws/build/turtlebot3_gazebo' returned '0': CMAKE_PREFIX_PATH=/opt/ros/humble /usr/bin/cmake --build /home/me597/ros2/sim_ws/build/turtlebot3_gazebo -- -j2 -l2
[5.327s] DEBUG:colcon.colcon_core.event_handler.log_command:Invoking command in '/home/me597/ros2/sim_ws/build/turtlebot3_gazebo': CMAKE_PREFIX_PATH=/opt/ros/humble /usr/bin/cmake --install /home/me597/ros2/sim_ws/build/turtlebot3_gazebo
[5.720s] DEBUG:colcon.colcon_core.task.python.build:While undoing a previous installation files outside the Python library path are being ignored: /home/me597/ros2/sim_ws/install/task_2/share/ament_index/resource_index/packages/task_2
[5.720s] DEBUG:colcon.colcon_core.task.python.build:While undoing a previous installation files outside the Python library path are being ignored: /home/me597/ros2/sim_ws/install/task_2/share/task_2/package.xml
[5.720s] DEBUG:colcon.colcon_core.task.python.build:While undoing a previous installation files outside the Python library path are being ignored: /home/me597/ros2/sim_ws/install/task_2/lib/task_2/client
[5.720s] DEBUG:colcon.colcon_core.task.python.build:While undoing a previous installation files outside the Python library path are being ignored: /home/me597/ros2/sim_ws/install/task_2/lib/task_2/service
[5.720s] DEBUG:colcon.colcon_core.task.python.build:While undoing a previous installation files outside the Python library path are being ignored: /home/me597/ros2/sim_ws/install/task_2/lib/task_2/talker
[5.723s] DEBUG:colcon.colcon_core.event_handler.log_command:Invoking command in '/home/me597/ros2/sim_ws/build/task_2': AMENT_PREFIX_PATH=/home/me597/ros2/sim_ws/install/task_2_interfaces:${AMENT_PREFIX_PATH} CMAKE_PREFIX_PATH=/home/me597/ros2/sim_ws/install/task_2_interfaces LD_LIBRARY_PATH=/home/me597/ros2/sim_ws/install/task_2_interfaces/lib:${LD_LIBRARY_PATH} PYTHONPATH=/home/me597/ros2/sim_ws/build/task_2/prefix_override:/usr/lib/python3/dist-packages/colcon_core/task/python/colcon_distutils_commands:/home/me597/ros2/sim_ws/install/task_2/lib/python3.10/site-packages:/home/me597/ros2/sim_ws/install/task_2_interfaces/local/lib/python3.10/dist-packages:${PYTHONPATH} /usr/bin/python3 -W ignore:setup.py install is deprecated setup.py develop --editable --build-directory /home/me597/ros2/sim_ws/build/task_2/build --no-deps symlink_data --force
[6.428s] Level 1:colcon.colcon_core.shell:create_environment_hook('task_2', 'pythonpath_develop')
[6.429s] INFO:colcon.colcon_core.shell:Creating environment hook '/home/me597/ros2/sim_ws/build/task_2/share/task_2/hook/pythonpath_develop.ps1'
[6.429s] INFO:colcon.colcon_core.shell:Creating environment descriptor '/home/me597/ros2/sim_ws/build/task_2/share/task_2/hook/pythonpath_develop.dsv'
[6.429s] INFO:colcon.colcon_core.shell:Creating environment hook '/home/me597/ros2/sim_ws/build/task_2/share/task_2/hook/pythonpath_develop.sh'
[6.433s] Level 1:colcon.colcon_core.environment:checking '/home/me597/ros2/sim_ws/install/task_2' for CMake module files
[6.435s] DEBUG:colcon.colcon_core.event_handler.log_command:Invoked command in '/home/me597/ros2/sim_ws/build/task_2' returned '0': AMENT_PREFIX_PATH=/home/me597/ros2/sim_ws/install/task_2_interfaces:${AMENT_PREFIX_PATH} CMAKE_PREFIX_PATH=/home/me597/ros2/sim_ws/install/task_2_interfaces LD_LIBRARY_PATH=/home/me597/ros2/sim_ws/install/task_2_interfaces/lib:${LD_LIBRARY_PATH} PYTHONPATH=/home/me597/ros2/sim_ws/build/task_2/prefix_override:/usr/lib/python3/dist-packages/colcon_core/task/python/colcon_distutils_commands:/home/me597/ros2/sim_ws/install/task_2/lib/python3.10/site-packages:/home/me597/ros2/sim_ws/install/task_2_interfaces/local/lib/python3.10/dist-packages:${PYTHONPATH} /usr/bin/python3 -W ignore:setup.py install is deprecated setup.py develop --editable --build-directory /home/me597/ros2/sim_ws/build/task_2/build --no-deps symlink_data --force
[6.435s] Level 1:colcon.colcon_core.environment:checking '/home/me597/ros2/sim_ws/install/task_2' for CMake config files
[6.437s] Level 1:colcon.colcon_core.environment:checking '/home/me597/ros2/sim_ws/install/task_2/lib'
[6.437s] Level 1:colcon.colcon_core.environment:checking '/home/me597/ros2/sim_ws/install/task_2/bin'
[6.437s] Level 1:colcon.colcon_core.environment:checking '/home/me597/ros2/sim_ws/install/task_2/lib/pkgconfig/task_2.pc'
[6.438s] Level 1:colcon.colcon_core.environment:checking '/home/me597/ros2/sim_ws/install/task_2/lib/python3.10/site-packages'
[6.439s] Level 1:colcon.colcon_core.shell:create_environment_hook('task_2', 'pythonpath')
[6.439s] INFO:colcon.colcon_core.shell:Creating environment hook '/home/me597/ros2/sim_ws/install/task_2/share/task_2/hook/pythonpath.ps1'
[6.440s] INFO:colcon.colcon_core.shell:Creating environment descriptor '/home/me597/ros2/sim_ws/install/task_2/share/task_2/hook/pythonpath.dsv'
[6.440s] INFO:colcon.colcon_core.shell:Creating environment hook '/home/me597/ros2/sim_ws/install/task_2/share/task_2/hook/pythonpath.sh'
[6.441s] Level 1:colcon.colcon_core.environment:checking '/home/me597/ros2/sim_ws/install/task_2/bin'
[6.441s] Level 1:colcon.colcon_core.environment:create_environment_scripts_only(task_2)
[6.441s] INFO:colcon.colcon_core.shell:Creating package script '/home/me597/ros2/sim_ws/install/task_2/share/task_2/package.ps1'
[6.447s] INFO:colcon.colcon_core.shell:Creating package descriptor '/home/me597/ros2/sim_ws/install/task_2/share/task_2/package.dsv'
[6.450s] INFO:colcon.colcon_core.shell:Creating package script '/home/me597/ros2/sim_ws/install/task_2/share/task_2/package.sh'
[6.450s] INFO:colcon.colcon_core.shell:Creating package script '/home/me597/ros2/sim_ws/install/task_2/share/task_2/package.bash'
[6.450s] INFO:colcon.colcon_core.shell:Creating package script '/home/me597/ros2/sim_ws/install/task_2/share/task_2/package.zsh'
[6.451s] Level 1:colcon.colcon_core.environment:create_file_with_runtime_dependencies(/home/me597/ros2/sim_ws/install/task_2/share/colcon-core/packages/task_2)
[6.577s] Level 1:colcon.colcon_core.environment:create_environment_scripts_only(turtlebot3_gazebo)
[6.577s] DEBUG:colcon.colcon_core.event_handler.log_command:Invoked command in '/home/me597/ros2/sim_ws/build/turtlebot3_gazebo' returned '0': CMAKE_PREFIX_PATH=/opt/ros/humble /usr/bin/cmake --install /home/me597/ros2/sim_ws/build/turtlebot3_gazebo
[6.580s] Level 1:colcon.colcon_core.environment:checking '/home/me597/ros2/sim_ws/install/turtlebot3_gazebo' for CMake module files
[6.586s] Level 1:colcon.colcon_core.environment:checking '/home/me597/ros2/sim_ws/install/turtlebot3_gazebo' for CMake config files
[6.586s] Level 1:colcon.colcon_core.shell:create_environment_hook('turtlebot3_gazebo', 'cmake_prefix_path')
[6.587s] INFO:colcon.colcon_core.shell:Creating environment hook '/home/me597/ros2/sim_ws/install/turtlebot3_gazebo/share/turtlebot3_gazebo/hook/cmake_prefix_path.ps1'
[6.587s] INFO:colcon.colcon_core.shell:Creating environment descriptor '/home/me597/ros2/sim_ws/install/turtlebot3_gazebo/share/turtlebot3_gazebo/hook/cmake_prefix_path.dsv'
[6.587s] INFO:colcon.colcon_core.shell:Creating environment hook '/home/me597/ros2/sim_ws/install/turtlebot3_gazebo/share/turtlebot3_gazebo/hook/cmake_prefix_path.sh'
[6.588s] Level 1:colcon.colcon_core.environment:checking '/home/me597/ros2/sim_ws/install/turtlebot3_gazebo/lib'
[6.588s] Level 1:colcon.colcon_core.environment:checking '/home/me597/ros2/sim_ws/install/turtlebot3_gazebo/bin'
[6.588s] Level 1:colcon.colcon_core.environment:checking '/home/me597/ros2/sim_ws/install/turtlebot3_gazebo/lib/pkgconfig/turtlebot3_gazebo.pc'
[6.588s] Level 1:colcon.colcon_core.environment:checking '/home/me597/ros2/sim_ws/install/turtlebot3_gazebo/lib/python3.10/site-packages'
[6.588s] Level 1:colcon.colcon_core.environment:checking '/home/me597/ros2/sim_ws/install/turtlebot3_gazebo/bin'
[6.589s] INFO:colcon.colcon_core.shell:Creating package script '/home/me597/ros2/sim_ws/install/turtlebot3_gazebo/share/turtlebot3_gazebo/package.ps1'
[6.590s] INFO:colcon.colcon_core.shell:Creating package descriptor '/home/me597/ros2/sim_ws/install/turtlebot3_gazebo/share/turtlebot3_gazebo/package.dsv'
[6.591s] INFO:colcon.colcon_core.shell:Creating package script '/home/me597/ros2/sim_ws/install/turtlebot3_gazebo/share/turtlebot3_gazebo/package.sh'
[6.591s] INFO:colcon.colcon_core.shell:Creating package script '/home/me597/ros2/sim_ws/install/turtlebot3_gazebo/share/turtlebot3_gazebo/package.bash'
[6.592s] INFO:colcon.colcon_core.shell:Creating package script '/home/me597/ros2/sim_ws/install/turtlebot3_gazebo/share/turtlebot3_gazebo/package.zsh'
[6.593s] Level 1:colcon.colcon_core.environment:create_file_with_runtime_dependencies(/home/me597/ros2/sim_ws/install/turtlebot3_gazebo/share/colcon-core/packages/turtlebot3_gazebo)
[6.629s] Level 1:colcon.colcon_core.environment:create_environment_scripts_only(turtlebot3_gazebo)
[6.629s] Level 1:colcon.colcon_core.environment:checking '/home/me597/ros2/sim_ws/install/turtlebot3_gazebo' for CMake module files
[6.634s] Level 1:colcon.colcon_core.environment:checking '/home/me597/ros2/sim_ws/install/turtlebot3_gazebo' for CMake config files
[6.635s] Level 1:colcon.colcon_core.shell:create_environment_hook('turtlebot3_gazebo', 'cmake_prefix_path')
[6.635s] INFO:colcon.colcon_core.shell:Creating environment hook '/home/me597/ros2/sim_ws/install/turtlebot3_gazebo/share/turtlebot3_gazebo/hook/cmake_prefix_path.ps1'
[6.646s] INFO:colcon.colcon_core.shell:Creating environment descriptor '/home/me597/ros2/sim_ws/install/turtlebot3_gazebo/share/turtlebot3_gazebo/hook/cmake_prefix_path.dsv'
[6.648s] INFO:colcon.colcon_core.shell:Creating environment hook '/home/me597/ros2/sim_ws/install/turtlebot3_gazebo/share/turtlebot3_gazebo/hook/cmake_prefix_path.sh'
[6.649s] Level 1:colcon.colcon_core.environment:checking '/home/me597/ros2/sim_ws/install/turtlebot3_gazebo/lib'
[6.650s] Level 1:colcon.colcon_core.environment:checking '/home/me597/ros2/sim_ws/install/turtlebot3_gazebo/bin'
[6.650s] Level 1:colcon.colcon_core.environment:checking '/home/me597/ros2/sim_ws/install/turtlebot3_gazebo/lib/pkgconfig/turtlebot3_gazebo.pc'
[6.650s] Level 1:colcon.colcon_core.environment:checking '/home/me597/ros2/sim_ws/install/turtlebot3_gazebo/lib/python3.10/site-packages'
[6.650s] Level 1:colcon.colcon_core.environment:checking '/home/me597/ros2/sim_ws/install/turtlebot3_gazebo/bin'
[6.650s] INFO:colcon.colcon_core.shell:Creating package script '/home/me597/ros2/sim_ws/install/turtlebot3_gazebo/share/turtlebot3_gazebo/package.ps1'
[6.651s] INFO:colcon.colcon_core.shell:Creating package descriptor '/home/me597/ros2/sim_ws/install/turtlebot3_gazebo/share/turtlebot3_gazebo/package.dsv'
[6.652s] INFO:colcon.colcon_core.shell:Creating package script '/home/me597/ros2/sim_ws/install/turtlebot3_gazebo/share/turtlebot3_gazebo/package.sh'
[6.653s] INFO:colcon.colcon_core.shell:Creating package script '/home/me597/ros2/sim_ws/install/turtlebot3_gazebo/share/turtlebot3_gazebo/package.bash'
[6.653s] INFO:colcon.colcon_core.shell:Creating package script '/home/me597/ros2/sim_ws/install/turtlebot3_gazebo/share/turtlebot3_gazebo/package.zsh'
[6.655s] Level 1:colcon.colcon_core.environment:create_file_with_runtime_dependencies(/home/me597/ros2/sim_ws/install/turtlebot3_gazebo/share/colcon-core/packages/turtlebot3_gazebo)
[6.655s] DEBUG:colcon.colcon_parallel_executor.executor.parallel:closing loop
[6.655s] DEBUG:colcon.colcon_parallel_executor.executor.parallel:loop closed
[6.655s] DEBUG:colcon.colcon_parallel_executor.executor.parallel:run_until_complete finished with '0'
[6.655s] DEBUG:colcon.colcon_core.event_reactor:joining thread
[6.659s] INFO:colcon.colcon_core.plugin_system:Skipping extension 'colcon_notification.desktop_notification.terminal_notifier': Not used on non-Darwin systems
[6.663s] INFO:colcon.colcon_core.plugin_system:Skipping extension 'colcon_notification.desktop_notification.win32': Not used on non-Windows systems
[6.663s] INFO:colcon.colcon_notification.desktop_notification:Sending desktop notification using 'notify2'
[6.681s] DEBUG:colcon.colcon_core.event_reactor:joined thread
[6.682s] INFO:colcon.colcon_core.shell:Creating prefix script '/home/me597/ros2/sim_ws/install/local_setup.ps1'
[6.682s] INFO:colcon.colcon_core.shell:Creating prefix util module '/home/me597/ros2/sim_ws/install/_local_setup_util_ps1.py'
[6.684s] INFO:colcon.colcon_core.shell:Creating prefix chain script '/home/me597/ros2/sim_ws/install/setup.ps1'
[6.688s] INFO:colcon.colcon_core.shell:Creating prefix script '/home/me597/ros2/sim_ws/install/local_setup.sh'
[6.689s] INFO:colcon.colcon_core.shell:Creating prefix util module '/home/me597/ros2/sim_ws/install/_local_setup_util_sh.py'
[6.689s] INFO:colcon.colcon_core.shell:Creating prefix chain script '/home/me597/ros2/sim_ws/install/setup.sh'
[6.692s] INFO:colcon.colcon_core.shell:Creating prefix script '/home/me597/ros2/sim_ws/install/local_setup.bash'
[6.693s] INFO:colcon.colcon_core.shell:Creating prefix chain script '/home/me597/ros2/sim_ws/install/setup.bash'
[6.694s] INFO:colcon.colcon_core.shell:Creating prefix script '/home/me597/ros2/sim_ws/install/local_setup.zsh'
[6.694s] INFO:colcon.colcon_core.shell:Creating prefix chain script '/home/me597/ros2/sim_ws/install/setup.zsh'
