running develop
/usr/lib/python3/dist-packages/setuptools/command/easy_install.py:158: EasyInstallDeprecationWarning: easy_install command is deprecated. Use build and pip and other standards-based tools.
  warnings.warn(
running egg_info
writing task_1.egg-info/PKG-INFO
writing dependency_links to task_1.egg-info/dependency_links.txt
writing entry points to task_1.egg-info/entry_points.txt
writing requirements to task_1.egg-info/requires.txt
writing top-level names to task_1.egg-info/top_level.txt
reading manifest file 'task_1.egg-info/SOURCES.txt'
writing manifest file 'task_1.egg-info/SOURCES.txt'
running build_ext
Creating /home/me597/ros2/sim_ws/install/task_1/lib/python3.10/site-packages/task-1.egg-link (link to .)
Installing listener script to /home/me597/ros2/sim_ws/install/task_1/lib/task_1
Installing talker script to /home/me597/ros2/sim_ws/install/task_1/lib/task_1

Installed /home/me597/ros2/sim_ws/build/task_1
running symlink_data
symbolically linking /home/me597/ros2/sim_ws/build/task_1/resource/task_1 -> /home/me597/ros2/sim_ws/install/task_1/share/ament_index/resource_index/packages
symbolically linking /home/me597/ros2/sim_ws/build/task_1/package.xml -> /home/me597/ros2/sim_ws/install/task_1/share/task_1
symbolically linking /home/me597/ros2/sim_ws/build/task_1/launch/pub_sub_launch.py -> /home/me597/ros2/sim_ws/install/task_1/share/task_1/launch
