[0.943s] Invoking command in '/home/me597/ros2/sim_ws/build/task_1': PYTHONPATH=/home/me597/ros2/sim_ws/build/task_1/prefix_override:/usr/lib/python3/dist-packages/colcon_core/task/python/colcon_distutils_commands:/home/me597/ros2/sim_ws/install/task_1/lib/python3.10/site-packages:${PYTHONPATH} /usr/bin/python3 -W ignore:setup.py install is deprecated setup.py develop --editable --build-directory /home/me597/ros2/sim_ws/build/task_1/build --no-deps symlink_data --force
[1.263s] running develop
[1.263s] /usr/lib/python3/dist-packages/setuptools/command/easy_install.py:158: EasyInstallDeprecationWarning: easy_install command is deprecated. Use build and pip and other standards-based tools.
[1.263s]   warnings.warn(
[1.428s] running egg_info
[1.428s] writing task_1.egg-info/PKG-INFO
[1.428s] writing dependency_links to task_1.egg-info/dependency_links.txt
[1.429s] writing entry points to task_1.egg-info/entry_points.txt
[1.432s] writing requirements to task_1.egg-info/requires.txt
[1.433s] writing top-level names to task_1.egg-info/top_level.txt
[1.437s] reading manifest file 'task_1.egg-info/SOURCES.txt'
[1.437s] writing manifest file 'task_1.egg-info/SOURCES.txt'
[1.441s] running build_ext
[1.441s] Creating /home/me597/ros2/sim_ws/install/task_1/lib/python3.10/site-packages/task-1.egg-link (link to .)
[1.441s] Installing listener script to /home/me597/ros2/sim_ws/install/task_1/lib/task_1
[1.443s] Installing talker script to /home/me597/ros2/sim_ws/install/task_1/lib/task_1
[1.445s] 
[1.445s] Installed /home/me597/ros2/sim_ws/build/task_1
[1.445s] running symlink_data
[1.445s] symbolically linking /home/me597/ros2/sim_ws/build/task_1/resource/task_1 -> /home/me597/ros2/sim_ws/install/task_1/share/ament_index/resource_index/packages
[1.445s] symbolically linking /home/me597/ros2/sim_ws/build/task_1/package.xml -> /home/me597/ros2/sim_ws/install/task_1/share/task_1
[1.445s] symbolically linking /home/me597/ros2/sim_ws/build/task_1/launch/pub_sub_launch.py -> /home/me597/ros2/sim_ws/install/task_1/share/task_1/launch
[1.487s] Invoked command in '/home/me597/ros2/sim_ws/build/task_1' returned '0': PYTHONPATH=/home/me597/ros2/sim_ws/build/task_1/prefix_override:/usr/lib/python3/dist-packages/colcon_core/task/python/colcon_distutils_commands:/home/me597/ros2/sim_ws/install/task_1/lib/python3.10/site-packages:${PYTHONPATH} /usr/bin/python3 -W ignore:setup.py install is deprecated setup.py develop --editable --build-directory /home/me597/ros2/sim_ws/build/task_1/build --no-deps symlink_data --force
