[0.437s] Invoking command in '/home/me597/ros2/sim_ws/src/ME597/task_1': PYTHONPATH=/home/me597/ros2/sim_ws/src/ME597/build/task_1/prefix_override:/usr/lib/python3/dist-packages/colcon_core/task/python/colcon_distutils_commands:/home/me597/ros2/sim_ws/src/ME597/install/task_1/lib/python3.10/site-packages:${PYTHONPATH} /usr/bin/python3 -W ignore:setup.py install is deprecated setup.py egg_info --egg-base ../build/task_1 build --build-base /home/me597/ros2/sim_ws/src/ME597/build/task_1/build install --record /home/me597/ros2/sim_ws/src/ME597/build/task_1/install.log --single-version-externally-managed install_data
[0.575s] running egg_info
[0.576s] writing ../build/task_1/task_1.egg-info/PKG-INFO
[0.577s] writing dependency_links to ../build/task_1/task_1.egg-info/dependency_links.txt
[0.577s] writing entry points to ../build/task_1/task_1.egg-info/entry_points.txt
[0.578s] writing requirements to ../build/task_1/task_1.egg-info/requires.txt
[0.578s] writing top-level names to ../build/task_1/task_1.egg-info/top_level.txt
[0.581s] reading manifest file '../build/task_1/task_1.egg-info/SOURCES.txt'
[0.581s] adding license file 'LICENSE'
[0.582s] writing manifest file '../build/task_1/task_1.egg-info/SOURCES.txt'
[0.582s] running build
[0.582s] running build_py
[0.583s] copying task_1/my_sub.py -> /home/me597/ros2/sim_ws/src/ME597/build/task_1/build/lib/task_1
[0.583s] copying task_1/my_pub.py -> /home/me597/ros2/sim_ws/src/ME597/build/task_1/build/lib/task_1
[0.584s] running install
[0.584s] running install_lib
[0.587s] copying /home/me597/ros2/sim_ws/src/ME597/build/task_1/build/lib/task_1/my_sub.py -> /home/me597/ros2/sim_ws/src/ME597/install/task_1/lib/python3.10/site-packages/task_1
[0.587s] copying /home/me597/ros2/sim_ws/src/ME597/build/task_1/build/lib/task_1/my_pub.py -> /home/me597/ros2/sim_ws/src/ME597/install/task_1/lib/python3.10/site-packages/task_1
[0.587s] byte-compiling /home/me597/ros2/sim_ws/src/ME597/install/task_1/lib/python3.10/site-packages/task_1/my_sub.py to my_sub.cpython-310.pyc
[0.587s] byte-compiling /home/me597/ros2/sim_ws/src/ME597/install/task_1/lib/python3.10/site-packages/task_1/my_pub.py to my_pub.cpython-310.pyc
[0.588s] running install_data
[0.588s] running install_egg_info
[0.591s] removing '/home/me597/ros2/sim_ws/src/ME597/install/task_1/lib/python3.10/site-packages/task_1-0.0.0-py3.10.egg-info' (and everything under it)
[0.591s] Copying ../build/task_1/task_1.egg-info to /home/me597/ros2/sim_ws/src/ME597/install/task_1/lib/python3.10/site-packages/task_1-0.0.0-py3.10.egg-info
[0.592s] running install_scripts
[0.606s] Installing listener script to /home/me597/ros2/sim_ws/src/ME597/install/task_1/lib/task_1
[0.607s] Installing talker script to /home/me597/ros2/sim_ws/src/ME597/install/task_1/lib/task_1
[0.608s] writing list of installed files to '/home/me597/ros2/sim_ws/src/ME597/build/task_1/install.log'
[0.625s] Invoked command in '/home/me597/ros2/sim_ws/src/ME597/task_1' returned '0': PYTHONPATH=/home/me597/ros2/sim_ws/src/ME597/build/task_1/prefix_override:/usr/lib/python3/dist-packages/colcon_core/task/python/colcon_distutils_commands:/home/me597/ros2/sim_ws/src/ME597/install/task_1/lib/python3.10/site-packages:${PYTHONPATH} /usr/bin/python3 -W ignore:setup.py install is deprecated setup.py egg_info --egg-base ../build/task_1 build --build-base /home/me597/ros2/sim_ws/src/ME597/build/task_1/build install --record /home/me597/ros2/sim_ws/src/ME597/build/task_1/install.log --single-version-externally-managed install_data
