[0.065s] DEBUG:colcon:Command line arguments: ['/usr/bin/colcon', 'build']
[0.065s] DEBUG:colcon:Parsed command line arguments: Namespace(log_base=None, log_level=None, verb_name='build', build_base='build', install_base='install', merge_install=False, symlink_install=False, test_result_base=None, continue_on_error=False, executor='parallel', parallel_workers=2, event_handlers=None, ignore_user_meta=False, metas=['./colcon.meta'], base_paths=['.'], packages_ignore=None, packages_ignore_regex=None, paths=None, packages_up_to=None, packages_up_to_regex=None, packages_above=None, packages_above_and_dependencies=None, packages_above_depth=None, packages_select_by_dep=None, packages_skip_by_dep=None, packages_skip_up_to=None, packages_select_build_failed=False, packages_skip_build_finished=False, packages_select_test_failures=False, packages_skip_test_passed=False, packages_select=None, packages_skip=None, packages_select_regex=None, packages_skip_regex=None, packages_start=None, packages_end=None, allow_overriding=[], cmake_args=None, cmake_target=None, cmake_target_skip_unavailable=False, cmake_clean_cache=False, cmake_clean_first=False, cmake_force_configure=False, ament_cmake_args=None, catkin_cmake_args=None, catkin_skip_building_tests=False, mixin_files=None, mixin=None, verb_parser=<colcon_mixin.mixin.mixin_argument.MixinArgumentDecorator object at 0x7d139ab683d0>, verb_extension=<colcon_core.verb.build.BuildVerb object at 0x7d139ac78c40>, main=<bound method BuildVerb.main of <colcon_core.verb.build.BuildVerb object at 0x7d139ac78c40>>, mixin_verb=('build',))
[0.152s] Level 1:colcon.colcon_core.package_discovery:discover_packages(colcon_meta) check parameters
[0.152s] Level 1:colcon.colcon_core.package_discovery:discover_packages(recursive) check parameters
[0.152s] Level 1:colcon.colcon_core.package_discovery:discover_packages(ignore) check parameters
[0.152s] Level 1:colcon.colcon_core.package_discovery:discover_packages(path) check parameters
[0.152s] Level 1:colcon.colcon_core.package_discovery:discover_packages(colcon_meta) discover
[0.152s] Level 1:colcon.colcon_core.package_discovery:discover_packages(recursive) discover
[0.152s] INFO:colcon.colcon_core.package_discovery:Crawling recursively for packages in '/home/me597/ros2/sim_ws/src/ME597'
[0.152s] Level 1:colcon.colcon_core.package_identification:_identify(.) by extensions ['ignore', 'ignore_ament_install']
[0.152s] Level 1:colcon.colcon_core.package_identification:_identify(.) by extension 'ignore'
[0.152s] Level 1:colcon.colcon_core.package_identification:_identify(.) by extension 'ignore_ament_install'
[0.152s] Level 1:colcon.colcon_core.package_identification:_identify(.) by extensions ['colcon_pkg']
[0.152s] Level 1:colcon.colcon_core.package_identification:_identify(.) by extension 'colcon_pkg'
[0.152s] Level 1:colcon.colcon_core.package_identification:_identify(.) by extensions ['colcon_meta']
[0.152s] Level 1:colcon.colcon_core.package_identification:_identify(.) by extension 'colcon_meta'
[0.152s] Level 1:colcon.colcon_core.package_identification:_identify(.) by extensions ['ros']
[0.152s] Level 1:colcon.colcon_core.package_identification:_identify(.) by extension 'ros'
[0.159s] Level 1:colcon.colcon_core.package_identification:_identify(.) by extensions ['cmake', 'python']
[0.159s] Level 1:colcon.colcon_core.package_identification:_identify(.) by extension 'cmake'
[0.160s] Level 1:colcon.colcon_core.package_identification:_identify(.) by extension 'python'
[0.160s] Level 1:colcon.colcon_core.package_identification:_identify(.) by extensions ['python_setup_py']
[0.160s] Level 1:colcon.colcon_core.package_identification:_identify(.) by extension 'python_setup_py'
[0.160s] Level 1:colcon.colcon_core.package_identification:_identify(bag_files) by extensions ['ignore', 'ignore_ament_install']
[0.160s] Level 1:colcon.colcon_core.package_identification:_identify(bag_files) by extension 'ignore'
[0.160s] Level 1:colcon.colcon_core.package_identification:_identify(bag_files) by extension 'ignore_ament_install'
[0.160s] Level 1:colcon.colcon_core.package_identification:_identify(bag_files) by extensions ['colcon_pkg']
[0.160s] Level 1:colcon.colcon_core.package_identification:_identify(bag_files) by extension 'colcon_pkg'
[0.160s] Level 1:colcon.colcon_core.package_identification:_identify(bag_files) by extensions ['colcon_meta']
[0.160s] Level 1:colcon.colcon_core.package_identification:_identify(bag_files) by extension 'colcon_meta'
[0.160s] Level 1:colcon.colcon_core.package_identification:_identify(bag_files) by extensions ['ros']
[0.160s] Level 1:colcon.colcon_core.package_identification:_identify(bag_files) by extension 'ros'
[0.161s] Level 1:colcon.colcon_core.package_identification:_identify(bag_files) by extensions ['cmake', 'python']
[0.161s] Level 1:colcon.colcon_core.package_identification:_identify(bag_files) by extension 'cmake'
[0.161s] Level 1:colcon.colcon_core.package_identification:_identify(bag_files) by extension 'python'
[0.161s] Level 1:colcon.colcon_core.package_identification:_identify(bag_files) by extensions ['python_setup_py']
[0.161s] Level 1:colcon.colcon_core.package_identification:_identify(bag_files) by extension 'python_setup_py'
[0.161s] Level 1:colcon.colcon_core.package_identification:_identify(build) by extensions ['ignore', 'ignore_ament_install']
[0.161s] Level 1:colcon.colcon_core.package_identification:_identify(build) by extension 'ignore'
[0.161s] Level 1:colcon.colcon_core.package_identification:_identify(build) ignored
[0.161s] Level 1:colcon.colcon_core.package_identification:_identify(install) by extensions ['ignore', 'ignore_ament_install']
[0.161s] Level 1:colcon.colcon_core.package_identification:_identify(install) by extension 'ignore'
[0.161s] Level 1:colcon.colcon_core.package_identification:_identify(install) ignored
[0.162s] Level 1:colcon.colcon_core.package_identification:_identify(log) by extensions ['ignore', 'ignore_ament_install']
[0.162s] Level 1:colcon.colcon_core.package_identification:_identify(log) by extension 'ignore'
[0.162s] Level 1:colcon.colcon_core.package_identification:_identify(log) ignored
[0.162s] Level 1:colcon.colcon_core.package_identification:_identify(my_package) by extensions ['ignore', 'ignore_ament_install']
[0.162s] Level 1:colcon.colcon_core.package_identification:_identify(my_package) by extension 'ignore'
[0.162s] Level 1:colcon.colcon_core.package_identification:_identify(my_package) by extension 'ignore_ament_install'
[0.162s] Level 1:colcon.colcon_core.package_identification:_identify(my_package) by extensions ['colcon_pkg']
[0.162s] Level 1:colcon.colcon_core.package_identification:_identify(my_package) by extension 'colcon_pkg'
[0.162s] Level 1:colcon.colcon_core.package_identification:_identify(my_package) by extensions ['colcon_meta']
[0.162s] Level 1:colcon.colcon_core.package_identification:_identify(my_package) by extension 'colcon_meta'
[0.162s] Level 1:colcon.colcon_core.package_identification:_identify(my_package) by extensions ['ros']
[0.162s] Level 1:colcon.colcon_core.package_identification:_identify(my_package) by extension 'ros'
[0.163s] DEBUG:colcon.colcon_core.package_identification:Package 'my_package' with type 'ros.ament_python' and name 'my_package'
[0.164s] Level 1:colcon.colcon_core.package_identification:_identify(py_pubsub) by extensions ['ignore', 'ignore_ament_install']
[0.164s] Level 1:colcon.colcon_core.package_identification:_identify(py_pubsub) by extension 'ignore'
[0.164s] Level 1:colcon.colcon_core.package_identification:_identify(py_pubsub) by extension 'ignore_ament_install'
[0.164s] Level 1:colcon.colcon_core.package_identification:_identify(py_pubsub) by extensions ['colcon_pkg']
[0.164s] Level 1:colcon.colcon_core.package_identification:_identify(py_pubsub) by extension 'colcon_pkg'
[0.164s] Level 1:colcon.colcon_core.package_identification:_identify(py_pubsub) by extensions ['colcon_meta']
[0.164s] Level 1:colcon.colcon_core.package_identification:_identify(py_pubsub) by extension 'colcon_meta'
[0.164s] Level 1:colcon.colcon_core.package_identification:_identify(py_pubsub) by extensions ['ros']
[0.164s] Level 1:colcon.colcon_core.package_identification:_identify(py_pubsub) by extension 'ros'
[0.164s] DEBUG:colcon.colcon_core.package_identification:Package 'py_pubsub' with type 'ros.ament_python' and name 'py_pubsub'
[0.164s] Level 1:colcon.colcon_core.package_identification:_identify(task_1) by extensions ['ignore', 'ignore_ament_install']
[0.164s] Level 1:colcon.colcon_core.package_identification:_identify(task_1) by extension 'ignore'
[0.164s] Level 1:colcon.colcon_core.package_identification:_identify(task_1) by extension 'ignore_ament_install'
[0.164s] Level 1:colcon.colcon_core.package_identification:_identify(task_1) by extensions ['colcon_pkg']
[0.164s] Level 1:colcon.colcon_core.package_identification:_identify(task_1) by extension 'colcon_pkg'
[0.164s] Level 1:colcon.colcon_core.package_identification:_identify(task_1) by extensions ['colcon_meta']
[0.164s] Level 1:colcon.colcon_core.package_identification:_identify(task_1) by extension 'colcon_meta'
[0.164s] Level 1:colcon.colcon_core.package_identification:_identify(task_1) by extensions ['ros']
[0.164s] Level 1:colcon.colcon_core.package_identification:_identify(task_1) by extension 'ros'
[0.165s] DEBUG:colcon.colcon_core.package_identification:Package 'task_1' with type 'ros.ament_python' and name 'task_1'
[0.165s] Level 1:colcon.colcon_core.package_discovery:discover_packages(recursive) using defaults
[0.165s] Level 1:colcon.colcon_core.package_discovery:discover_packages(ignore) discover
[0.165s] Level 1:colcon.colcon_core.package_discovery:discover_packages(ignore) using defaults
[0.165s] Level 1:colcon.colcon_core.package_discovery:discover_packages(path) discover
[0.165s] Level 1:colcon.colcon_core.package_discovery:discover_packages(path) using defaults
[0.177s] Level 1:colcon.colcon_core.package_discovery:discover_packages(prefix_path) check parameters
[0.177s] Level 1:colcon.colcon_core.package_discovery:discover_packages(prefix_path) discover
[0.179s] DEBUG:colcon.colcon_installed_package_information.package_discovery:Found 321 installed packages in /opt/ros/humble
[0.186s] Level 1:colcon.colcon_core.package_discovery:discover_packages(prefix_path) using defaults
[0.207s] Level 5:colcon.colcon_core.verb:set package 'my_package' build argument 'cmake_args' from command line to 'None'
[0.207s] Level 5:colcon.colcon_core.verb:set package 'my_package' build argument 'cmake_target' from command line to 'None'
[0.207s] Level 5:colcon.colcon_core.verb:set package 'my_package' build argument 'cmake_target_skip_unavailable' from command line to 'False'
[0.208s] Level 5:colcon.colcon_core.verb:set package 'my_package' build argument 'cmake_clean_cache' from command line to 'False'
[0.208s] Level 5:colcon.colcon_core.verb:set package 'my_package' build argument 'cmake_clean_first' from command line to 'False'
[0.208s] Level 5:colcon.colcon_core.verb:set package 'my_package' build argument 'cmake_force_configure' from command line to 'False'
[0.208s] Level 5:colcon.colcon_core.verb:set package 'my_package' build argument 'ament_cmake_args' from command line to 'None'
[0.208s] Level 5:colcon.colcon_core.verb:set package 'my_package' build argument 'catkin_cmake_args' from command line to 'None'
[0.208s] Level 5:colcon.colcon_core.verb:set package 'my_package' build argument 'catkin_skip_building_tests' from command line to 'False'
[0.208s] DEBUG:colcon.colcon_core.verb:Building package 'my_package' with the following arguments: {'ament_cmake_args': None, 'build_base': '/home/me597/ros2/sim_ws/src/ME597/build/my_package', 'catkin_cmake_args': None, 'catkin_skip_building_tests': False, 'cmake_args': None, 'cmake_clean_cache': False, 'cmake_clean_first': False, 'cmake_force_configure': False, 'cmake_target': None, 'cmake_target_skip_unavailable': False, 'install_base': '/home/me597/ros2/sim_ws/src/ME597/install/my_package', 'merge_install': False, 'path': '/home/me597/ros2/sim_ws/src/ME597/my_package', 'symlink_install': False, 'test_result_base': None}
[0.208s] Level 5:colcon.colcon_core.verb:set package 'py_pubsub' build argument 'cmake_args' from command line to 'None'
[0.208s] Level 5:colcon.colcon_core.verb:set package 'py_pubsub' build argument 'cmake_target' from command line to 'None'
[0.208s] Level 5:colcon.colcon_core.verb:set package 'py_pubsub' build argument 'cmake_target_skip_unavailable' from command line to 'False'
[0.208s] Level 5:colcon.colcon_core.verb:set package 'py_pubsub' build argument 'cmake_clean_cache' from command line to 'False'
[0.208s] Level 5:colcon.colcon_core.verb:set package 'py_pubsub' build argument 'cmake_clean_first' from command line to 'False'
[0.209s] Level 5:colcon.colcon_core.verb:set package 'py_pubsub' build argument 'cmake_force_configure' from command line to 'False'
[0.209s] Level 5:colcon.colcon_core.verb:set package 'py_pubsub' build argument 'ament_cmake_args' from command line to 'None'
[0.209s] Level 5:colcon.colcon_core.verb:set package 'py_pubsub' build argument 'catkin_cmake_args' from command line to 'None'
[0.209s] Level 5:colcon.colcon_core.verb:set package 'py_pubsub' build argument 'catkin_skip_building_tests' from command line to 'False'
[0.209s] DEBUG:colcon.colcon_core.verb:Building package 'py_pubsub' with the following arguments: {'ament_cmake_args': None, 'build_base': '/home/me597/ros2/sim_ws/src/ME597/build/py_pubsub', 'catkin_cmake_args': None, 'catkin_skip_building_tests': False, 'cmake_args': None, 'cmake_clean_cache': False, 'cmake_clean_first': False, 'cmake_force_configure': False, 'cmake_target': None, 'cmake_target_skip_unavailable': False, 'install_base': '/home/me597/ros2/sim_ws/src/ME597/install/py_pubsub', 'merge_install': False, 'path': '/home/me597/ros2/sim_ws/src/ME597/py_pubsub', 'symlink_install': False, 'test_result_base': None}
[0.209s] Level 5:colcon.colcon_core.verb:set package 'task_1' build argument 'cmake_args' from command line to 'None'
[0.209s] Level 5:colcon.colcon_core.verb:set package 'task_1' build argument 'cmake_target' from command line to 'None'
[0.209s] Level 5:colcon.colcon_core.verb:set package 'task_1' build argument 'cmake_target_skip_unavailable' from command line to 'False'
[0.209s] Level 5:colcon.colcon_core.verb:set package 'task_1' build argument 'cmake_clean_cache' from command line to 'False'
[0.209s] Level 5:colcon.colcon_core.verb:set package 'task_1' build argument 'cmake_clean_first' from command line to 'False'
[0.209s] Level 5:colcon.colcon_core.verb:set package 'task_1' build argument 'cmake_force_configure' from command line to 'False'
[0.209s] Level 5:colcon.colcon_core.verb:set package 'task_1' build argument 'ament_cmake_args' from command line to 'None'
[0.209s] Level 5:colcon.colcon_core.verb:set package 'task_1' build argument 'catkin_cmake_args' from command line to 'None'
[0.209s] Level 5:colcon.colcon_core.verb:set package 'task_1' build argument 'catkin_skip_building_tests' from command line to 'False'
[0.209s] DEBUG:colcon.colcon_core.verb:Building package 'task_1' with the following arguments: {'ament_cmake_args': None, 'build_base': '/home/me597/ros2/sim_ws/src/ME597/build/task_1', 'catkin_cmake_args': None, 'catkin_skip_building_tests': False, 'cmake_args': None, 'cmake_clean_cache': False, 'cmake_clean_first': False, 'cmake_force_configure': False, 'cmake_target': None, 'cmake_target_skip_unavailable': False, 'install_base': '/home/me597/ros2/sim_ws/src/ME597/install/task_1', 'merge_install': False, 'path': '/home/me597/ros2/sim_ws/src/ME597/task_1', 'symlink_install': False, 'test_result_base': None}
[0.210s] INFO:colcon.colcon_core.executor:Executing jobs using 'parallel' executor
[0.210s] DEBUG:colcon.colcon_parallel_executor.executor.parallel:run_until_complete
[0.211s] INFO:colcon.colcon_ros.task.ament_python.build:Building ROS package in '/home/me597/ros2/sim_ws/src/ME597/my_package' with build type 'ament_python'
[0.211s] Level 1:colcon.colcon_core.shell:create_environment_hook('my_package', 'ament_prefix_path')
[0.212s] INFO:colcon.colcon_core.plugin_system:Skipping extension 'colcon_core.shell.bat': Not used on non-Windows systems
[0.212s] INFO:colcon.colcon_core.shell:Creating environment hook '/home/me597/ros2/sim_ws/src/ME597/install/my_package/share/my_package/hook/ament_prefix_path.ps1'
[0.213s] INFO:colcon.colcon_core.shell:Creating environment descriptor '/home/me597/ros2/sim_ws/src/ME597/install/my_package/share/my_package/hook/ament_prefix_path.dsv'
[0.213s] INFO:colcon.colcon_core.shell:Creating environment hook '/home/me597/ros2/sim_ws/src/ME597/install/my_package/share/my_package/hook/ament_prefix_path.sh'
[0.214s] INFO:colcon.colcon_core.shell:Skip shell extension 'powershell' for command environment: Not usable outside of PowerShell
[0.214s] DEBUG:colcon.colcon_core.shell:Skip shell extension 'dsv' for command environment
[0.217s] INFO:colcon.colcon_ros.task.ament_python.build:Building ROS package in '/home/me597/ros2/sim_ws/src/ME597/py_pubsub' with build type 'ament_python'
[0.217s] Level 1:colcon.colcon_core.shell:create_environment_hook('py_pubsub', 'ament_prefix_path')
[0.217s] INFO:colcon.colcon_core.shell:Creating environment hook '/home/me597/ros2/sim_ws/src/ME597/install/py_pubsub/share/py_pubsub/hook/ament_prefix_path.ps1'
[0.218s] INFO:colcon.colcon_core.shell:Creating environment descriptor '/home/me597/ros2/sim_ws/src/ME597/install/py_pubsub/share/py_pubsub/hook/ament_prefix_path.dsv'
[0.219s] INFO:colcon.colcon_core.shell:Creating environment hook '/home/me597/ros2/sim_ws/src/ME597/install/py_pubsub/share/py_pubsub/hook/ament_prefix_path.sh'
[0.219s] INFO:colcon.colcon_core.shell:Skip shell extension 'powershell' for command environment: Not usable outside of PowerShell
[0.219s] DEBUG:colcon.colcon_core.shell:Skip shell extension 'dsv' for command environment
[0.363s] INFO:colcon.colcon_core.task.python.build:Building Python package in '/home/me597/ros2/sim_ws/src/ME597/my_package'
[0.363s] INFO:colcon.colcon_core.shell:Skip shell extension 'powershell' for command environment: Not usable outside of PowerShell
[0.363s] DEBUG:colcon.colcon_core.shell:Skip shell extension 'dsv' for command environment
[0.521s] INFO:colcon.colcon_core.task.python.build:Building Python package in '/home/me597/ros2/sim_ws/src/ME597/py_pubsub'
[0.521s] INFO:colcon.colcon_core.shell:Skip shell extension 'powershell' for command environment: Not usable outside of PowerShell
[0.521s] DEBUG:colcon.colcon_core.shell:Skip shell extension 'dsv' for command environment
[0.782s] DEBUG:colcon.colcon_core.event_handler.log_command:Invoking command in '/home/me597/ros2/sim_ws/src/ME597/my_package': PYTHONPATH=/home/me597/ros2/sim_ws/src/ME597/build/my_package/prefix_override:/usr/lib/python3/dist-packages/colcon_core/task/python/colcon_distutils_commands:/home/me597/ros2/sim_ws/src/ME597/install/my_package/lib/python3.10/site-packages:${PYTHONPATH} /usr/bin/python3 -W ignore:setup.py install is deprecated setup.py egg_info --egg-base ../build/my_package build --build-base /home/me597/ros2/sim_ws/src/ME597/build/my_package/build install --record /home/me597/ros2/sim_ws/src/ME597/build/my_package/install.log --single-version-externally-managed install_data
[0.986s] DEBUG:colcon.colcon_core.event_handler.log_command:Invoking command in '/home/me597/ros2/sim_ws/src/ME597/py_pubsub': PYTHONPATH=/home/me597/ros2/sim_ws/src/ME597/build/py_pubsub/prefix_override:/usr/lib/python3/dist-packages/colcon_core/task/python/colcon_distutils_commands:/home/me597/ros2/sim_ws/src/ME597/install/py_pubsub/lib/python3.10/site-packages:${PYTHONPATH} /usr/bin/python3 -W ignore:setup.py install is deprecated setup.py egg_info --egg-base ../build/py_pubsub build --build-base /home/me597/ros2/sim_ws/src/ME597/build/py_pubsub/build install --record /home/me597/ros2/sim_ws/src/ME597/build/py_pubsub/install.log --single-version-externally-managed install_data
[1.175s] DEBUG:colcon.colcon_core.event_handler.log_command:Invoked command in '/home/me597/ros2/sim_ws/src/ME597/my_package' returned '0': PYTHONPATH=/home/me597/ros2/sim_ws/src/ME597/build/my_package/prefix_override:/usr/lib/python3/dist-packages/colcon_core/task/python/colcon_distutils_commands:/home/me597/ros2/sim_ws/src/ME597/install/my_package/lib/python3.10/site-packages:${PYTHONPATH} /usr/bin/python3 -W ignore:setup.py install is deprecated setup.py egg_info --egg-base ../build/my_package build --build-base /home/me597/ros2/sim_ws/src/ME597/build/my_package/build install --record /home/me597/ros2/sim_ws/src/ME597/build/my_package/install.log --single-version-externally-managed install_data
[1.176s] Level 1:colcon.colcon_core.environment:checking '/home/me597/ros2/sim_ws/src/ME597/install/my_package' for CMake module files
[1.176s] Level 1:colcon.colcon_core.environment:checking '/home/me597/ros2/sim_ws/src/ME597/install/my_package' for CMake config files
[1.177s] Level 1:colcon.colcon_core.environment:checking '/home/me597/ros2/sim_ws/src/ME597/install/my_package/lib'
[1.177s] Level 1:colcon.colcon_core.environment:checking '/home/me597/ros2/sim_ws/src/ME597/install/my_package/bin'
[1.177s] Level 1:colcon.colcon_core.environment:checking '/home/me597/ros2/sim_ws/src/ME597/install/my_package/lib/pkgconfig/my_package.pc'
[1.177s] Level 1:colcon.colcon_core.environment:checking '/home/me597/ros2/sim_ws/src/ME597/install/my_package/lib/python3.10/site-packages'
[1.177s] Level 1:colcon.colcon_core.shell:create_environment_hook('my_package', 'pythonpath')
[1.177s] INFO:colcon.colcon_core.shell:Creating environment hook '/home/me597/ros2/sim_ws/src/ME597/install/my_package/share/my_package/hook/pythonpath.ps1'
[1.177s] INFO:colcon.colcon_core.shell:Creating environment descriptor '/home/me597/ros2/sim_ws/src/ME597/install/my_package/share/my_package/hook/pythonpath.dsv'
[1.178s] INFO:colcon.colcon_core.shell:Creating environment hook '/home/me597/ros2/sim_ws/src/ME597/install/my_package/share/my_package/hook/pythonpath.sh'
[1.178s] Level 1:colcon.colcon_core.environment:checking '/home/me597/ros2/sim_ws/src/ME597/install/my_package/bin'
[1.178s] Level 1:colcon.colcon_core.environment:create_environment_scripts_only(my_package)
[1.178s] INFO:colcon.colcon_core.shell:Creating package script '/home/me597/ros2/sim_ws/src/ME597/install/my_package/share/my_package/package.ps1'
[1.178s] INFO:colcon.colcon_core.shell:Creating package descriptor '/home/me597/ros2/sim_ws/src/ME597/install/my_package/share/my_package/package.dsv'
[1.179s] INFO:colcon.colcon_core.shell:Creating package script '/home/me597/ros2/sim_ws/src/ME597/install/my_package/share/my_package/package.sh'
[1.181s] INFO:colcon.colcon_core.shell:Creating package script '/home/me597/ros2/sim_ws/src/ME597/install/my_package/share/my_package/package.bash'
[1.181s] INFO:colcon.colcon_core.shell:Creating package script '/home/me597/ros2/sim_ws/src/ME597/install/my_package/share/my_package/package.zsh'
[1.182s] Level 1:colcon.colcon_core.environment:create_file_with_runtime_dependencies(/home/me597/ros2/sim_ws/src/ME597/install/my_package/share/colcon-core/packages/my_package)
[1.186s] INFO:colcon.colcon_ros.task.ament_python.build:Building ROS package in '/home/me597/ros2/sim_ws/src/ME597/task_1' with build type 'ament_python'
[1.186s] Level 1:colcon.colcon_core.shell:create_environment_hook('task_1', 'ament_prefix_path')
[1.186s] INFO:colcon.colcon_core.shell:Creating environment hook '/home/me597/ros2/sim_ws/src/ME597/install/task_1/share/task_1/hook/ament_prefix_path.ps1'
[1.187s] INFO:colcon.colcon_core.shell:Creating environment descriptor '/home/me597/ros2/sim_ws/src/ME597/install/task_1/share/task_1/hook/ament_prefix_path.dsv'
[1.190s] INFO:colcon.colcon_core.shell:Creating environment hook '/home/me597/ros2/sim_ws/src/ME597/install/task_1/share/task_1/hook/ament_prefix_path.sh'
[1.190s] INFO:colcon.colcon_core.shell:Skip shell extension 'powershell' for command environment: Not usable outside of PowerShell
[1.190s] DEBUG:colcon.colcon_core.shell:Skip shell extension 'dsv' for command environment
[1.467s] INFO:colcon.colcon_core.task.python.build:Building Python package in '/home/me597/ros2/sim_ws/src/ME597/task_1'
[1.473s] INFO:colcon.colcon_core.shell:Skip shell extension 'powershell' for command environment: Not usable outside of PowerShell
[1.476s] DEBUG:colcon.colcon_core.shell:Skip shell extension 'dsv' for command environment
[1.479s] Level 1:colcon.colcon_core.environment:checking '/home/me597/ros2/sim_ws/src/ME597/install/py_pubsub' for CMake module files
[1.480s] DEBUG:colcon.colcon_core.event_handler.log_command:Invoked command in '/home/me597/ros2/sim_ws/src/ME597/py_pubsub' returned '0': PYTHONPATH=/home/me597/ros2/sim_ws/src/ME597/build/py_pubsub/prefix_override:/usr/lib/python3/dist-packages/colcon_core/task/python/colcon_distutils_commands:/home/me597/ros2/sim_ws/src/ME597/install/py_pubsub/lib/python3.10/site-packages:${PYTHONPATH} /usr/bin/python3 -W ignore:setup.py install is deprecated setup.py egg_info --egg-base ../build/py_pubsub build --build-base /home/me597/ros2/sim_ws/src/ME597/build/py_pubsub/build install --record /home/me597/ros2/sim_ws/src/ME597/build/py_pubsub/install.log --single-version-externally-managed install_data
[1.480s] Level 1:colcon.colcon_core.environment:checking '/home/me597/ros2/sim_ws/src/ME597/install/py_pubsub' for CMake config files
[1.481s] Level 1:colcon.colcon_core.environment:checking '/home/me597/ros2/sim_ws/src/ME597/install/py_pubsub/lib'
[1.481s] Level 1:colcon.colcon_core.environment:checking '/home/me597/ros2/sim_ws/src/ME597/install/py_pubsub/bin'
[1.481s] Level 1:colcon.colcon_core.environment:checking '/home/me597/ros2/sim_ws/src/ME597/install/py_pubsub/lib/pkgconfig/py_pubsub.pc'
[1.481s] Level 1:colcon.colcon_core.environment:checking '/home/me597/ros2/sim_ws/src/ME597/install/py_pubsub/lib/python3.10/site-packages'
[1.481s] Level 1:colcon.colcon_core.shell:create_environment_hook('py_pubsub', 'pythonpath')
[1.481s] INFO:colcon.colcon_core.shell:Creating environment hook '/home/me597/ros2/sim_ws/src/ME597/install/py_pubsub/share/py_pubsub/hook/pythonpath.ps1'
[1.481s] INFO:colcon.colcon_core.shell:Creating environment descriptor '/home/me597/ros2/sim_ws/src/ME597/install/py_pubsub/share/py_pubsub/hook/pythonpath.dsv'
[1.482s] INFO:colcon.colcon_core.shell:Creating environment hook '/home/me597/ros2/sim_ws/src/ME597/install/py_pubsub/share/py_pubsub/hook/pythonpath.sh'
[1.482s] Level 1:colcon.colcon_core.environment:checking '/home/me597/ros2/sim_ws/src/ME597/install/py_pubsub/bin'
[1.482s] Level 1:colcon.colcon_core.environment:create_environment_scripts_only(py_pubsub)
[1.482s] INFO:colcon.colcon_core.shell:Creating package script '/home/me597/ros2/sim_ws/src/ME597/install/py_pubsub/share/py_pubsub/package.ps1'
[1.482s] INFO:colcon.colcon_core.shell:Creating package descriptor '/home/me597/ros2/sim_ws/src/ME597/install/py_pubsub/share/py_pubsub/package.dsv'
[1.482s] INFO:colcon.colcon_core.shell:Creating package script '/home/me597/ros2/sim_ws/src/ME597/install/py_pubsub/share/py_pubsub/package.sh'
[1.482s] INFO:colcon.colcon_core.shell:Creating package script '/home/me597/ros2/sim_ws/src/ME597/install/py_pubsub/share/py_pubsub/package.bash'
[1.485s] INFO:colcon.colcon_core.shell:Creating package script '/home/me597/ros2/sim_ws/src/ME597/install/py_pubsub/share/py_pubsub/package.zsh'
[1.485s] Level 1:colcon.colcon_core.environment:create_file_with_runtime_dependencies(/home/me597/ros2/sim_ws/src/ME597/install/py_pubsub/share/colcon-core/packages/py_pubsub)
[1.786s] DEBUG:colcon.colcon_core.event_handler.log_command:Invoking command in '/home/me597/ros2/sim_ws/src/ME597/task_1': PYTHONPATH=/home/me597/ros2/sim_ws/src/ME597/build/task_1/prefix_override:/usr/lib/python3/dist-packages/colcon_core/task/python/colcon_distutils_commands:/home/me597/ros2/sim_ws/src/ME597/install/task_1/lib/python3.10/site-packages:${PYTHONPATH} /usr/bin/python3 -W ignore:setup.py install is deprecated setup.py egg_info --egg-base ../build/task_1 build --build-base /home/me597/ros2/sim_ws/src/ME597/build/task_1/build install --record /home/me597/ros2/sim_ws/src/ME597/build/task_1/install.log --single-version-externally-managed install_data
[2.030s] Level 1:colcon.colcon_core.environment:checking '/home/me597/ros2/sim_ws/src/ME597/install/task_1' for CMake module files
[2.031s] Level 1:colcon.colcon_core.environment:checking '/home/me597/ros2/sim_ws/src/ME597/install/task_1' for CMake config files
[2.031s] Level 1:colcon.colcon_core.environment:checking '/home/me597/ros2/sim_ws/src/ME597/install/task_1/lib'
[2.031s] Level 1:colcon.colcon_core.environment:checking '/home/me597/ros2/sim_ws/src/ME597/install/task_1/bin'
[2.031s] Level 1:colcon.colcon_core.environment:checking '/home/me597/ros2/sim_ws/src/ME597/install/task_1/lib/pkgconfig/task_1.pc'
[2.031s] Level 1:colcon.colcon_core.environment:checking '/home/me597/ros2/sim_ws/src/ME597/install/task_1/lib/python3.10/site-packages'
[2.031s] Level 1:colcon.colcon_core.shell:create_environment_hook('task_1', 'pythonpath')
[2.032s] INFO:colcon.colcon_core.shell:Creating environment hook '/home/me597/ros2/sim_ws/src/ME597/install/task_1/share/task_1/hook/pythonpath.ps1'
[2.032s] INFO:colcon.colcon_core.shell:Creating environment descriptor '/home/me597/ros2/sim_ws/src/ME597/install/task_1/share/task_1/hook/pythonpath.dsv'
[2.032s] INFO:colcon.colcon_core.shell:Creating environment hook '/home/me597/ros2/sim_ws/src/ME597/install/task_1/share/task_1/hook/pythonpath.sh'
[2.032s] Level 1:colcon.colcon_core.environment:checking '/home/me597/ros2/sim_ws/src/ME597/install/task_1/bin'
[2.032s] Level 1:colcon.colcon_core.environment:create_environment_scripts_only(task_1)
[2.033s] INFO:colcon.colcon_core.shell:Creating package script '/home/me597/ros2/sim_ws/src/ME597/install/task_1/share/task_1/package.ps1'
[2.033s] INFO:colcon.colcon_core.shell:Creating package descriptor '/home/me597/ros2/sim_ws/src/ME597/install/task_1/share/task_1/package.dsv'
[2.033s] INFO:colcon.colcon_core.shell:Creating package script '/home/me597/ros2/sim_ws/src/ME597/install/task_1/share/task_1/package.sh'
[2.033s] INFO:colcon.colcon_core.shell:Creating package script '/home/me597/ros2/sim_ws/src/ME597/install/task_1/share/task_1/package.bash'
[2.033s] INFO:colcon.colcon_core.shell:Creating package script '/home/me597/ros2/sim_ws/src/ME597/install/task_1/share/task_1/package.zsh'
[2.033s] Level 1:colcon.colcon_core.environment:create_file_with_runtime_dependencies(/home/me597/ros2/sim_ws/src/ME597/install/task_1/share/colcon-core/packages/task_1)
[2.034s] DEBUG:colcon.colcon_parallel_executor.executor.parallel:closing loop
[2.040s] DEBUG:colcon.colcon_core.event_handler.log_command:Invoked command in '/home/me597/ros2/sim_ws/src/ME597/task_1' returned '0': PYTHONPATH=/home/me597/ros2/sim_ws/src/ME597/build/task_1/prefix_override:/usr/lib/python3/dist-packages/colcon_core/task/python/colcon_distutils_commands:/home/me597/ros2/sim_ws/src/ME597/install/task_1/lib/python3.10/site-packages:${PYTHONPATH} /usr/bin/python3 -W ignore:setup.py install is deprecated setup.py egg_info --egg-base ../build/task_1 build --build-base /home/me597/ros2/sim_ws/src/ME597/build/task_1/build install --record /home/me597/ros2/sim_ws/src/ME597/build/task_1/install.log --single-version-externally-managed install_data
[2.041s] DEBUG:colcon.colcon_parallel_executor.executor.parallel:loop closed
[2.041s] DEBUG:colcon.colcon_parallel_executor.executor.parallel:run_until_complete finished with '0'
[2.041s] DEBUG:colcon.colcon_core.event_reactor:joining thread
[2.045s] INFO:colcon.colcon_core.plugin_system:Skipping extension 'colcon_notification.desktop_notification.terminal_notifier': Not used on non-Darwin systems
[2.048s] INFO:colcon.colcon_core.plugin_system:Skipping extension 'colcon_notification.desktop_notification.win32': Not used on non-Windows systems
[2.048s] INFO:colcon.colcon_notification.desktop_notification:Sending desktop notification using 'notify2'
[2.069s] DEBUG:colcon.colcon_core.event_reactor:joined thread
[2.069s] INFO:colcon.colcon_core.shell:Creating prefix script '/home/me597/ros2/sim_ws/src/ME597/install/local_setup.ps1'
[2.070s] INFO:colcon.colcon_core.shell:Creating prefix util module '/home/me597/ros2/sim_ws/src/ME597/install/_local_setup_util_ps1.py'
[2.071s] INFO:colcon.colcon_core.shell:Creating prefix chain script '/home/me597/ros2/sim_ws/src/ME597/install/setup.ps1'
[2.072s] INFO:colcon.colcon_core.shell:Creating prefix script '/home/me597/ros2/sim_ws/src/ME597/install/local_setup.sh'
[2.072s] INFO:colcon.colcon_core.shell:Creating prefix util module '/home/me597/ros2/sim_ws/src/ME597/install/_local_setup_util_sh.py'
[2.072s] INFO:colcon.colcon_core.shell:Creating prefix chain script '/home/me597/ros2/sim_ws/src/ME597/install/setup.sh'
[2.074s] INFO:colcon.colcon_core.shell:Creating prefix script '/home/me597/ros2/sim_ws/src/ME597/install/local_setup.bash'
[2.077s] INFO:colcon.colcon_core.shell:Creating prefix chain script '/home/me597/ros2/sim_ws/src/ME597/install/setup.bash'
[2.078s] INFO:colcon.colcon_core.shell:Creating prefix script '/home/me597/ros2/sim_ws/src/ME597/install/local_setup.zsh'
[2.078s] INFO:colcon.colcon_core.shell:Creating prefix chain script '/home/me597/ros2/sim_ws/src/ME597/install/setup.zsh'
