[0.788s] Invoking command in '/home/me597/ros2/sim_ws/src/ME597/task_2': AMENT_PREFIX_PATH=/home/me597/ros2/sim_ws/install/task_2_interfaces:${AMENT_PREFIX_PATH} CMAKE_PREFIX_PATH=/home/me597/ros2/sim_ws/install/task_2_interfaces LD_LIBRARY_PATH=/home/me597/ros2/sim_ws/install/task_2_interfaces/lib:${LD_LIBRARY_PATH} PYTHONPATH=/home/me597/ros2/sim_ws/build/task_2/prefix_override:/usr/lib/python3/dist-packages/colcon_core/task/python/colcon_distutils_commands:/home/me597/ros2/sim_ws/install/task_2/lib/python3.10/site-packages:/home/me597/ros2/sim_ws/install/task_2_interfaces/local/lib/python3.10/dist-packages:${PYTHONPATH} /usr/bin/python3 -W ignore:setup.py install is deprecated setup.py egg_info --egg-base ../../../build/task_2 build --build-base /home/me597/ros2/sim_ws/build/task_2/build install --record /home/me597/ros2/sim_ws/build/task_2/install.log --single-version-externally-managed install_data
[1.109s] running egg_info
[1.118s] creating ../../../build/task_2/task_2.egg-info
[1.119s] writing ../../../build/task_2/task_2.egg-info/PKG-INFO
[1.119s] writing dependency_links to ../../../build/task_2/task_2.egg-info/dependency_links.txt
[1.122s] writing entry points to ../../../build/task_2/task_2.egg-info/entry_points.txt
[1.122s] writing requirements to ../../../build/task_2/task_2.egg-info/requires.txt
[1.122s] writing top-level names to ../../../build/task_2/task_2.egg-info/top_level.txt
[1.125s] writing manifest file '../../../build/task_2/task_2.egg-info/SOURCES.txt'
[1.128s] reading manifest file '../../../build/task_2/task_2.egg-info/SOURCES.txt'
[1.131s] writing manifest file '../../../build/task_2/task_2.egg-info/SOURCES.txt'
[1.132s] running build
[1.132s] running build_py
[1.132s] creating /home/me597/ros2/sim_ws/build/task_2/build
[1.133s] creating /home/me597/ros2/sim_ws/build/task_2/build/lib
[1.133s] creating /home/me597/ros2/sim_ws/build/task_2/build/lib/task_2
[1.135s] copying task_2/__init__.py -> /home/me597/ros2/sim_ws/build/task_2/build/lib/task_2
[1.135s] copying task_2/service.py -> /home/me597/ros2/sim_ws/build/task_2/build/lib/task_2
[1.135s] copying task_2/client.py -> /home/me597/ros2/sim_ws/build/task_2/build/lib/task_2
[1.135s] copying task_2/pub.py -> /home/me597/ros2/sim_ws/build/task_2/build/lib/task_2
[1.136s] copying task_2/sub.py -> /home/me597/ros2/sim_ws/build/task_2/build/lib/task_2
[1.136s] running install
[1.138s] running install_lib
[1.141s] creating /home/me597/ros2/sim_ws/install/task_2/lib/python3.10/site-packages/task_2
[1.141s] copying /home/me597/ros2/sim_ws/build/task_2/build/lib/task_2/__init__.py -> /home/me597/ros2/sim_ws/install/task_2/lib/python3.10/site-packages/task_2
[1.141s] copying /home/me597/ros2/sim_ws/build/task_2/build/lib/task_2/service.py -> /home/me597/ros2/sim_ws/install/task_2/lib/python3.10/site-packages/task_2
[1.141s] copying /home/me597/ros2/sim_ws/build/task_2/build/lib/task_2/client.py -> /home/me597/ros2/sim_ws/install/task_2/lib/python3.10/site-packages/task_2
[1.141s] copying /home/me597/ros2/sim_ws/build/task_2/build/lib/task_2/pub.py -> /home/me597/ros2/sim_ws/install/task_2/lib/python3.10/site-packages/task_2
[1.141s] copying /home/me597/ros2/sim_ws/build/task_2/build/lib/task_2/sub.py -> /home/me597/ros2/sim_ws/install/task_2/lib/python3.10/site-packages/task_2
[1.141s] byte-compiling /home/me597/ros2/sim_ws/install/task_2/lib/python3.10/site-packages/task_2/__init__.py to __init__.cpython-310.pyc
[1.142s] byte-compiling /home/me597/ros2/sim_ws/install/task_2/lib/python3.10/site-packages/task_2/service.py to service.cpython-310.pyc
[1.142s] byte-compiling /home/me597/ros2/sim_ws/install/task_2/lib/python3.10/site-packages/task_2/client.py to client.cpython-310.pyc
[1.147s] byte-compiling /home/me597/ros2/sim_ws/install/task_2/lib/python3.10/site-packages/task_2/pub.py to pub.cpython-310.pyc
[1.147s] byte-compiling /home/me597/ros2/sim_ws/install/task_2/lib/python3.10/site-packages/task_2/sub.py to sub.cpython-310.pyc
[1.147s] running install_data
[1.147s] creating /home/me597/ros2/sim_ws/install/task_2/share/ament_index
[1.147s] creating /home/me597/ros2/sim_ws/install/task_2/share/ament_index/resource_index
[1.148s] creating /home/me597/ros2/sim_ws/install/task_2/share/ament_index/resource_index/packages
[1.149s] copying resource/task_2 -> /home/me597/ros2/sim_ws/install/task_2/share/ament_index/resource_index/packages
[1.149s] copying package.xml -> /home/me597/ros2/sim_ws/install/task_2/share/task_2
[1.149s] running install_egg_info
[1.153s] Copying ../../../build/task_2/task_2.egg-info to /home/me597/ros2/sim_ws/install/task_2/lib/python3.10/site-packages/task_2-0.0.0-py3.10.egg-info
[1.154s] running install_scripts
[1.184s] Installing client script to /home/me597/ros2/sim_ws/install/task_2/lib/task_2
[1.184s] Installing service script to /home/me597/ros2/sim_ws/install/task_2/lib/task_2
[1.185s] Installing talker script to /home/me597/ros2/sim_ws/install/task_2/lib/task_2
[1.186s] writing list of installed files to '/home/me597/ros2/sim_ws/build/task_2/install.log'
[1.217s] Invoked command in '/home/me597/ros2/sim_ws/src/ME597/task_2' returned '0': AMENT_PREFIX_PATH=/home/me597/ros2/sim_ws/install/task_2_interfaces:${AMENT_PREFIX_PATH} CMAKE_PREFIX_PATH=/home/me597/ros2/sim_ws/install/task_2_interfaces LD_LIBRARY_PATH=/home/me597/ros2/sim_ws/install/task_2_interfaces/lib:${LD_LIBRARY_PATH} PYTHONPATH=/home/me597/ros2/sim_ws/build/task_2/prefix_override:/usr/lib/python3/dist-packages/colcon_core/task/python/colcon_distutils_commands:/home/me597/ros2/sim_ws/install/task_2/lib/python3.10/site-packages:/home/me597/ros2/sim_ws/install/task_2_interfaces/local/lib/python3.10/dist-packages:${PYTHONPATH} /usr/bin/python3 -W ignore:setup.py install is deprecated setup.py egg_info --egg-base ../../../build/task_2 build --build-base /home/me597/ros2/sim_ws/build/task_2/build install --record /home/me597/ros2/sim_ws/build/task_2/install.log --single-version-externally-managed install_data
