[0.067s] DEBUG:colcon:Command line arguments: ['/usr/bin/colcon', 'build', '--symlink-install', '--packages-select', 'task_2_interfaces']
[0.067s] DEBUG:colcon:Parsed command line arguments: Namespace(log_base=None, log_level=None, verb_name='build', build_base='build', install_base='install', merge_install=False, symlink_install=True, test_result_base=None, continue_on_error=False, executor='parallel', parallel_workers=2, event_handlers=None, ignore_user_meta=False, metas=['./colcon.meta'], base_paths=['.'], packages_ignore=None, packages_ignore_regex=None, paths=None, packages_up_to=None, packages_up_to_regex=None, packages_above=None, packages_above_and_dependencies=None, packages_above_depth=None, packages_select_by_dep=None, packages_skip_by_dep=None, packages_skip_up_to=None, packages_select_build_failed=False, packages_skip_build_finished=False, packages_select_test_failures=False, packages_skip_test_passed=False, packages_select=['task_2_interfaces'], packages_skip=None, packages_select_regex=None, packages_skip_regex=None, packages_start=None, packages_end=None, allow_overriding=[], cmake_args=None, cmake_target=None, cmake_target_skip_unavailable=False, cmake_clean_cache=False, cmake_clean_first=False, cmake_force_configure=False, ament_cmake_args=None, catkin_cmake_args=None, catkin_skip_building_tests=False, mixin_files=None, mixin=None, verb_parser=<colcon_mixin.mixin.mixin_argument.MixinArgumentDecorator object at 0x783f33f518a0>, verb_extension=<colcon_core.verb.build.BuildVerb object at 0x783f34065ff0>, main=<bound method BuildVerb.main of <colcon_core.verb.build.BuildVerb object at 0x783f34065ff0>>, mixin_verb=('build',))
[0.156s] Level 1:colcon.colcon_core.package_discovery:discover_packages(colcon_meta) check parameters
[0.157s] Level 1:colcon.colcon_core.package_discovery:discover_packages(recursive) check parameters
[0.157s] Level 1:colcon.colcon_core.package_discovery:discover_packages(ignore) check parameters
[0.157s] Level 1:colcon.colcon_core.package_discovery:discover_packages(path) check parameters
[0.157s] Level 1:colcon.colcon_core.package_discovery:discover_packages(colcon_meta) discover
[0.157s] Level 1:colcon.colcon_core.package_discovery:discover_packages(recursive) discover
[0.157s] INFO:colcon.colcon_core.package_discovery:Crawling recursively for packages in '/home/me597/ros2/sim_ws'
[0.157s] Level 1:colcon.colcon_core.package_identification:_identify(.) by extensions ['ignore', 'ignore_ament_install']
[0.157s] Level 1:colcon.colcon_core.package_identification:_identify(.) by extension 'ignore'
[0.157s] Level 1:colcon.colcon_core.package_identification:_identify(.) by extension 'ignore_ament_install'
[0.157s] Level 1:colcon.colcon_core.package_identification:_identify(.) by extensions ['colcon_pkg']
[0.157s] Level 1:colcon.colcon_core.package_identification:_identify(.) by extension 'colcon_pkg'
[0.157s] Level 1:colcon.colcon_core.package_identification:_identify(.) by extensions ['colcon_meta']
[0.157s] Level 1:colcon.colcon_core.package_identification:_identify(.) by extension 'colcon_meta'
[0.157s] Level 1:colcon.colcon_core.package_identification:_identify(.) by extensions ['ros']
[0.157s] Level 1:colcon.colcon_core.package_identification:_identify(.) by extension 'ros'
[0.165s] Level 1:colcon.colcon_core.package_identification:_identify(.) by extensions ['cmake', 'python']
[0.165s] Level 1:colcon.colcon_core.package_identification:_identify(.) by extension 'cmake'
[0.165s] Level 1:colcon.colcon_core.package_identification:_identify(.) by extension 'python'
[0.165s] Level 1:colcon.colcon_core.package_identification:_identify(.) by extensions ['python_setup_py']
[0.165s] Level 1:colcon.colcon_core.package_identification:_identify(.) by extension 'python_setup_py'
[0.166s] Level 1:colcon.colcon_core.package_identification:_identify(build) by extensions ['ignore', 'ignore_ament_install']
[0.166s] Level 1:colcon.colcon_core.package_identification:_identify(build) by extension 'ignore'
[0.166s] Level 1:colcon.colcon_core.package_identification:_identify(build) ignored
[0.166s] Level 1:colcon.colcon_core.package_identification:_identify(install) by extensions ['ignore', 'ignore_ament_install']
[0.166s] Level 1:colcon.colcon_core.package_identification:_identify(install) by extension 'ignore'
[0.167s] Level 1:colcon.colcon_core.package_identification:_identify(install) ignored
[0.167s] Level 1:colcon.colcon_core.package_identification:_identify(log) by extensions ['ignore', 'ignore_ament_install']
[0.167s] Level 1:colcon.colcon_core.package_identification:_identify(log) by extension 'ignore'
[0.167s] Level 1:colcon.colcon_core.package_identification:_identify(log) ignored
[0.167s] Level 1:colcon.colcon_core.package_identification:_identify(src) by extensions ['ignore', 'ignore_ament_install']
[0.167s] Level 1:colcon.colcon_core.package_identification:_identify(src) by extension 'ignore'
[0.167s] Level 1:colcon.colcon_core.package_identification:_identify(src) by extension 'ignore_ament_install'
[0.167s] Level 1:colcon.colcon_core.package_identification:_identify(src) by extensions ['colcon_pkg']
[0.167s] Level 1:colcon.colcon_core.package_identification:_identify(src) by extension 'colcon_pkg'
[0.167s] Level 1:colcon.colcon_core.package_identification:_identify(src) by extensions ['colcon_meta']
[0.167s] Level 1:colcon.colcon_core.package_identification:_identify(src) by extension 'colcon_meta'
[0.167s] Level 1:colcon.colcon_core.package_identification:_identify(src) by extensions ['ros']
[0.167s] Level 1:colcon.colcon_core.package_identification:_identify(src) by extension 'ros'
[0.167s] Level 1:colcon.colcon_core.package_identification:_identify(src) by extensions ['cmake', 'python']
[0.168s] Level 1:colcon.colcon_core.package_identification:_identify(src) by extension 'cmake'
[0.168s] Level 1:colcon.colcon_core.package_identification:_identify(src) by extension 'python'
[0.168s] Level 1:colcon.colcon_core.package_identification:_identify(src) by extensions ['python_setup_py']
[0.168s] Level 1:colcon.colcon_core.package_identification:_identify(src) by extension 'python_setup_py'
[0.168s] Level 1:colcon.colcon_core.package_identification:_identify(src/ME597) by extensions ['ignore', 'ignore_ament_install']
[0.168s] Level 1:colcon.colcon_core.package_identification:_identify(src/ME597) by extension 'ignore'
[0.168s] Level 1:colcon.colcon_core.package_identification:_identify(src/ME597) by extension 'ignore_ament_install'
[0.168s] Level 1:colcon.colcon_core.package_identification:_identify(src/ME597) by extensions ['colcon_pkg']
[0.168s] Level 1:colcon.colcon_core.package_identification:_identify(src/ME597) by extension 'colcon_pkg'
[0.168s] Level 1:colcon.colcon_core.package_identification:_identify(src/ME597) by extensions ['colcon_meta']
[0.168s] Level 1:colcon.colcon_core.package_identification:_identify(src/ME597) by extension 'colcon_meta'
[0.168s] Level 1:colcon.colcon_core.package_identification:_identify(src/ME597) by extensions ['ros']
[0.168s] Level 1:colcon.colcon_core.package_identification:_identify(src/ME597) by extension 'ros'
[0.168s] Level 1:colcon.colcon_core.package_identification:_identify(src/ME597) by extensions ['cmake', 'python']
[0.168s] Level 1:colcon.colcon_core.package_identification:_identify(src/ME597) by extension 'cmake'
[0.168s] Level 1:colcon.colcon_core.package_identification:_identify(src/ME597) by extension 'python'
[0.168s] Level 1:colcon.colcon_core.package_identification:_identify(src/ME597) by extensions ['python_setup_py']
[0.168s] Level 1:colcon.colcon_core.package_identification:_identify(src/ME597) by extension 'python_setup_py'
[0.169s] Level 1:colcon.colcon_core.package_identification:_identify(src/ME597/bag_files) by extensions ['ignore', 'ignore_ament_install']
[0.169s] Level 1:colcon.colcon_core.package_identification:_identify(src/ME597/bag_files) by extension 'ignore'
[0.169s] Level 1:colcon.colcon_core.package_identification:_identify(src/ME597/bag_files) by extension 'ignore_ament_install'
[0.169s] Level 1:colcon.colcon_core.package_identification:_identify(src/ME597/bag_files) by extensions ['colcon_pkg']
[0.169s] Level 1:colcon.colcon_core.package_identification:_identify(src/ME597/bag_files) by extension 'colcon_pkg'
[0.169s] Level 1:colcon.colcon_core.package_identification:_identify(src/ME597/bag_files) by extensions ['colcon_meta']
[0.169s] Level 1:colcon.colcon_core.package_identification:_identify(src/ME597/bag_files) by extension 'colcon_meta'
[0.169s] Level 1:colcon.colcon_core.package_identification:_identify(src/ME597/bag_files) by extensions ['ros']
[0.169s] Level 1:colcon.colcon_core.package_identification:_identify(src/ME597/bag_files) by extension 'ros'
[0.169s] Level 1:colcon.colcon_core.package_identification:_identify(src/ME597/bag_files) by extensions ['cmake', 'python']
[0.169s] Level 1:colcon.colcon_core.package_identification:_identify(src/ME597/bag_files) by extension 'cmake'
[0.170s] Level 1:colcon.colcon_core.package_identification:_identify(src/ME597/bag_files) by extension 'python'
[0.170s] Level 1:colcon.colcon_core.package_identification:_identify(src/ME597/bag_files) by extensions ['python_setup_py']
[0.170s] Level 1:colcon.colcon_core.package_identification:_identify(src/ME597/bag_files) by extension 'python_setup_py'
[0.170s] Level 1:colcon.colcon_core.package_identification:_identify(src/ME597/bag_files/task_1) by extensions ['ignore', 'ignore_ament_install']
[0.170s] Level 1:colcon.colcon_core.package_identification:_identify(src/ME597/bag_files/task_1) by extension 'ignore'
[0.170s] Level 1:colcon.colcon_core.package_identification:_identify(src/ME597/bag_files/task_1) by extension 'ignore_ament_install'
[0.170s] Level 1:colcon.colcon_core.package_identification:_identify(src/ME597/bag_files/task_1) by extensions ['colcon_pkg']
[0.170s] Level 1:colcon.colcon_core.package_identification:_identify(src/ME597/bag_files/task_1) by extension 'colcon_pkg'
[0.170s] Level 1:colcon.colcon_core.package_identification:_identify(src/ME597/bag_files/task_1) by extensions ['colcon_meta']
[0.170s] Level 1:colcon.colcon_core.package_identification:_identify(src/ME597/bag_files/task_1) by extension 'colcon_meta'
[0.170s] Level 1:colcon.colcon_core.package_identification:_identify(src/ME597/bag_files/task_1) by extensions ['ros']
[0.170s] Level 1:colcon.colcon_core.package_identification:_identify(src/ME597/bag_files/task_1) by extension 'ros'
[0.170s] Level 1:colcon.colcon_core.package_identification:_identify(src/ME597/bag_files/task_1) by extensions ['cmake', 'python']
[0.170s] Level 1:colcon.colcon_core.package_identification:_identify(src/ME597/bag_files/task_1) by extension 'cmake'
[0.170s] Level 1:colcon.colcon_core.package_identification:_identify(src/ME597/bag_files/task_1) by extension 'python'
[0.171s] Level 1:colcon.colcon_core.package_identification:_identify(src/ME597/bag_files/task_1) by extensions ['python_setup_py']
[0.171s] Level 1:colcon.colcon_core.package_identification:_identify(src/ME597/bag_files/task_1) by extension 'python_setup_py'
[0.171s] Level 1:colcon.colcon_core.package_identification:_identify(src/ME597/my_package) by extensions ['ignore', 'ignore_ament_install']
[0.171s] Level 1:colcon.colcon_core.package_identification:_identify(src/ME597/my_package) by extension 'ignore'
[0.171s] Level 1:colcon.colcon_core.package_identification:_identify(src/ME597/my_package) by extension 'ignore_ament_install'
[0.171s] Level 1:colcon.colcon_core.package_identification:_identify(src/ME597/my_package) by extensions ['colcon_pkg']
[0.171s] Level 1:colcon.colcon_core.package_identification:_identify(src/ME597/my_package) by extension 'colcon_pkg'
[0.171s] Level 1:colcon.colcon_core.package_identification:_identify(src/ME597/my_package) by extensions ['colcon_meta']
[0.171s] Level 1:colcon.colcon_core.package_identification:_identify(src/ME597/my_package) by extension 'colcon_meta'
[0.171s] Level 1:colcon.colcon_core.package_identification:_identify(src/ME597/my_package) by extensions ['ros']
[0.171s] Level 1:colcon.colcon_core.package_identification:_identify(src/ME597/my_package) by extension 'ros'
[0.173s] DEBUG:colcon.colcon_core.package_identification:Package 'src/ME597/my_package' with type 'ros.ament_python' and name 'my_package'
[0.173s] Level 1:colcon.colcon_core.package_identification:_identify(src/ME597/py_pubsub) by extensions ['ignore', 'ignore_ament_install']
[0.173s] Level 1:colcon.colcon_core.package_identification:_identify(src/ME597/py_pubsub) by extension 'ignore'
[0.173s] Level 1:colcon.colcon_core.package_identification:_identify(src/ME597/py_pubsub) by extension 'ignore_ament_install'
[0.173s] Level 1:colcon.colcon_core.package_identification:_identify(src/ME597/py_pubsub) by extensions ['colcon_pkg']
[0.173s] Level 1:colcon.colcon_core.package_identification:_identify(src/ME597/py_pubsub) by extension 'colcon_pkg'
[0.173s] Level 1:colcon.colcon_core.package_identification:_identify(src/ME597/py_pubsub) by extensions ['colcon_meta']
[0.173s] Level 1:colcon.colcon_core.package_identification:_identify(src/ME597/py_pubsub) by extension 'colcon_meta'
[0.174s] Level 1:colcon.colcon_core.package_identification:_identify(src/ME597/py_pubsub) by extensions ['ros']
[0.174s] Level 1:colcon.colcon_core.package_identification:_identify(src/ME597/py_pubsub) by extension 'ros'
[0.174s] DEBUG:colcon.colcon_core.package_identification:Package 'src/ME597/py_pubsub' with type 'ros.ament_python' and name 'py_pubsub'
[0.174s] Level 1:colcon.colcon_core.package_identification:_identify(src/ME597/task_1) by extensions ['ignore', 'ignore_ament_install']
[0.174s] Level 1:colcon.colcon_core.package_identification:_identify(src/ME597/task_1) by extension 'ignore'
[0.174s] Level 1:colcon.colcon_core.package_identification:_identify(src/ME597/task_1) by extension 'ignore_ament_install'
[0.174s] Level 1:colcon.colcon_core.package_identification:_identify(src/ME597/task_1) by extensions ['colcon_pkg']
[0.174s] Level 1:colcon.colcon_core.package_identification:_identify(src/ME597/task_1) by extension 'colcon_pkg'
[0.174s] Level 1:colcon.colcon_core.package_identification:_identify(src/ME597/task_1) by extensions ['colcon_meta']
[0.174s] Level 1:colcon.colcon_core.package_identification:_identify(src/ME597/task_1) by extension 'colcon_meta'
[0.175s] Level 1:colcon.colcon_core.package_identification:_identify(src/ME597/task_1) by extensions ['ros']
[0.175s] Level 1:colcon.colcon_core.package_identification:_identify(src/ME597/task_1) by extension 'ros'
[0.176s] DEBUG:colcon.colcon_core.package_identification:Package 'src/ME597/task_1' with type 'ros.ament_python' and name 'task_1'
[0.176s] Level 1:colcon.colcon_core.package_identification:_identify(src/ME597/task_2) by extensions ['ignore', 'ignore_ament_install']
[0.176s] Level 1:colcon.colcon_core.package_identification:_identify(src/ME597/task_2) by extension 'ignore'
[0.176s] Level 1:colcon.colcon_core.package_identification:_identify(src/ME597/task_2) by extension 'ignore_ament_install'
[0.176s] Level 1:colcon.colcon_core.package_identification:_identify(src/ME597/task_2) by extensions ['colcon_pkg']
[0.176s] Level 1:colcon.colcon_core.package_identification:_identify(src/ME597/task_2) by extension 'colcon_pkg'
[0.176s] Level 1:colcon.colcon_core.package_identification:_identify(src/ME597/task_2) by extensions ['colcon_meta']
[0.176s] Level 1:colcon.colcon_core.package_identification:_identify(src/ME597/task_2) by extension 'colcon_meta'
[0.176s] Level 1:colcon.colcon_core.package_identification:_identify(src/ME597/task_2) by extensions ['ros']
[0.176s] Level 1:colcon.colcon_core.package_identification:_identify(src/ME597/task_2) by extension 'ros'
[0.177s] DEBUG:colcon.colcon_core.package_identification:Package 'src/ME597/task_2' with type 'ros.ament_python' and name 'task_2'
[0.177s] Level 1:colcon.colcon_core.package_identification:_identify(src/ME597/task_2_interfaces) by extensions ['ignore', 'ignore_ament_install']
[0.177s] Level 1:colcon.colcon_core.package_identification:_identify(src/ME597/task_2_interfaces) by extension 'ignore'
[0.177s] Level 1:colcon.colcon_core.package_identification:_identify(src/ME597/task_2_interfaces) by extension 'ignore_ament_install'
[0.177s] Level 1:colcon.colcon_core.package_identification:_identify(src/ME597/task_2_interfaces) by extensions ['colcon_pkg']
[0.177s] Level 1:colcon.colcon_core.package_identification:_identify(src/ME597/task_2_interfaces) by extension 'colcon_pkg'
[0.178s] Level 1:colcon.colcon_core.package_identification:_identify(src/ME597/task_2_interfaces) by extensions ['colcon_meta']
[0.178s] Level 1:colcon.colcon_core.package_identification:_identify(src/ME597/task_2_interfaces) by extension 'colcon_meta'
[0.178s] Level 1:colcon.colcon_core.package_identification:_identify(src/ME597/task_2_interfaces) by extensions ['ros']
[0.178s] Level 1:colcon.colcon_core.package_identification:_identify(src/ME597/task_2_interfaces) by extension 'ros'
[0.178s] DEBUG:colcon.colcon_core.package_identification:Package 'src/ME597/task_2_interfaces' with type 'ros.ament_cmake' and name 'task_2_interfaces'
[0.179s] Level 1:colcon.colcon_core.package_identification:_identify(src/sim_utils) by extensions ['ignore', 'ignore_ament_install']
[0.180s] Level 1:colcon.colcon_core.package_identification:_identify(src/sim_utils) by extension 'ignore'
[0.180s] Level 1:colcon.colcon_core.package_identification:_identify(src/sim_utils) by extension 'ignore_ament_install'
[0.180s] Level 1:colcon.colcon_core.package_identification:_identify(src/sim_utils) by extensions ['colcon_pkg']
[0.180s] Level 1:colcon.colcon_core.package_identification:_identify(src/sim_utils) by extension 'colcon_pkg'
[0.180s] Level 1:colcon.colcon_core.package_identification:_identify(src/sim_utils) by extensions ['colcon_meta']
[0.180s] Level 1:colcon.colcon_core.package_identification:_identify(src/sim_utils) by extension 'colcon_meta'
[0.180s] Level 1:colcon.colcon_core.package_identification:_identify(src/sim_utils) by extensions ['ros']
[0.180s] Level 1:colcon.colcon_core.package_identification:_identify(src/sim_utils) by extension 'ros'
[0.181s] DEBUG:colcon.colcon_core.package_identification:Package 'src/sim_utils' with type 'ros.ament_python' and name 'sim_utils'
[0.181s] Level 1:colcon.colcon_core.package_identification:_identify(src/turtlebot3_gazebo) by extensions ['ignore', 'ignore_ament_install']
[0.181s] Level 1:colcon.colcon_core.package_identification:_identify(src/turtlebot3_gazebo) by extension 'ignore'
[0.182s] Level 1:colcon.colcon_core.package_identification:_identify(src/turtlebot3_gazebo) by extension 'ignore_ament_install'
[0.182s] Level 1:colcon.colcon_core.package_identification:_identify(src/turtlebot3_gazebo) by extensions ['colcon_pkg']
[0.182s] Level 1:colcon.colcon_core.package_identification:_identify(src/turtlebot3_gazebo) by extension 'colcon_pkg'
[0.182s] Level 1:colcon.colcon_core.package_identification:_identify(src/turtlebot3_gazebo) by extensions ['colcon_meta']
[0.182s] Level 1:colcon.colcon_core.package_identification:_identify(src/turtlebot3_gazebo) by extension 'colcon_meta'
[0.182s] Level 1:colcon.colcon_core.package_identification:_identify(src/turtlebot3_gazebo) by extensions ['ros']
[0.182s] Level 1:colcon.colcon_core.package_identification:_identify(src/turtlebot3_gazebo) by extension 'ros'
[0.183s] DEBUG:colcon.colcon_core.package_identification:Package 'src/turtlebot3_gazebo' with type 'ros.ament_cmake' and name 'turtlebot3_gazebo'
[0.183s] Level 1:colcon.colcon_core.package_discovery:discover_packages(recursive) using defaults
[0.183s] Level 1:colcon.colcon_core.package_discovery:discover_packages(ignore) discover
[0.183s] Level 1:colcon.colcon_core.package_discovery:discover_packages(ignore) using defaults
[0.183s] Level 1:colcon.colcon_core.package_discovery:discover_packages(path) discover
[0.183s] Level 1:colcon.colcon_core.package_discovery:discover_packages(path) using defaults
[0.204s] INFO:colcon.colcon_core.package_selection:Skipping not selected package 'my_package' in 'src/ME597/my_package'
[0.204s] INFO:colcon.colcon_core.package_selection:Skipping not selected package 'py_pubsub' in 'src/ME597/py_pubsub'
[0.204s] INFO:colcon.colcon_core.package_selection:Skipping not selected package 'sim_utils' in 'src/sim_utils'
[0.204s] INFO:colcon.colcon_core.package_selection:Skipping not selected package 'task_1' in 'src/ME597/task_1'
[0.204s] INFO:colcon.colcon_core.package_selection:Skipping not selected package 'turtlebot3_gazebo' in 'src/turtlebot3_gazebo'
[0.204s] INFO:colcon.colcon_core.package_selection:Skipping not selected package 'task_2' in 'src/ME597/task_2'
[0.204s] Level 1:colcon.colcon_core.package_discovery:discover_packages(prefix_path) check parameters
[0.204s] Level 1:colcon.colcon_core.package_discovery:discover_packages(prefix_path) discover
[0.212s] DEBUG:colcon.colcon_installed_package_information.package_discovery:Found 7 installed packages in /home/me597/ros2/sim_ws/install
[0.213s] DEBUG:colcon.colcon_installed_package_information.package_discovery:Found 321 installed packages in /opt/ros/humble
[0.213s] Level 1:colcon.colcon_core.package_discovery:discover_packages(prefix_path) using defaults
[0.235s] WARNING:colcon.colcon_core.package_selection:Some selected packages are already built in one or more underlay workspaces:
	'task_2_interfaces' is in: /home/me597/ros2/sim_ws/install/task_2_interfaces
If a package in a merged underlay workspace is overridden and it installs headers, then all packages in the overlay must sort their include directories by workspace order. Failure to do so may result in build failures or undefined behavior at run time.
If the overridden package is used by another package in any underlay, then the overriding package in the overlay must be API and ABI compatible or undefined behavior at run time may occur.

If you understand the risks and want to override a package anyways, add the following to the command line:
	--allow-overriding task_2_interfaces

This may be promoted to an error in a future release of colcon-override-check.
[0.235s] Level 5:colcon.colcon_core.verb:set package 'task_2_interfaces' build argument 'cmake_args' from command line to 'None'
[0.235s] Level 5:colcon.colcon_core.verb:set package 'task_2_interfaces' build argument 'cmake_target' from command line to 'None'
[0.235s] Level 5:colcon.colcon_core.verb:set package 'task_2_interfaces' build argument 'cmake_target_skip_unavailable' from command line to 'False'
[0.236s] Level 5:colcon.colcon_core.verb:set package 'task_2_interfaces' build argument 'cmake_clean_cache' from command line to 'False'
[0.236s] Level 5:colcon.colcon_core.verb:set package 'task_2_interfaces' build argument 'cmake_clean_first' from command line to 'False'
[0.236s] Level 5:colcon.colcon_core.verb:set package 'task_2_interfaces' build argument 'cmake_force_configure' from command line to 'False'
[0.236s] Level 5:colcon.colcon_core.verb:set package 'task_2_interfaces' build argument 'ament_cmake_args' from command line to 'None'
[0.236s] Level 5:colcon.colcon_core.verb:set package 'task_2_interfaces' build argument 'catkin_cmake_args' from command line to 'None'
[0.236s] Level 5:colcon.colcon_core.verb:set package 'task_2_interfaces' build argument 'catkin_skip_building_tests' from command line to 'False'
[0.236s] DEBUG:colcon.colcon_core.verb:Building package 'task_2_interfaces' with the following arguments: {'ament_cmake_args': None, 'build_base': '/home/me597/ros2/sim_ws/build/task_2_interfaces', 'catkin_cmake_args': None, 'catkin_skip_building_tests': False, 'cmake_args': None, 'cmake_clean_cache': False, 'cmake_clean_first': False, 'cmake_force_configure': False, 'cmake_target': None, 'cmake_target_skip_unavailable': False, 'install_base': '/home/me597/ros2/sim_ws/install/task_2_interfaces', 'merge_install': False, 'path': '/home/me597/ros2/sim_ws/src/ME597/task_2_interfaces', 'symlink_install': True, 'test_result_base': None}
[0.236s] INFO:colcon.colcon_core.executor:Executing jobs using 'parallel' executor
[0.238s] DEBUG:colcon.colcon_parallel_executor.executor.parallel:run_until_complete
[0.238s] INFO:colcon.colcon_ros.task.ament_cmake.build:Building ROS package in '/home/me597/ros2/sim_ws/src/ME597/task_2_interfaces' with build type 'ament_cmake'
[0.238s] INFO:colcon.colcon_cmake.task.cmake.build:Building CMake package in '/home/me597/ros2/sim_ws/src/ME597/task_2_interfaces'
[0.239s] INFO:colcon.colcon_core.plugin_system:Skipping extension 'colcon_core.shell.bat': Not used on non-Windows systems
[0.239s] INFO:colcon.colcon_core.shell:Skip shell extension 'powershell' for command environment: Not usable outside of PowerShell
[0.240s] DEBUG:colcon.colcon_core.shell:Skip shell extension 'dsv' for command environment
[0.249s] DEBUG:colcon.colcon_core.event_handler.log_command:Invoking command in '/home/me597/ros2/sim_ws/build/task_2_interfaces': CMAKE_PREFIX_PATH=${CMAKE_PREFIX_PATH}:/home/me597/ros2/sim_ws/install/task_2:/home/me597/ros2/sim_ws/install/task_1:/home/me597/ros2/sim_ws/install/sim_utils:/home/me597/ros2/sim_ws/install/py_pubsub:/home/me597/ros2/sim_ws/install/my_package:/opt/ros/humble /usr/bin/cmake --build /home/me597/ros2/sim_ws/build/task_2_interfaces -- -j2 -l2
[0.644s] DEBUG:colcon.colcon_core.event_handler.log_command:Invoked command in '/home/me597/ros2/sim_ws/build/task_2_interfaces' returned '0': CMAKE_PREFIX_PATH=${CMAKE_PREFIX_PATH}:/home/me597/ros2/sim_ws/install/task_2:/home/me597/ros2/sim_ws/install/task_1:/home/me597/ros2/sim_ws/install/sim_utils:/home/me597/ros2/sim_ws/install/py_pubsub:/home/me597/ros2/sim_ws/install/my_package:/opt/ros/humble /usr/bin/cmake --build /home/me597/ros2/sim_ws/build/task_2_interfaces -- -j2 -l2
[0.777s] DEBUG:colcon.colcon_core.event_handler.log_command:Invoking command in '/home/me597/ros2/sim_ws/build/task_2_interfaces': CMAKE_PREFIX_PATH=${CMAKE_PREFIX_PATH}:/home/me597/ros2/sim_ws/install/task_2:/home/me597/ros2/sim_ws/install/task_1:/home/me597/ros2/sim_ws/install/sim_utils:/home/me597/ros2/sim_ws/install/py_pubsub:/home/me597/ros2/sim_ws/install/my_package:/opt/ros/humble /usr/bin/cmake --install /home/me597/ros2/sim_ws/build/task_2_interfaces
[0.864s] Level 1:colcon.colcon_core.environment:create_environment_scripts_only(task_2_interfaces)
[0.865s] Level 1:colcon.colcon_core.environment:checking '/home/me597/ros2/sim_ws/install/task_2_interfaces' for CMake module files
[0.865s] Level 1:colcon.colcon_core.environment:checking '/home/me597/ros2/sim_ws/install/task_2_interfaces' for CMake config files
[0.866s] Level 1:colcon.colcon_core.shell:create_environment_hook('task_2_interfaces', 'cmake_prefix_path')
[0.866s] INFO:colcon.colcon_core.shell:Creating environment hook '/home/me597/ros2/sim_ws/install/task_2_interfaces/share/task_2_interfaces/hook/cmake_prefix_path.ps1'
[0.867s] DEBUG:colcon.colcon_core.event_handler.log_command:Invoked command in '/home/me597/ros2/sim_ws/build/task_2_interfaces' returned '0': CMAKE_PREFIX_PATH=${CMAKE_PREFIX_PATH}:/home/me597/ros2/sim_ws/install/task_2:/home/me597/ros2/sim_ws/install/task_1:/home/me597/ros2/sim_ws/install/sim_utils:/home/me597/ros2/sim_ws/install/py_pubsub:/home/me597/ros2/sim_ws/install/my_package:/opt/ros/humble /usr/bin/cmake --install /home/me597/ros2/sim_ws/build/task_2_interfaces
[0.868s] INFO:colcon.colcon_core.shell:Creating environment descriptor '/home/me597/ros2/sim_ws/install/task_2_interfaces/share/task_2_interfaces/hook/cmake_prefix_path.dsv'
[0.868s] INFO:colcon.colcon_core.shell:Creating environment hook '/home/me597/ros2/sim_ws/install/task_2_interfaces/share/task_2_interfaces/hook/cmake_prefix_path.sh'
[0.869s] Level 1:colcon.colcon_core.environment:checking '/home/me597/ros2/sim_ws/install/task_2_interfaces/lib'
[0.869s] Level 1:colcon.colcon_core.shell:create_environment_hook('task_2_interfaces', 'ld_library_path_lib')
[0.869s] INFO:colcon.colcon_core.shell:Creating environment hook '/home/me597/ros2/sim_ws/install/task_2_interfaces/share/task_2_interfaces/hook/ld_library_path_lib.ps1'
[0.869s] INFO:colcon.colcon_core.shell:Creating environment descriptor '/home/me597/ros2/sim_ws/install/task_2_interfaces/share/task_2_interfaces/hook/ld_library_path_lib.dsv'
[0.870s] INFO:colcon.colcon_core.shell:Creating environment hook '/home/me597/ros2/sim_ws/install/task_2_interfaces/share/task_2_interfaces/hook/ld_library_path_lib.sh'
[0.870s] Level 1:colcon.colcon_core.environment:checking '/home/me597/ros2/sim_ws/install/task_2_interfaces/bin'
[0.870s] Level 1:colcon.colcon_core.environment:checking '/home/me597/ros2/sim_ws/install/task_2_interfaces/lib/pkgconfig/task_2_interfaces.pc'
[0.871s] Level 1:colcon.colcon_core.environment:checking '/home/me597/ros2/sim_ws/install/task_2_interfaces/lib/python3.10/site-packages'
[0.871s] Level 1:colcon.colcon_core.environment:checking '/home/me597/ros2/sim_ws/install/task_2_interfaces/bin'
[0.871s] INFO:colcon.colcon_core.shell:Creating package script '/home/me597/ros2/sim_ws/install/task_2_interfaces/share/task_2_interfaces/package.ps1'
[0.872s] INFO:colcon.colcon_core.shell:Creating package descriptor '/home/me597/ros2/sim_ws/install/task_2_interfaces/share/task_2_interfaces/package.dsv'
[0.878s] INFO:colcon.colcon_core.shell:Creating package script '/home/me597/ros2/sim_ws/install/task_2_interfaces/share/task_2_interfaces/package.sh'
[0.879s] INFO:colcon.colcon_core.shell:Creating package script '/home/me597/ros2/sim_ws/install/task_2_interfaces/share/task_2_interfaces/package.bash'
[0.879s] INFO:colcon.colcon_core.shell:Creating package script '/home/me597/ros2/sim_ws/install/task_2_interfaces/share/task_2_interfaces/package.zsh'
[0.880s] Level 1:colcon.colcon_core.environment:create_file_with_runtime_dependencies(/home/me597/ros2/sim_ws/install/task_2_interfaces/share/colcon-core/packages/task_2_interfaces)
[0.959s] Level 1:colcon.colcon_core.environment:create_environment_scripts_only(task_2_interfaces)
[0.960s] Level 1:colcon.colcon_core.environment:checking '/home/me597/ros2/sim_ws/install/task_2_interfaces' for CMake module files
[0.960s] Level 1:colcon.colcon_core.environment:checking '/home/me597/ros2/sim_ws/install/task_2_interfaces' for CMake config files
[0.961s] Level 1:colcon.colcon_core.shell:create_environment_hook('task_2_interfaces', 'cmake_prefix_path')
[0.961s] INFO:colcon.colcon_core.shell:Creating environment hook '/home/me597/ros2/sim_ws/install/task_2_interfaces/share/task_2_interfaces/hook/cmake_prefix_path.ps1'
[0.962s] INFO:colcon.colcon_core.shell:Creating environment descriptor '/home/me597/ros2/sim_ws/install/task_2_interfaces/share/task_2_interfaces/hook/cmake_prefix_path.dsv'
[0.962s] INFO:colcon.colcon_core.shell:Creating environment hook '/home/me597/ros2/sim_ws/install/task_2_interfaces/share/task_2_interfaces/hook/cmake_prefix_path.sh'
[0.962s] Level 1:colcon.colcon_core.environment:checking '/home/me597/ros2/sim_ws/install/task_2_interfaces/lib'
[0.963s] Level 1:colcon.colcon_core.shell:create_environment_hook('task_2_interfaces', 'ld_library_path_lib')
[0.963s] INFO:colcon.colcon_core.shell:Creating environment hook '/home/me597/ros2/sim_ws/install/task_2_interfaces/share/task_2_interfaces/hook/ld_library_path_lib.ps1'
[0.963s] INFO:colcon.colcon_core.shell:Creating environment descriptor '/home/me597/ros2/sim_ws/install/task_2_interfaces/share/task_2_interfaces/hook/ld_library_path_lib.dsv'
[0.964s] INFO:colcon.colcon_core.shell:Creating environment hook '/home/me597/ros2/sim_ws/install/task_2_interfaces/share/task_2_interfaces/hook/ld_library_path_lib.sh'
[0.964s] Level 1:colcon.colcon_core.environment:checking '/home/me597/ros2/sim_ws/install/task_2_interfaces/bin'
[0.964s] Level 1:colcon.colcon_core.environment:checking '/home/me597/ros2/sim_ws/install/task_2_interfaces/lib/pkgconfig/task_2_interfaces.pc'
[0.964s] Level 1:colcon.colcon_core.environment:checking '/home/me597/ros2/sim_ws/install/task_2_interfaces/lib/python3.10/site-packages'
[0.964s] Level 1:colcon.colcon_core.environment:checking '/home/me597/ros2/sim_ws/install/task_2_interfaces/bin'
[0.965s] INFO:colcon.colcon_core.shell:Creating package script '/home/me597/ros2/sim_ws/install/task_2_interfaces/share/task_2_interfaces/package.ps1'
[0.965s] INFO:colcon.colcon_core.shell:Creating package descriptor '/home/me597/ros2/sim_ws/install/task_2_interfaces/share/task_2_interfaces/package.dsv'
[0.966s] INFO:colcon.colcon_core.shell:Creating package script '/home/me597/ros2/sim_ws/install/task_2_interfaces/share/task_2_interfaces/package.sh'
[0.966s] INFO:colcon.colcon_core.shell:Creating package script '/home/me597/ros2/sim_ws/install/task_2_interfaces/share/task_2_interfaces/package.bash'
[0.967s] INFO:colcon.colcon_core.shell:Creating package script '/home/me597/ros2/sim_ws/install/task_2_interfaces/share/task_2_interfaces/package.zsh'
[0.967s] Level 1:colcon.colcon_core.environment:create_file_with_runtime_dependencies(/home/me597/ros2/sim_ws/install/task_2_interfaces/share/colcon-core/packages/task_2_interfaces)
[0.967s] DEBUG:colcon.colcon_parallel_executor.executor.parallel:closing loop
[0.968s] DEBUG:colcon.colcon_parallel_executor.executor.parallel:loop closed
[0.968s] DEBUG:colcon.colcon_parallel_executor.executor.parallel:run_until_complete finished with '0'
[0.968s] DEBUG:colcon.colcon_core.event_reactor:joining thread
[0.974s] INFO:colcon.colcon_core.plugin_system:Skipping extension 'colcon_notification.desktop_notification.terminal_notifier': Not used on non-Darwin systems
[0.975s] INFO:colcon.colcon_core.plugin_system:Skipping extension 'colcon_notification.desktop_notification.win32': Not used on non-Windows systems
[0.975s] INFO:colcon.colcon_notification.desktop_notification:Sending desktop notification using 'notify2'
[0.992s] DEBUG:colcon.colcon_core.event_reactor:joined thread
[0.992s] INFO:colcon.colcon_core.shell:Creating prefix script '/home/me597/ros2/sim_ws/install/local_setup.ps1'
[0.993s] INFO:colcon.colcon_core.shell:Creating prefix util module '/home/me597/ros2/sim_ws/install/_local_setup_util_ps1.py'
[0.994s] INFO:colcon.colcon_core.shell:Creating prefix chain script '/home/me597/ros2/sim_ws/install/setup.ps1'
[0.995s] INFO:colcon.colcon_core.shell:Creating prefix script '/home/me597/ros2/sim_ws/install/local_setup.sh'
[1.000s] INFO:colcon.colcon_core.shell:Creating prefix util module '/home/me597/ros2/sim_ws/install/_local_setup_util_sh.py'
[1.001s] INFO:colcon.colcon_core.shell:Creating prefix chain script '/home/me597/ros2/sim_ws/install/setup.sh'
[1.002s] INFO:colcon.colcon_core.shell:Creating prefix script '/home/me597/ros2/sim_ws/install/local_setup.bash'
[1.002s] INFO:colcon.colcon_core.shell:Creating prefix chain script '/home/me597/ros2/sim_ws/install/setup.bash'
[1.003s] INFO:colcon.colcon_core.shell:Creating prefix script '/home/me597/ros2/sim_ws/install/local_setup.zsh'
[1.004s] INFO:colcon.colcon_core.shell:Creating prefix chain script '/home/me597/ros2/sim_ws/install/setup.zsh'
