[0.669s] Invoking command in '/home/me597/ros2/sim_ws/build/sim_utils': PYTHONPATH=/home/me597/ros2/sim_ws/build/sim_utils/prefix_override:/usr/lib/python3/dist-packages/colcon_core/task/python/colcon_distutils_commands:/home/me597/ros2/sim_ws/install/sim_utils/lib/python3.10/site-packages:${PYTHONPATH} /usr/bin/python3 -W ignore:setup.py install is deprecated setup.py develop --editable --build-directory /home/me597/ros2/sim_ws/build/sim_utils/build --no-deps symlink_data --force
[1.062s] running develop
[1.062s] /usr/lib/python3/dist-packages/setuptools/command/easy_install.py:158: EasyInstallDeprecationWarning: easy_install command is deprecated. Use build and pip and other standards-based tools.
[1.062s]   warnings.warn(
[1.313s] running egg_info
[1.313s] writing sim_utils.egg-info/PKG-INFO
[1.314s] writing dependency_links to sim_utils.egg-info/dependency_links.txt
[1.314s] writing entry points to sim_utils.egg-info/entry_points.txt
[1.315s] writing requirements to sim_utils.egg-info/requires.txt
[1.315s] writing top-level names to sim_utils.egg-info/top_level.txt
[1.319s] reading manifest file 'sim_utils.egg-info/SOURCES.txt'
[1.319s] writing manifest file 'sim_utils.egg-info/SOURCES.txt'
[1.324s] running build_ext
[1.324s] Creating /home/me597/ros2/sim_ws/install/sim_utils/lib/python3.10/site-packages/sim-utils.egg-link (link to .)
[1.326s] Installing red_ball_controller script to /home/me597/ros2/sim_ws/install/sim_utils/lib/sim_utils
[1.326s] 
[1.326s] Installed /home/me597/ros2/sim_ws/build/sim_utils
[1.326s] running symlink_data
[1.326s] symbolically linking /home/me597/ros2/sim_ws/build/sim_utils/resource/sim_utils -> /home/me597/ros2/sim_ws/install/sim_utils/share/ament_index/resource_index/packages
[1.326s] symbolically linking /home/me597/ros2/sim_ws/build/sim_utils/package.xml -> /home/me597/ros2/sim_ws/install/sim_utils/share/sim_utils
[1.380s] Invoked command in '/home/me597/ros2/sim_ws/build/sim_utils' returned '0': PYTHONPATH=/home/me597/ros2/sim_ws/build/sim_utils/prefix_override:/usr/lib/python3/dist-packages/colcon_core/task/python/colcon_distutils_commands:/home/me597/ros2/sim_ws/install/sim_utils/lib/python3.10/site-packages:${PYTHONPATH} /usr/bin/python3 -W ignore:setup.py install is deprecated setup.py develop --editable --build-directory /home/me597/ros2/sim_ws/build/sim_utils/build --no-deps symlink_data --force
