[0.380s] Invoking command in '/home/me597/ros2/sim_ws/build/task_1': PYTHONPATH=/home/me597/ros2/sim_ws/build/task_1/prefix_override:/usr/lib/python3/dist-packages/colcon_core/task/python/colcon_distutils_commands:/home/me597/ros2/sim_ws/install/task_1/lib/python3.10/site-packages:${PYTHONPATH} /usr/bin/python3 -W ignore:setup.py install is deprecated setup.py develop --editable --build-directory /home/me597/ros2/sim_ws/build/task_1/build --no-deps symlink_data
[0.579s] running develop
[0.585s] /usr/lib/python3/dist-packages/setuptools/command/easy_install.py:158: EasyInstallDeprecationWarning: easy_install command is deprecated. Use build and pip and other standards-based tools.
[0.585s]   warnings.warn(
[0.685s] running egg_info
[0.685s] creating task_1.egg-info
[0.686s] writing task_1.egg-info/PKG-INFO
[0.686s] writing dependency_links to task_1.egg-info/dependency_links.txt
[0.686s] writing entry points to task_1.egg-info/entry_points.txt
[0.686s] writing requirements to task_1.egg-info/requires.txt
[0.687s] writing top-level names to task_1.egg-info/top_level.txt
[0.687s] writing manifest file 'task_1.egg-info/SOURCES.txt'
[0.688s] reading manifest file 'task_1.egg-info/SOURCES.txt'
[0.689s] writing manifest file 'task_1.egg-info/SOURCES.txt'
[0.690s] running build_ext
[0.690s] Creating /home/me597/ros2/sim_ws/install/task_1/lib/python3.10/site-packages/task-1.egg-link (link to .)
[0.691s] Installing listener script to /home/me597/ros2/sim_ws/install/task_1/lib/task_1
[0.691s] Installing talker script to /home/me597/ros2/sim_ws/install/task_1/lib/task_1
[0.691s] 
[0.691s] Installed /home/me597/ros2/sim_ws/build/task_1
[0.691s] running symlink_data
[0.692s] creating /home/me597/ros2/sim_ws/install/task_1/share/ament_index
[0.692s] creating /home/me597/ros2/sim_ws/install/task_1/share/ament_index/resource_index
[0.692s] creating /home/me597/ros2/sim_ws/install/task_1/share/ament_index/resource_index/packages
[0.692s] symbolically linking /home/me597/ros2/sim_ws/build/task_1/resource/task_1 -> /home/me597/ros2/sim_ws/install/task_1/share/ament_index/resource_index/packages
[0.694s] symbolically linking /home/me597/ros2/sim_ws/build/task_1/package.xml -> /home/me597/ros2/sim_ws/install/task_1/share/task_1
[0.694s] creating /home/me597/ros2/sim_ws/install/task_1/share/task_1/launch
[0.694s] symbolically linking /home/me597/ros2/sim_ws/build/task_1/launch/pub_sub_launch.py -> /home/me597/ros2/sim_ws/install/task_1/share/task_1/launch
[0.712s] Invoked command in '/home/me597/ros2/sim_ws/build/task_1' returned '0': PYTHONPATH=/home/me597/ros2/sim_ws/build/task_1/prefix_override:/usr/lib/python3/dist-packages/colcon_core/task/python/colcon_distutils_commands:/home/me597/ros2/sim_ws/install/task_1/lib/python3.10/site-packages:${PYTHONPATH} /usr/bin/python3 -W ignore:setup.py install is deprecated setup.py develop --editable --build-directory /home/me597/ros2/sim_ws/build/task_1/build --no-deps symlink_data
