[0.629s] Invoking command in '/home/me597/ros2/sim_ws/build/my_package': PYTHONPATH=/home/me597/ros2/sim_ws/build/my_package/prefix_override:/usr/lib/python3/dist-packages/colcon_core/task/python/colcon_distutils_commands:/home/me597/ros2/sim_ws/install/my_package/lib/python3.10/site-packages:${PYTHONPATH} /usr/bin/python3 -W ignore:setup.py install is deprecated setup.py develop --editable --build-directory /home/me597/ros2/sim_ws/build/my_package/build --no-deps symlink_data --force
[0.829s] running develop
[0.829s] /usr/lib/python3/dist-packages/setuptools/command/easy_install.py:158: EasyInstallDeprecationWarning: easy_install command is deprecated. Use build and pip and other standards-based tools.
[0.829s]   warnings.warn(
[0.926s] running egg_info
[0.926s] writing my_package.egg-info/PKG-INFO
[0.926s] writing dependency_links to my_package.egg-info/dependency_links.txt
[0.927s] writing entry points to my_package.egg-info/entry_points.txt
[0.927s] writing requirements to my_package.egg-info/requires.txt
[0.927s] writing top-level names to my_package.egg-info/top_level.txt
[0.929s] reading manifest file 'my_package.egg-info/SOURCES.txt'
[0.929s] writing manifest file 'my_package.egg-info/SOURCES.txt'
[0.930s] running build_ext
[0.930s] Creating /home/me597/ros2/sim_ws/install/my_package/lib/python3.10/site-packages/my-package.egg-link (link to .)
[0.931s] Installing my_node script to /home/me597/ros2/sim_ws/install/my_package/lib/my_package
[0.931s] 
[0.931s] Installed /home/me597/ros2/sim_ws/build/my_package
[0.931s] running symlink_data
[0.932s] symbolically linking /home/me597/ros2/sim_ws/build/my_package/resource/my_package -> /home/me597/ros2/sim_ws/install/my_package/share/ament_index/resource_index/packages
[0.932s] symbolically linking /home/me597/ros2/sim_ws/build/my_package/package.xml -> /home/me597/ros2/sim_ws/install/my_package/share/my_package
[0.948s] Invoked command in '/home/me597/ros2/sim_ws/build/my_package' returned '0': PYTHONPATH=/home/me597/ros2/sim_ws/build/my_package/prefix_override:/usr/lib/python3/dist-packages/colcon_core/task/python/colcon_distutils_commands:/home/me597/ros2/sim_ws/install/my_package/lib/python3.10/site-packages:${PYTHONPATH} /usr/bin/python3 -W ignore:setup.py install is deprecated setup.py develop --editable --build-directory /home/me597/ros2/sim_ws/build/my_package/build --no-deps symlink_data --force
