[0.686s] Invoking command in '/home/me597/ros2/sim_ws/src/ME597/my_package': PYTHONPATH=/home/me597/ros2/sim_ws/src/ME597/build/my_package/prefix_override:/usr/lib/python3/dist-packages/colcon_core/task/python/colcon_distutils_commands:/home/me597/ros2/sim_ws/src/ME597/install/my_package/lib/python3.10/site-packages:${PYTHONPATH} /usr/bin/python3 -W ignore:setup.py install is deprecated setup.py egg_info --egg-base ../build/my_package build --build-base /home/me597/ros2/sim_ws/src/ME597/build/my_package/build install --record /home/me597/ros2/sim_ws/src/ME597/build/my_package/install.log --single-version-externally-managed install_data
[0.916s] running egg_info
[0.917s] writing ../build/my_package/my_package.egg-info/PKG-INFO
[0.917s] writing dependency_links to ../build/my_package/my_package.egg-info/dependency_links.txt
[0.918s] writing entry points to ../build/my_package/my_package.egg-info/entry_points.txt
[0.918s] writing requirements to ../build/my_package/my_package.egg-info/requires.txt
[0.918s] writing top-level names to ../build/my_package/my_package.egg-info/top_level.txt
[0.936s] reading manifest file '../build/my_package/my_package.egg-info/SOURCES.txt'
[0.936s] adding license file 'LICENSE'
[0.936s] writing manifest file '../build/my_package/my_package.egg-info/SOURCES.txt'
[0.936s] running build
[0.936s] running build_py
[0.936s] running install
[0.936s] running install_lib
[0.936s] running install_data
[0.936s] running install_egg_info
[0.936s] removing '/home/me597/ros2/sim_ws/src/ME597/install/my_package/lib/python3.10/site-packages/my_package-0.0.0-py3.10.egg-info' (and everything under it)
[0.936s] Copying ../build/my_package/my_package.egg-info to /home/me597/ros2/sim_ws/src/ME597/install/my_package/lib/python3.10/site-packages/my_package-0.0.0-py3.10.egg-info
[0.936s] running install_scripts
[0.967s] Installing my_node script to /home/me597/ros2/sim_ws/src/ME597/install/my_package/lib/my_package
[0.967s] writing list of installed files to '/home/me597/ros2/sim_ws/src/ME597/build/my_package/install.log'
[1.032s] Invoked command in '/home/me597/ros2/sim_ws/src/ME597/my_package' returned '0': PYTHONPATH=/home/me597/ros2/sim_ws/src/ME597/build/my_package/prefix_override:/usr/lib/python3/dist-packages/colcon_core/task/python/colcon_distutils_commands:/home/me597/ros2/sim_ws/src/ME597/install/my_package/lib/python3.10/site-packages:${PYTHONPATH} /usr/bin/python3 -W ignore:setup.py install is deprecated setup.py egg_info --egg-base ../build/my_package build --build-base /home/me597/ros2/sim_ws/src/ME597/build/my_package/build install --record /home/me597/ros2/sim_ws/src/ME597/build/my_package/install.log --single-version-externally-managed install_data
