[0.009s] Invoking command in '/home/me597/ros2/sim_ws/build/task_2_interfaces': CMAKE_PREFIX_PATH=/opt/ros/humble /usr/bin/cmake --build /home/me597/ros2/sim_ws/build/task_2_interfaces -- -j2 -l2
[0.056s] [  2%] Built target task_2_interfaces__cpp
[0.059s] [ 12%] Built target task_2_interfaces__rosidl_generator_c
[0.076s] [ 23%] Built target task_2_interfaces__rosidl_typesupport_cpp
[0.076s] [ 23%] Built target ament_cmake_python_symlink_task_2_interfaces
[0.092s] [ 33%] Built target task_2_interfaces__rosidl_typesupport_fastrtps_cpp
[0.111s] [ 43%] Built target task_2_interfaces__rosidl_typesupport_fastrtps_c
[0.135s] [ 53%] Built target task_2_interfaces__rosidl_typesupport_introspection_c
[0.153s] [ 64%] Built target task_2_interfaces__rosidl_typesupport_c
[0.168s] [ 74%] Built target task_2_interfaces__rosidl_typesupport_introspection_cpp
[0.196s] [ 74%] Built target task_2_interfaces
[0.244s] [ 76%] Built target task_2_interfaces__py
[0.304s] [ 84%] Built target task_2_interfaces__rosidl_generator_py
[0.348s] [ 89%] Built target task_2_interfaces__rosidl_typesupport_fastrtps_c__pyext
[0.362s] running egg_info
[0.364s] writing task_2_interfaces.egg-info/PKG-INFO
[0.365s] writing dependency_links to task_2_interfaces.egg-info/dependency_links.txt
[0.365s] writing top-level names to task_2_interfaces.egg-info/top_level.txt
[0.370s] reading manifest file 'task_2_interfaces.egg-info/SOURCES.txt'
[0.370s] writing manifest file 'task_2_interfaces.egg-info/SOURCES.txt'
[0.399s] [ 89%] Built target ament_cmake_python_build_task_2_interfaces_egg
[0.405s] [ 94%] Built target task_2_interfaces__rosidl_typesupport_introspection_c__pyext
[0.416s] [100%] Built target task_2_interfaces__rosidl_typesupport_c__pyext
[0.432s] Invoked command in '/home/me597/ros2/sim_ws/build/task_2_interfaces' returned '0': CMAKE_PREFIX_PATH=/opt/ros/humble /usr/bin/cmake --build /home/me597/ros2/sim_ws/build/task_2_interfaces -- -j2 -l2
[0.546s] Invoking command in '/home/me597/ros2/sim_ws/build/task_2_interfaces': CMAKE_PREFIX_PATH=/opt/ros/humble /usr/bin/cmake --install /home/me597/ros2/sim_ws/build/task_2_interfaces
[0.552s] -- Install configuration: ""
[0.552s] -- Execute custom install script
[0.552s] -- Up-to-date symlink: /home/me597/ros2/sim_ws/install/task_2_interfaces/share/ament_index/resource_index/rosidl_interfaces/task_2_interfaces
[0.553s] -- Up-to-date symlink: /home/me597/ros2/sim_ws/install/task_2_interfaces/include/task_2_interfaces/task_2_interfaces/msg/detail/joint_data__functions.h
[0.553s] -- Up-to-date symlink: /home/me597/ros2/sim_ws/install/task_2_interfaces/include/task_2_interfaces/task_2_interfaces/msg/detail/joint_data__struct.h
[0.553s] -- Up-to-date symlink: /home/me597/ros2/sim_ws/install/task_2_interfaces/include/task_2_interfaces/task_2_interfaces/msg/detail/joint_data__type_support.h
[0.553s] -- Up-to-date symlink: /home/me597/ros2/sim_ws/install/task_2_interfaces/include/task_2_interfaces/task_2_interfaces/msg/joint_data.h
[0.553s] -- Up-to-date symlink: /home/me597/ros2/sim_ws/install/task_2_interfaces/include/task_2_interfaces/task_2_interfaces/msg/rosidl_generator_c__visibility_control.h
[0.553s] -- Up-to-date symlink: /home/me597/ros2/sim_ws/install/task_2_interfaces/include/task_2_interfaces/task_2_interfaces/srv/detail/joint_state__functions.h
[0.553s] -- Up-to-date symlink: /home/me597/ros2/sim_ws/install/task_2_interfaces/include/task_2_interfaces/task_2_interfaces/srv/detail/joint_state__struct.h
[0.553s] -- Up-to-date symlink: /home/me597/ros2/sim_ws/install/task_2_interfaces/include/task_2_interfaces/task_2_interfaces/srv/detail/joint_state__type_support.h
[0.553s] -- Up-to-date symlink: /home/me597/ros2/sim_ws/install/task_2_interfaces/include/task_2_interfaces/task_2_interfaces/srv/joint_state.h
[0.555s] -- Up-to-date symlink: /home/me597/ros2/sim_ws/install/task_2_interfaces/share/task_2_interfaces/environment/library_path.sh
[0.555s] -- Up-to-date symlink: /home/me597/ros2/sim_ws/install/task_2_interfaces/share/task_2_interfaces/environment/library_path.dsv
[0.555s] -- Up-to-date symlink: /home/me597/ros2/sim_ws/install/task_2_interfaces/include/task_2_interfaces/task_2_interfaces/msg/detail/joint_data__rosidl_typesupport_fastrtps_c.h
[0.555s] -- Up-to-date symlink: /home/me597/ros2/sim_ws/install/task_2_interfaces/include/task_2_interfaces/task_2_interfaces/msg/rosidl_typesupport_fastrtps_c__visibility_control.h
[0.555s] -- Up-to-date symlink: /home/me597/ros2/sim_ws/install/task_2_interfaces/include/task_2_interfaces/task_2_interfaces/srv/detail/joint_state__rosidl_typesupport_fastrtps_c.h
[0.555s] -- Up-to-date symlink: /home/me597/ros2/sim_ws/install/task_2_interfaces/include/task_2_interfaces/task_2_interfaces/msg/detail/joint_data__builder.hpp
[0.555s] -- Up-to-date symlink: /home/me597/ros2/sim_ws/install/task_2_interfaces/include/task_2_interfaces/task_2_interfaces/msg/detail/joint_data__struct.hpp
[0.555s] -- Up-to-date symlink: /home/me597/ros2/sim_ws/install/task_2_interfaces/include/task_2_interfaces/task_2_interfaces/msg/detail/joint_data__traits.hpp
[0.555s] -- Up-to-date symlink: /home/me597/ros2/sim_ws/install/task_2_interfaces/include/task_2_interfaces/task_2_interfaces/msg/joint_data.hpp
[0.555s] -- Up-to-date symlink: /home/me597/ros2/sim_ws/install/task_2_interfaces/include/task_2_interfaces/task_2_interfaces/srv/detail/joint_state__builder.hpp
[0.555s] -- Up-to-date symlink: /home/me597/ros2/sim_ws/install/task_2_interfaces/include/task_2_interfaces/task_2_interfaces/srv/detail/joint_state__struct.hpp
[0.556s] -- Up-to-date symlink: /home/me597/ros2/sim_ws/install/task_2_interfaces/include/task_2_interfaces/task_2_interfaces/srv/detail/joint_state__traits.hpp
[0.556s] -- Up-to-date symlink: /home/me597/ros2/sim_ws/install/task_2_interfaces/include/task_2_interfaces/task_2_interfaces/srv/joint_state.hpp
[0.556s] -- Up-to-date symlink: /home/me597/ros2/sim_ws/install/task_2_interfaces/include/task_2_interfaces/task_2_interfaces/msg/detail/joint_data__rosidl_typesupport_fastrtps_cpp.hpp
[0.556s] -- Up-to-date symlink: /home/me597/ros2/sim_ws/install/task_2_interfaces/include/task_2_interfaces/task_2_interfaces/msg/rosidl_typesupport_fastrtps_cpp__visibility_control.h
[0.556s] -- Up-to-date symlink: /home/me597/ros2/sim_ws/install/task_2_interfaces/include/task_2_interfaces/task_2_interfaces/srv/detail/joint_state__rosidl_typesupport_fastrtps_cpp.hpp
[0.556s] -- Up-to-date symlink: /home/me597/ros2/sim_ws/install/task_2_interfaces/include/task_2_interfaces/task_2_interfaces/msg/detail/joint_data__rosidl_typesupport_introspection_c.h
[0.556s] -- Up-to-date symlink: /home/me597/ros2/sim_ws/install/task_2_interfaces/include/task_2_interfaces/task_2_interfaces/msg/rosidl_typesupport_introspection_c__visibility_control.h
[0.556s] -- Up-to-date symlink: /home/me597/ros2/sim_ws/install/task_2_interfaces/include/task_2_interfaces/task_2_interfaces/srv/detail/joint_state__rosidl_typesupport_introspection_c.h
[0.556s] -- Up-to-date symlink: /home/me597/ros2/sim_ws/install/task_2_interfaces/include/task_2_interfaces/task_2_interfaces/msg/detail/joint_data__rosidl_typesupport_introspection_cpp.hpp
[0.556s] -- Up-to-date symlink: /home/me597/ros2/sim_ws/install/task_2_interfaces/include/task_2_interfaces/task_2_interfaces/srv/detail/joint_state__rosidl_typesupport_introspection_cpp.hpp
[0.556s] -- Up-to-date symlink: /home/me597/ros2/sim_ws/install/task_2_interfaces/share/task_2_interfaces/environment/pythonpath.sh
[0.556s] -- Up-to-date symlink: /home/me597/ros2/sim_ws/install/task_2_interfaces/share/task_2_interfaces/environment/pythonpath.dsv
[0.556s] -- Up-to-date symlink: /home/me597/ros2/sim_ws/install/task_2_interfaces/local/lib/python3.10/dist-packages/task_2_interfaces-0.0.0-py3.10.egg-info/PKG-INFO
[0.556s] -- Up-to-date symlink: /home/me597/ros2/sim_ws/install/task_2_interfaces/local/lib/python3.10/dist-packages/task_2_interfaces-0.0.0-py3.10.egg-info/SOURCES.txt
[0.556s] -- Up-to-date symlink: /home/me597/ros2/sim_ws/install/task_2_interfaces/local/lib/python3.10/dist-packages/task_2_interfaces-0.0.0-py3.10.egg-info/dependency_links.txt
[0.556s] -- Up-to-date symlink: /home/me597/ros2/sim_ws/install/task_2_interfaces/local/lib/python3.10/dist-packages/task_2_interfaces-0.0.0-py3.10.egg-info/top_level.txt
[0.556s] -- Up-to-date symlink: /home/me597/ros2/sim_ws/install/task_2_interfaces/local/lib/python3.10/dist-packages/task_2_interfaces/__init__.py
[0.556s] -- Up-to-date symlink: /home/me597/ros2/sim_ws/install/task_2_interfaces/local/lib/python3.10/dist-packages/task_2_interfaces/_task_2_interfaces_s.ep.rosidl_typesupport_c.c
[0.556s] -- Up-to-date symlink: /home/me597/ros2/sim_ws/install/task_2_interfaces/local/lib/python3.10/dist-packages/task_2_interfaces/_task_2_interfaces_s.ep.rosidl_typesupport_fastrtps_c.c
[0.556s] -- Up-to-date symlink: /home/me597/ros2/sim_ws/install/task_2_interfaces/local/lib/python3.10/dist-packages/task_2_interfaces/_task_2_interfaces_s.ep.rosidl_typesupport_introspection_c.c
[0.556s] -- Up-to-date symlink: /home/me597/ros2/sim_ws/install/task_2_interfaces/local/lib/python3.10/dist-packages/task_2_interfaces/libtask_2_interfaces__rosidl_generator_py.so
[0.556s] -- Up-to-date symlink: /home/me597/ros2/sim_ws/install/task_2_interfaces/local/lib/python3.10/dist-packages/task_2_interfaces/msg/__init__.py
[0.556s] -- Up-to-date symlink: /home/me597/ros2/sim_ws/install/task_2_interfaces/local/lib/python3.10/dist-packages/task_2_interfaces/msg/_joint_data.py
[0.557s] -- Up-to-date symlink: /home/me597/ros2/sim_ws/install/task_2_interfaces/local/lib/python3.10/dist-packages/task_2_interfaces/msg/_joint_data_s.c
[0.557s] -- Up-to-date symlink: /home/me597/ros2/sim_ws/install/task_2_interfaces/local/lib/python3.10/dist-packages/task_2_interfaces/srv/__init__.py
[0.557s] -- Up-to-date symlink: /home/me597/ros2/sim_ws/install/task_2_interfaces/local/lib/python3.10/dist-packages/task_2_interfaces/srv/_joint_state.py
[0.557s] -- Up-to-date symlink: /home/me597/ros2/sim_ws/install/task_2_interfaces/local/lib/python3.10/dist-packages/task_2_interfaces/srv/_joint_state_s.c
[0.557s] -- Up-to-date symlink: /home/me597/ros2/sim_ws/install/task_2_interfaces/local/lib/python3.10/dist-packages/task_2_interfaces/task_2_interfaces_s__rosidl_typesupport_c.cpython-310-x86_64-linux-gnu.so
[0.557s] -- Up-to-date symlink: /home/me597/ros2/sim_ws/install/task_2_interfaces/local/lib/python3.10/dist-packages/task_2_interfaces/task_2_interfaces_s__rosidl_typesupport_fastrtps_c.cpython-310-x86_64-linux-gnu.so
[0.557s] -- Up-to-date symlink: /home/me597/ros2/sim_ws/install/task_2_interfaces/local/lib/python3.10/dist-packages/task_2_interfaces/task_2_interfaces_s__rosidl_typesupport_introspection_c.cpython-310-x86_64-linux-gnu.so
[0.557s] -- Up-to-date symlink: /home/me597/ros2/sim_ws/install/task_2_interfaces/local/lib/python3.10/dist-packages/task_2_interfaces/task_2_interfaces_s__rosidl_typesupport_fastrtps_c.cpython-310-x86_64-linux-gnu.so
[0.557s] -- Up-to-date symlink: /home/me597/ros2/sim_ws/install/task_2_interfaces/local/lib/python3.10/dist-packages/task_2_interfaces/task_2_interfaces_s__rosidl_typesupport_introspection_c.cpython-310-x86_64-linux-gnu.so
[0.557s] -- Up-to-date symlink: /home/me597/ros2/sim_ws/install/task_2_interfaces/local/lib/python3.10/dist-packages/task_2_interfaces/task_2_interfaces_s__rosidl_typesupport_c.cpython-310-x86_64-linux-gnu.so
[0.557s] -- Up-to-date symlink: /home/me597/ros2/sim_ws/install/task_2_interfaces/share/task_2_interfaces/msg/JointData.idl
[0.557s] -- Up-to-date symlink: /home/me597/ros2/sim_ws/install/task_2_interfaces/share/task_2_interfaces/srv/JointState.idl
[0.557s] -- Up-to-date symlink: /home/me597/ros2/sim_ws/install/task_2_interfaces/share/task_2_interfaces/msg/JointData.msg
[0.558s] -- Up-to-date symlink: /home/me597/ros2/sim_ws/install/task_2_interfaces/share/task_2_interfaces/srv/JointState.srv
[0.558s] -- Up-to-date symlink: /home/me597/ros2/sim_ws/install/task_2_interfaces/share/task_2_interfaces/srv/JointState_Request.msg
[0.558s] -- Up-to-date symlink: /home/me597/ros2/sim_ws/install/task_2_interfaces/share/task_2_interfaces/srv/JointState_Response.msg
[0.558s] -- Up-to-date symlink: /home/me597/ros2/sim_ws/install/task_2_interfaces/share/ament_index/resource_index/package_run_dependencies/task_2_interfaces
[0.558s] -- Up-to-date symlink: /home/me597/ros2/sim_ws/install/task_2_interfaces/share/ament_index/resource_index/parent_prefix_path/task_2_interfaces
[0.558s] -- Up-to-date symlink: /home/me597/ros2/sim_ws/install/task_2_interfaces/share/task_2_interfaces/environment/ament_prefix_path.sh
[0.558s] -- Up-to-date symlink: /home/me597/ros2/sim_ws/install/task_2_interfaces/share/task_2_interfaces/environment/ament_prefix_path.dsv
[0.558s] -- Up-to-date symlink: /home/me597/ros2/sim_ws/install/task_2_interfaces/share/task_2_interfaces/environment/path.sh
[0.559s] -- Up-to-date symlink: /home/me597/ros2/sim_ws/install/task_2_interfaces/share/task_2_interfaces/environment/path.dsv
[0.559s] -- Up-to-date symlink: /home/me597/ros2/sim_ws/install/task_2_interfaces/share/task_2_interfaces/local_setup.bash
[0.559s] -- Up-to-date symlink: /home/me597/ros2/sim_ws/install/task_2_interfaces/share/task_2_interfaces/local_setup.sh
[0.560s] -- Up-to-date symlink: /home/me597/ros2/sim_ws/install/task_2_interfaces/share/task_2_interfaces/local_setup.zsh
[0.560s] -- Up-to-date symlink: /home/me597/ros2/sim_ws/install/task_2_interfaces/share/task_2_interfaces/local_setup.dsv
[0.560s] -- Symlinking: /home/me597/ros2/sim_ws/install/task_2_interfaces/share/task_2_interfaces/package.dsv
[0.569s] -- Up-to-date symlink: /home/me597/ros2/sim_ws/install/task_2_interfaces/share/ament_index/resource_index/packages/task_2_interfaces
[0.572s] -- Up-to-date symlink: /home/me597/ros2/sim_ws/install/task_2_interfaces/share/task_2_interfaces/cmake/rosidl_cmake-extras.cmake
[0.572s] -- Up-to-date symlink: /home/me597/ros2/sim_ws/install/task_2_interfaces/share/task_2_interfaces/cmake/ament_cmake_export_dependencies-extras.cmake
[0.572s] -- Up-to-date symlink: /home/me597/ros2/sim_ws/install/task_2_interfaces/share/task_2_interfaces/cmake/ament_cmake_export_include_directories-extras.cmake
[0.572s] -- Up-to-date symlink: /home/me597/ros2/sim_ws/install/task_2_interfaces/share/task_2_interfaces/cmake/ament_cmake_export_libraries-extras.cmake
[0.572s] -- Up-to-date symlink: /home/me597/ros2/sim_ws/install/task_2_interfaces/share/task_2_interfaces/cmake/ament_cmake_export_targets-extras.cmake
[0.572s] -- Up-to-date symlink: /home/me597/ros2/sim_ws/install/task_2_interfaces/share/task_2_interfaces/cmake/rosidl_cmake_export_typesupport_targets-extras.cmake
[0.572s] -- Up-to-date symlink: /home/me597/ros2/sim_ws/install/task_2_interfaces/share/task_2_interfaces/cmake/rosidl_cmake_export_typesupport_libraries-extras.cmake
[0.572s] -- Up-to-date symlink: /home/me597/ros2/sim_ws/install/task_2_interfaces/share/task_2_interfaces/cmake/task_2_interfacesConfig.cmake
[0.572s] -- Up-to-date symlink: /home/me597/ros2/sim_ws/install/task_2_interfaces/share/task_2_interfaces/cmake/task_2_interfacesConfig-version.cmake
[0.572s] -- Up-to-date symlink: /home/me597/ros2/sim_ws/install/task_2_interfaces/share/task_2_interfaces/package.xml
[0.572s] -- Up-to-date: /home/me597/ros2/sim_ws/install/task_2_interfaces/lib/libtask_2_interfaces__rosidl_generator_c.so
[0.572s] -- Up-to-date: /home/me597/ros2/sim_ws/install/task_2_interfaces/lib/libtask_2_interfaces__rosidl_typesupport_fastrtps_c.so
[0.572s] -- Up-to-date: /home/me597/ros2/sim_ws/install/task_2_interfaces/lib/libtask_2_interfaces__rosidl_typesupport_fastrtps_cpp.so
[0.572s] -- Up-to-date: /home/me597/ros2/sim_ws/install/task_2_interfaces/lib/libtask_2_interfaces__rosidl_typesupport_introspection_c.so
[0.572s] -- Up-to-date: /home/me597/ros2/sim_ws/install/task_2_interfaces/lib/libtask_2_interfaces__rosidl_typesupport_c.so
[0.572s] -- Up-to-date: /home/me597/ros2/sim_ws/install/task_2_interfaces/lib/libtask_2_interfaces__rosidl_typesupport_introspection_cpp.so
[0.572s] -- Up-to-date: /home/me597/ros2/sim_ws/install/task_2_interfaces/lib/libtask_2_interfaces__rosidl_typesupport_cpp.so
[0.592s] Listing '/home/me597/ros2/sim_ws/install/task_2_interfaces/local/lib/python3.10/dist-packages/task_2_interfaces'...
[0.592s] Listing '/home/me597/ros2/sim_ws/install/task_2_interfaces/local/lib/python3.10/dist-packages/task_2_interfaces/msg'...
[0.592s] Listing '/home/me597/ros2/sim_ws/install/task_2_interfaces/local/lib/python3.10/dist-packages/task_2_interfaces/srv'...
[0.597s] -- Up-to-date: /home/me597/ros2/sim_ws/install/task_2_interfaces/lib/libtask_2_interfaces__rosidl_generator_py.so
[0.597s] -- Up-to-date: /home/me597/ros2/sim_ws/install/task_2_interfaces/share/task_2_interfaces/cmake/export_task_2_interfaces__rosidl_generator_cExport.cmake
[0.597s] -- Up-to-date: /home/me597/ros2/sim_ws/install/task_2_interfaces/share/task_2_interfaces/cmake/export_task_2_interfaces__rosidl_generator_cExport-noconfig.cmake
[0.597s] -- Up-to-date: /home/me597/ros2/sim_ws/install/task_2_interfaces/share/task_2_interfaces/cmake/export_task_2_interfaces__rosidl_typesupport_fastrtps_cExport.cmake
[0.597s] -- Up-to-date: /home/me597/ros2/sim_ws/install/task_2_interfaces/share/task_2_interfaces/cmake/export_task_2_interfaces__rosidl_typesupport_fastrtps_cExport-noconfig.cmake
[0.597s] -- Up-to-date: /home/me597/ros2/sim_ws/install/task_2_interfaces/share/task_2_interfaces/cmake/export_task_2_interfaces__rosidl_generator_cppExport.cmake
[0.597s] -- Up-to-date: /home/me597/ros2/sim_ws/install/task_2_interfaces/share/task_2_interfaces/cmake/export_task_2_interfaces__rosidl_typesupport_fastrtps_cppExport.cmake
[0.597s] -- Up-to-date: /home/me597/ros2/sim_ws/install/task_2_interfaces/share/task_2_interfaces/cmake/export_task_2_interfaces__rosidl_typesupport_fastrtps_cppExport-noconfig.cmake
[0.598s] -- Up-to-date: /home/me597/ros2/sim_ws/install/task_2_interfaces/share/task_2_interfaces/cmake/task_2_interfaces__rosidl_typesupport_introspection_cExport.cmake
[0.598s] -- Up-to-date: /home/me597/ros2/sim_ws/install/task_2_interfaces/share/task_2_interfaces/cmake/task_2_interfaces__rosidl_typesupport_introspection_cExport-noconfig.cmake
[0.598s] -- Up-to-date: /home/me597/ros2/sim_ws/install/task_2_interfaces/share/task_2_interfaces/cmake/task_2_interfaces__rosidl_typesupport_cExport.cmake
[0.598s] -- Up-to-date: /home/me597/ros2/sim_ws/install/task_2_interfaces/share/task_2_interfaces/cmake/task_2_interfaces__rosidl_typesupport_cExport-noconfig.cmake
[0.598s] -- Up-to-date: /home/me597/ros2/sim_ws/install/task_2_interfaces/share/task_2_interfaces/cmake/task_2_interfaces__rosidl_typesupport_introspection_cppExport.cmake
[0.598s] -- Up-to-date: /home/me597/ros2/sim_ws/install/task_2_interfaces/share/task_2_interfaces/cmake/task_2_interfaces__rosidl_typesupport_introspection_cppExport-noconfig.cmake
[0.598s] -- Up-to-date: /home/me597/ros2/sim_ws/install/task_2_interfaces/share/task_2_interfaces/cmake/task_2_interfaces__rosidl_typesupport_cppExport.cmake
[0.598s] -- Up-to-date: /home/me597/ros2/sim_ws/install/task_2_interfaces/share/task_2_interfaces/cmake/task_2_interfaces__rosidl_typesupport_cppExport-noconfig.cmake
[0.598s] -- Up-to-date: /home/me597/ros2/sim_ws/install/task_2_interfaces/share/task_2_interfaces/cmake/export_task_2_interfaces__rosidl_generator_pyExport.cmake
[0.598s] -- Up-to-date: /home/me597/ros2/sim_ws/install/task_2_interfaces/share/task_2_interfaces/cmake/export_task_2_interfaces__rosidl_generator_pyExport-noconfig.cmake
[0.604s] Invoked command in '/home/me597/ros2/sim_ws/build/task_2_interfaces' returned '0': CMAKE_PREFIX_PATH=/opt/ros/humble /usr/bin/cmake --install /home/me597/ros2/sim_ws/build/task_2_interfaces
