[0.571s] Invoking command in '/home/me597/ros2/sim_ws/src/ME597/my_package': PYTHONPATH=/home/me597/ros2/sim_ws/src/ME597/build/my_package/prefix_override:/usr/lib/python3/dist-packages/colcon_core/task/python/colcon_distutils_commands:/home/me597/ros2/sim_ws/src/ME597/install/my_package/lib/python3.10/site-packages:${PYTHONPATH} /usr/bin/python3 -W ignore:setup.py install is deprecated setup.py egg_info --egg-base ../build/my_package build --build-base /home/me597/ros2/sim_ws/src/ME597/build/my_package/build install --record /home/me597/ros2/sim_ws/src/ME597/build/my_package/install.log --single-version-externally-managed install_data
[0.862s] running egg_info
[0.862s] creating ../build/my_package/my_package.egg-info
[0.862s] writing ../build/my_package/my_package.egg-info/PKG-INFO
[0.862s] writing dependency_links to ../build/my_package/my_package.egg-info/dependency_links.txt
[0.862s] writing entry points to ../build/my_package/my_package.egg-info/entry_points.txt
[0.862s] writing requirements to ../build/my_package/my_package.egg-info/requires.txt
[0.862s] writing top-level names to ../build/my_package/my_package.egg-info/top_level.txt
[0.862s] writing manifest file '../build/my_package/my_package.egg-info/SOURCES.txt'
[0.863s] reading manifest file '../build/my_package/my_package.egg-info/SOURCES.txt'
[0.863s] adding license file 'LICENSE'
[0.864s] writing manifest file '../build/my_package/my_package.egg-info/SOURCES.txt'
[0.866s] running build
[0.866s] running build_py
[0.866s] creating /home/me597/ros2/sim_ws/src/ME597/build/my_package/build
[0.866s] creating /home/me597/ros2/sim_ws/src/ME597/build/my_package/build/lib
[0.866s] creating /home/me597/ros2/sim_ws/src/ME597/build/my_package/build/lib/my_package
[0.866s] copying my_package/__init__.py -> /home/me597/ros2/sim_ws/src/ME597/build/my_package/build/lib/my_package
[0.866s] copying my_package/my_node.py -> /home/me597/ros2/sim_ws/src/ME597/build/my_package/build/lib/my_package
[0.866s] running install
[0.866s] running install_lib
[0.866s] creating /home/me597/ros2/sim_ws/src/ME597/install/my_package/lib/python3.10/site-packages/my_package
[0.866s] copying /home/me597/ros2/sim_ws/src/ME597/build/my_package/build/lib/my_package/__init__.py -> /home/me597/ros2/sim_ws/src/ME597/install/my_package/lib/python3.10/site-packages/my_package
[0.866s] copying /home/me597/ros2/sim_ws/src/ME597/build/my_package/build/lib/my_package/my_node.py -> /home/me597/ros2/sim_ws/src/ME597/install/my_package/lib/python3.10/site-packages/my_package
[0.866s] byte-compiling /home/me597/ros2/sim_ws/src/ME597/install/my_package/lib/python3.10/site-packages/my_package/__init__.py to __init__.cpython-310.pyc
[0.866s] byte-compiling /home/me597/ros2/sim_ws/src/ME597/install/my_package/lib/python3.10/site-packages/my_package/my_node.py to my_node.cpython-310.pyc
[0.866s] running install_data
[0.866s] creating /home/me597/ros2/sim_ws/src/ME597/install/my_package/share/ament_index
[0.866s] creating /home/me597/ros2/sim_ws/src/ME597/install/my_package/share/ament_index/resource_index
[0.866s] creating /home/me597/ros2/sim_ws/src/ME597/install/my_package/share/ament_index/resource_index/packages
[0.866s] copying resource/my_package -> /home/me597/ros2/sim_ws/src/ME597/install/my_package/share/ament_index/resource_index/packages
[0.866s] copying package.xml -> /home/me597/ros2/sim_ws/src/ME597/install/my_package/share/my_package
[0.866s] running install_egg_info
[0.870s] Copying ../build/my_package/my_package.egg-info to /home/me597/ros2/sim_ws/src/ME597/install/my_package/lib/python3.10/site-packages/my_package-0.0.0-py3.10.egg-info
[0.873s] running install_scripts
[0.901s] Installing my_node script to /home/me597/ros2/sim_ws/src/ME597/install/my_package/lib/my_package
[0.901s] writing list of installed files to '/home/me597/ros2/sim_ws/src/ME597/build/my_package/install.log'
[0.964s] Invoked command in '/home/me597/ros2/sim_ws/src/ME597/my_package' returned '0': PYTHONPATH=/home/me597/ros2/sim_ws/src/ME597/build/my_package/prefix_override:/usr/lib/python3/dist-packages/colcon_core/task/python/colcon_distutils_commands:/home/me597/ros2/sim_ws/src/ME597/install/my_package/lib/python3.10/site-packages:${PYTHONPATH} /usr/bin/python3 -W ignore:setup.py install is deprecated setup.py egg_info --egg-base ../build/my_package build --build-base /home/me597/ros2/sim_ws/src/ME597/build/my_package/build install --record /home/me597/ros2/sim_ws/src/ME597/build/my_package/install.log --single-version-externally-managed install_data
