[0.557s] Invoking command in '/home/me597/ros2/sim_ws/build/py_pubsub': PYTHONPATH=/home/me597/ros2/sim_ws/build/py_pubsub/prefix_override:/usr/lib/python3/dist-packages/colcon_core/task/python/colcon_distutils_commands:/home/me597/ros2/sim_ws/install/py_pubsub/lib/python3.10/site-packages:${PYTHONPATH} /usr/bin/python3 -W ignore:setup.py install is deprecated setup.py develop --editable --build-directory /home/me597/ros2/sim_ws/build/py_pubsub/build --no-deps symlink_data --force
[0.995s] running develop
[0.998s] /usr/lib/python3/dist-packages/setuptools/command/easy_install.py:158: EasyInstallDeprecationWarning: easy_install command is deprecated. Use build and pip and other standards-based tools.
[0.998s]   warnings.warn(
[1.286s] running egg_info
[1.286s] writing py_pubsub.egg-info/PKG-INFO
[1.286s] writing dependency_links to py_pubsub.egg-info/dependency_links.txt
[1.287s] writing entry points to py_pubsub.egg-info/entry_points.txt
[1.287s] writing requirements to py_pubsub.egg-info/requires.txt
[1.287s] writing top-level names to py_pubsub.egg-info/top_level.txt
[1.288s] reading manifest file 'py_pubsub.egg-info/SOURCES.txt'
[1.291s] writing manifest file 'py_pubsub.egg-info/SOURCES.txt'
[1.293s] running build_ext
[1.294s] Creating /home/me597/ros2/sim_ws/install/py_pubsub/lib/python3.10/site-packages/py-pubsub.egg-link (link to .)
[1.294s] Installing listener script to /home/me597/ros2/sim_ws/install/py_pubsub/lib/py_pubsub
[1.294s] Installing talker script to /home/me597/ros2/sim_ws/install/py_pubsub/lib/py_pubsub
[1.295s] 
[1.295s] Installed /home/me597/ros2/sim_ws/build/py_pubsub
[1.296s] running symlink_data
[1.296s] symbolically linking /home/me597/ros2/sim_ws/build/py_pubsub/resource/py_pubsub -> /home/me597/ros2/sim_ws/install/py_pubsub/share/ament_index/resource_index/packages
[1.296s] symbolically linking /home/me597/ros2/sim_ws/build/py_pubsub/package.xml -> /home/me597/ros2/sim_ws/install/py_pubsub/share/py_pubsub
[1.340s] Invoked command in '/home/me597/ros2/sim_ws/build/py_pubsub' returned '0': PYTHONPATH=/home/me597/ros2/sim_ws/build/py_pubsub/prefix_override:/usr/lib/python3/dist-packages/colcon_core/task/python/colcon_distutils_commands:/home/me597/ros2/sim_ws/install/py_pubsub/lib/python3.10/site-packages:${PYTHONPATH} /usr/bin/python3 -W ignore:setup.py install is deprecated setup.py develop --editable --build-directory /home/me597/ros2/sim_ws/build/py_pubsub/build --no-deps symlink_data --force
