[0.381s] Invoking command in '/home/me597/ros2/sim_ws/build/task_2': CMAKE_PREFIX_PATH=/home/me597/ros2/sim_ws/install/task_2_interfaces:/home/me597/ros2/sim_ws/install/turtlebot3_gazebo PYTHONPATH=/home/me597/ros2/sim_ws/build/task_2/prefix_override:/usr/lib/python3/dist-packages/colcon_core/task/python/colcon_distutils_commands:/home/me597/ros2/sim_ws/install/task_2/lib/python3.10/site-packages:${PYTHONPATH} /usr/bin/python3 -W ignore:setup.py install is deprecated setup.py develop --editable --build-directory /home/me597/ros2/sim_ws/build/task_2/build --no-deps symlink_data
[0.535s] running develop
[0.535s] /usr/lib/python3/dist-packages/setuptools/command/easy_install.py:158: EasyInstallDeprecationWarning: easy_install command is deprecated. Use build and pip and other standards-based tools.
[0.535s]   warnings.warn(
[0.629s] running egg_info
[0.629s] writing task_2.egg-info/PKG-INFO
[0.630s] writing dependency_links to task_2.egg-info/dependency_links.txt
[0.630s] writing entry points to task_2.egg-info/entry_points.txt
[0.630s] writing requirements to task_2.egg-info/requires.txt
[0.631s] writing top-level names to task_2.egg-info/top_level.txt
[0.631s] reading manifest file 'task_2.egg-info/SOURCES.txt'
[0.632s] writing manifest file 'task_2.egg-info/SOURCES.txt'
[0.633s] running build_ext
[0.633s] Creating /home/me597/ros2/sim_ws/install/task_2/lib/python3.10/site-packages/task-2.egg-link (link to .)
[0.634s] Installing client script to /home/me597/ros2/sim_ws/install/task_2/lib/task_2
[0.634s] Installing listener script to /home/me597/ros2/sim_ws/install/task_2/lib/task_2
[0.635s] Installing service script to /home/me597/ros2/sim_ws/install/task_2/lib/task_2
[0.635s] Installing talker script to /home/me597/ros2/sim_ws/install/task_2/lib/task_2
[0.635s] 
[0.635s] Installed /home/me597/ros2/sim_ws/build/task_2
[0.635s] running symlink_data
[0.655s] Invoked command in '/home/me597/ros2/sim_ws/build/task_2' returned '0': CMAKE_PREFIX_PATH=/home/me597/ros2/sim_ws/install/task_2_interfaces:/home/me597/ros2/sim_ws/install/turtlebot3_gazebo PYTHONPATH=/home/me597/ros2/sim_ws/build/task_2/prefix_override:/usr/lib/python3/dist-packages/colcon_core/task/python/colcon_distutils_commands:/home/me597/ros2/sim_ws/install/task_2/lib/python3.10/site-packages:${PYTHONPATH} /usr/bin/python3 -W ignore:setup.py install is deprecated setup.py develop --editable --build-directory /home/me597/ros2/sim_ws/build/task_2/build --no-deps symlink_data
