[0.012s] Invoking command in '/home/me597/ros2/sim_ws/build/task_2_interfaces': CMAKE_PREFIX_PATH=${CMAKE_PREFIX_PATH}:/home/me597/ros2/sim_ws/install/task_1:/home/me597/ros2/sim_ws/install/sim_utils:/home/me597/ros2/sim_ws/install/py_pubsub:/home/me597/ros2/sim_ws/install/my_package:/home/me597/ros2/sim_ws/src/ME597/install/task_1:/home/me597/ros2/sim_ws/src/ME597/install/py_pubsub:/home/me597/ros2/sim_ws/src/ME597/install/my_package:/opt/ros/humble /usr/bin/cmake /home/me597/ros2/sim_ws/src/ME597/task_2_interfaces -DAMENT_CMAKE_SYMLINK_INSTALL=1 -DCMAKE_INSTALL_PREFIX=/home/me597/ros2/sim_ws/install/task_2_interfaces
[0.060s] -- The C compiler identification is GNU 11.4.0
[0.097s] -- The CXX compiler identification is GNU 11.4.0
[0.103s] -- Detecting C compiler ABI info
[0.183s] -- Detecting C compiler ABI info - done
[0.188s] -- Check for working C compiler: /usr/bin/cc - skipped
[0.188s] -- Detecting C compile features
[0.189s] -- Detecting C compile features - done
[0.192s] -- Detecting CXX compiler ABI info
[0.265s] -- Detecting CXX compiler ABI info - done
[0.265s] -- Check for working CXX compiler: /usr/bin/c++ - skipped
[0.266s] -- Detecting CXX compile features
[0.266s] -- Detecting CXX compile features - done
[0.271s] -- Found ament_cmake: 1.3.10 (/opt/ros/humble/share/ament_cmake/cmake)
[0.403s] -- Found Python3: /usr/bin/python3 (found version "3.10.12") found components: Interpreter 
[0.475s] -- Override CMake install command with custom implementation using symlinks instead of copying resources
[0.502s] -- Found geometry_msgs: 4.2.4 (/opt/ros/humble/share/geometry_msgs/cmake)
[0.538s] -- Found rosidl_generator_c: 3.1.5 (/opt/ros/humble/share/rosidl_generator_c/cmake)
[0.544s] -- Found rosidl_adapter: 3.1.5 (/opt/ros/humble/share/rosidl_adapter/cmake)
[0.553s] -- Found rosidl_generator_cpp: 3.1.5 (/opt/ros/humble/share/rosidl_generator_cpp/cmake)
[0.564s] -- Using all available rosidl_typesupport_c: rosidl_typesupport_fastrtps_c;rosidl_typesupport_introspection_c
[0.575s] -- Using all available rosidl_typesupport_cpp: rosidl_typesupport_fastrtps_cpp;rosidl_typesupport_introspection_cpp
[0.604s] -- Found rosidl_default_generators: 1.2.0 (/opt/ros/humble/share/rosidl_default_generators/cmake)
[0.850s] -- Found ament_cmake_ros: 0.10.0 (/opt/ros/humble/share/ament_cmake_ros/cmake)
[1.221s] -- Using all available rosidl_typesupport_c: rosidl_typesupport_fastrtps_c;rosidl_typesupport_introspection_c
[1.334s] -- Using all available rosidl_typesupport_cpp: rosidl_typesupport_fastrtps_cpp;rosidl_typesupport_introspection_cpp
[1.358s] -- Found PythonInterp: /usr/bin/python3 (found suitable version "3.10.12", minimum required is "3.6") 
[1.358s] -- Found python_cmake_module: 0.10.0 (/opt/ros/humble/share/python_cmake_module/cmake)
[1.388s] -- Found PythonLibs: /usr/lib/x86_64-linux-gnu/libpython3.10.so (found suitable version "3.10.12", minimum required is "3.5") 
[1.388s] -- Using PYTHON_EXECUTABLE: /usr/bin/python3
[1.388s] -- Using PYTHON_INCLUDE_DIRS: /usr/include/python3.10
[1.388s] -- Using PYTHON_LIBRARIES: /usr/lib/x86_64-linux-gnu/libpython3.10.so
[1.401s] -- Found PythonExtra: .so  
[1.446s] -- Found ament_lint_auto: 0.12.11 (/opt/ros/humble/share/ament_lint_auto/cmake)
[1.475s] -- Added test 'lint_cmake' to check CMake code style
[1.481s] -- Added test 'xmllint' to check XML markup files
[1.481s] -- Configuring done
[1.509s] -- Generating done
[1.511s] -- Build files have been written to: /home/me597/ros2/sim_ws/build/task_2_interfaces
[1.520s] Invoked command in '/home/me597/ros2/sim_ws/build/task_2_interfaces' returned '0': CMAKE_PREFIX_PATH=${CMAKE_PREFIX_PATH}:/home/me597/ros2/sim_ws/install/task_1:/home/me597/ros2/sim_ws/install/sim_utils:/home/me597/ros2/sim_ws/install/py_pubsub:/home/me597/ros2/sim_ws/install/my_package:/home/me597/ros2/sim_ws/src/ME597/install/task_1:/home/me597/ros2/sim_ws/src/ME597/install/py_pubsub:/home/me597/ros2/sim_ws/src/ME597/install/my_package:/opt/ros/humble /usr/bin/cmake /home/me597/ros2/sim_ws/src/ME597/task_2_interfaces -DAMENT_CMAKE_SYMLINK_INSTALL=1 -DCMAKE_INSTALL_PREFIX=/home/me597/ros2/sim_ws/install/task_2_interfaces
[1.528s] Invoking command in '/home/me597/ros2/sim_ws/build/task_2_interfaces': CMAKE_PREFIX_PATH=${CMAKE_PREFIX_PATH}:/home/me597/ros2/sim_ws/install/task_1:/home/me597/ros2/sim_ws/install/sim_utils:/home/me597/ros2/sim_ws/install/py_pubsub:/home/me597/ros2/sim_ws/install/my_package:/home/me597/ros2/sim_ws/src/ME597/install/task_1:/home/me597/ros2/sim_ws/src/ME597/install/py_pubsub:/home/me597/ros2/sim_ws/src/ME597/install/my_package:/opt/ros/humble /usr/bin/cmake --build /home/me597/ros2/sim_ws/build/task_2_interfaces -- -j2 -l2
[1.574s] [  2%] [34m[1mGenerating C code for ROS interfaces[0m
[1.599s] [  5%] [34m[1mGenerating C++ code for ROS interfaces[0m
[2.090s] [  7%] [32mBuilding C object CMakeFiles/task_2_interfaces__rosidl_generator_c.dir/rosidl_generator_c/task_2_interfaces/msg/detail/joint_data__functions.c.o[0m
[2.142s] [  7%] Built target task_2_interfaces__cpp
[2.165s] [ 10%] [32mBuilding C object CMakeFiles/task_2_interfaces__rosidl_generator_c.dir/rosidl_generator_c/task_2_interfaces/srv/detail/joint_state__functions.c.o[0m
[2.236s] [ 10%] Built target ament_cmake_python_symlink_task_2_interfaces
[2.260s] [ 12%] [34m[1mGenerating C++ type support dispatch for ROS interfaces[0m
[2.307s] [ 15%] [32m[1mLinking C shared library libtask_2_interfaces__rosidl_generator_c.so[0m
[2.435s] [ 15%] Built target task_2_interfaces__rosidl_generator_c
[2.439s] [ 17%] [34m[1mGenerating C++ type support for eProsima Fast-RTPS[0m
[2.625s] [ 20%] [32mBuilding CXX object CMakeFiles/task_2_interfaces__rosidl_typesupport_cpp.dir/rosidl_typesupport_cpp/task_2_interfaces/msg/joint_data__type_support.cpp.o[0m
[2.850s] [ 23%] [32mBuilding CXX object CMakeFiles/task_2_interfaces__rosidl_typesupport_fastrtps_cpp.dir/rosidl_typesupport_fastrtps_cpp/task_2_interfaces/msg/detail/dds_fastrtps/joint_data__type_support.cpp.o[0m
[3.056s] [ 25%] [32mBuilding CXX object CMakeFiles/task_2_interfaces__rosidl_typesupport_cpp.dir/rosidl_typesupport_cpp/task_2_interfaces/srv/joint_state__type_support.cpp.o[0m
[3.228s] [ 28%] [32mBuilding CXX object CMakeFiles/task_2_interfaces__rosidl_typesupport_fastrtps_cpp.dir/rosidl_typesupport_fastrtps_cpp/task_2_interfaces/srv/detail/dds_fastrtps/joint_state__type_support.cpp.o[0m
[3.418s] [ 30%] [32m[1mLinking CXX shared library libtask_2_interfaces__rosidl_typesupport_cpp.so[0m
[3.451s] [ 30%] Built target task_2_interfaces__rosidl_typesupport_cpp
[3.458s] [ 33%] [34m[1mGenerating C introspection for ROS interfaces[0m
[3.775s] [ 35%] [32mBuilding C object CMakeFiles/task_2_interfaces__rosidl_typesupport_introspection_c.dir/rosidl_typesupport_introspection_c/task_2_interfaces/msg/detail/joint_data__type_support.c.o[0m
[3.799s] [ 38%] [32m[1mLinking CXX shared library libtask_2_interfaces__rosidl_typesupport_fastrtps_cpp.so[0m
[3.799s] [ 41%] [32mBuilding C object CMakeFiles/task_2_interfaces__rosidl_typesupport_introspection_c.dir/rosidl_typesupport_introspection_c/task_2_interfaces/srv/detail/joint_state__type_support.c.o[0m
[3.869s] [ 43%] [32m[1mLinking C shared library libtask_2_interfaces__rosidl_typesupport_introspection_c.so[0m
[3.885s] [ 43%] Built target task_2_interfaces__rosidl_typesupport_fastrtps_cpp
[3.897s] [ 46%] [34m[1mGenerating C type support dispatch for ROS interfaces[0m
[3.939s] [ 46%] Built target task_2_interfaces__rosidl_typesupport_introspection_c
[3.954s] [ 48%] [34m[1mGenerating C++ introspection for ROS interfaces[0m
[4.129s] [ 51%] [32mBuilding CXX object CMakeFiles/task_2_interfaces__rosidl_typesupport_c.dir/rosidl_typesupport_c/task_2_interfaces/msg/joint_data__type_support.cpp.o[0m
[4.187s] [ 53%] [32mBuilding CXX object CMakeFiles/task_2_interfaces__rosidl_typesupport_c.dir/rosidl_typesupport_c/task_2_interfaces/srv/joint_state__type_support.cpp.o[0m
[4.255s] [ 56%] [32m[1mLinking CXX shared library libtask_2_interfaces__rosidl_typesupport_c.so[0m
[4.299s] [ 56%] Built target task_2_interfaces__rosidl_typesupport_c
[4.318s] [ 58%] [32mBuilding CXX object CMakeFiles/task_2_interfaces__rosidl_typesupport_introspection_cpp.dir/rosidl_typesupport_introspection_cpp/task_2_interfaces/msg/detail/joint_data__type_support.cpp.o[0m
[4.531s] running egg_info
[4.531s] creating task_2_interfaces.egg-info
[4.531s] writing task_2_interfaces.egg-info/PKG-INFO
[4.531s] writing dependency_links to task_2_interfaces.egg-info/dependency_links.txt
[4.531s] writing top-level names to task_2_interfaces.egg-info/top_level.txt
[4.531s] writing manifest file 'task_2_interfaces.egg-info/SOURCES.txt'
[4.534s] reading manifest file 'task_2_interfaces.egg-info/SOURCES.txt'
[4.534s] writing manifest file 'task_2_interfaces.egg-info/SOURCES.txt'
[4.558s] [ 58%] Built target ament_cmake_python_build_task_2_interfaces_egg
[4.565s] [ 61%] [32mBuilding CXX object CMakeFiles/task_2_interfaces__rosidl_typesupport_introspection_cpp.dir/rosidl_typesupport_introspection_cpp/task_2_interfaces/srv/detail/joint_state__type_support.cpp.o[0m
[4.901s] [ 64%] [34m[1mGenerating C type support for eProsima Fast-RTPS[0m
[4.943s] [ 66%] [32m[1mLinking CXX shared library libtask_2_interfaces__rosidl_typesupport_introspection_cpp.so[0m
[5.022s] [ 66%] Built target task_2_interfaces__rosidl_typesupport_introspection_cpp
[5.149s] [ 69%] [32mBuilding CXX object CMakeFiles/task_2_interfaces__rosidl_typesupport_fastrtps_c.dir/rosidl_typesupport_fastrtps_c/task_2_interfaces/msg/detail/joint_data__type_support_c.cpp.o[0m
[5.166s] [ 71%] [32mBuilding CXX object CMakeFiles/task_2_interfaces__rosidl_typesupport_fastrtps_c.dir/rosidl_typesupport_fastrtps_c/task_2_interfaces/srv/detail/joint_state__type_support_c.cpp.o[0m
[5.603s] [ 74%] [32m[1mLinking CXX shared library libtask_2_interfaces__rosidl_typesupport_fastrtps_c.so[0m
[5.722s] [ 74%] Built target task_2_interfaces__rosidl_typesupport_fastrtps_c
[5.766s] [ 74%] Built target task_2_interfaces
[5.791s] [ 76%] [34m[1mGenerating Python code for ROS interfaces[0m
[6.130s] [ 76%] Built target task_2_interfaces__py
[6.143s] [ 82%] [32mBuilding C object CMakeFiles/task_2_interfaces__rosidl_generator_py.dir/rosidl_generator_py/task_2_interfaces/msg/_joint_data_s.c.o[0m
[6.143s] [ 82%] [32mBuilding C object CMakeFiles/task_2_interfaces__rosidl_generator_py.dir/rosidl_generator_py/task_2_interfaces/srv/_joint_state_s.c.o[0m
[6.223s] [ 84%] [32m[1mLinking C shared library rosidl_generator_py/task_2_interfaces/libtask_2_interfaces__rosidl_generator_py.so[0m
[6.258s] [ 84%] Built target task_2_interfaces__rosidl_generator_py
[6.276s] [ 89%] [32mBuilding C object CMakeFiles/task_2_interfaces__rosidl_typesupport_introspection_c__pyext.dir/rosidl_generator_py/task_2_interfaces/_task_2_interfaces_s.ep.rosidl_typesupport_introspection_c.c.o[0m
[6.276s] [ 89%] [32mBuilding C object CMakeFiles/task_2_interfaces__rosidl_typesupport_fastrtps_c__pyext.dir/rosidl_generator_py/task_2_interfaces/_task_2_interfaces_s.ep.rosidl_typesupport_fastrtps_c.c.o[0m
[6.340s] [ 92%] [32m[1mLinking C shared library rosidl_generator_py/task_2_interfaces/task_2_interfaces_s__rosidl_typesupport_introspection_c.cpython-310-x86_64-linux-gnu.so[0m
[6.340s] [ 94%] [32m[1mLinking C shared library rosidl_generator_py/task_2_interfaces/task_2_interfaces_s__rosidl_typesupport_fastrtps_c.cpython-310-x86_64-linux-gnu.so[0m
[6.374s] [ 94%] Built target task_2_interfaces__rosidl_typesupport_introspection_c__pyext
[6.377s] [ 94%] Built target task_2_interfaces__rosidl_typesupport_fastrtps_c__pyext
[6.390s] [ 97%] [32mBuilding C object CMakeFiles/task_2_interfaces__rosidl_typesupport_c__pyext.dir/rosidl_generator_py/task_2_interfaces/_task_2_interfaces_s.ep.rosidl_typesupport_c.c.o[0m
[6.449s] [100%] [32m[1mLinking C shared library rosidl_generator_py/task_2_interfaces/task_2_interfaces_s__rosidl_typesupport_c.cpython-310-x86_64-linux-gnu.so[0m
[6.485s] [100%] Built target task_2_interfaces__rosidl_typesupport_c__pyext
[6.492s] Invoked command in '/home/me597/ros2/sim_ws/build/task_2_interfaces' returned '0': CMAKE_PREFIX_PATH=${CMAKE_PREFIX_PATH}:/home/me597/ros2/sim_ws/install/task_1:/home/me597/ros2/sim_ws/install/sim_utils:/home/me597/ros2/sim_ws/install/py_pubsub:/home/me597/ros2/sim_ws/install/my_package:/home/me597/ros2/sim_ws/src/ME597/install/task_1:/home/me597/ros2/sim_ws/src/ME597/install/py_pubsub:/home/me597/ros2/sim_ws/src/ME597/install/my_package:/opt/ros/humble /usr/bin/cmake --build /home/me597/ros2/sim_ws/build/task_2_interfaces -- -j2 -l2
[6.554s] Invoking command in '/home/me597/ros2/sim_ws/build/task_2_interfaces': CMAKE_PREFIX_PATH=${CMAKE_PREFIX_PATH}:/home/me597/ros2/sim_ws/install/task_1:/home/me597/ros2/sim_ws/install/sim_utils:/home/me597/ros2/sim_ws/install/py_pubsub:/home/me597/ros2/sim_ws/install/my_package:/home/me597/ros2/sim_ws/src/ME597/install/task_1:/home/me597/ros2/sim_ws/src/ME597/install/py_pubsub:/home/me597/ros2/sim_ws/src/ME597/install/my_package:/opt/ros/humble /usr/bin/cmake --install /home/me597/ros2/sim_ws/build/task_2_interfaces
[6.555s] -- Install configuration: ""
[6.555s] -- Execute custom install script
[6.555s] -- Symlinking: /home/me597/ros2/sim_ws/install/task_2_interfaces/share/ament_index/resource_index/rosidl_interfaces/task_2_interfaces
[6.575s] -- Symlinking: /home/me597/ros2/sim_ws/install/task_2_interfaces/include/task_2_interfaces/task_2_interfaces/msg/detail/joint_data__functions.h
[6.592s] -- Symlinking: /home/me597/ros2/sim_ws/install/task_2_interfaces/include/task_2_interfaces/task_2_interfaces/msg/detail/joint_data__struct.h
[6.606s] -- Symlinking: /home/me597/ros2/sim_ws/install/task_2_interfaces/include/task_2_interfaces/task_2_interfaces/msg/detail/joint_data__type_support.h
[6.618s] -- Symlinking: /home/me597/ros2/sim_ws/install/task_2_interfaces/include/task_2_interfaces/task_2_interfaces/msg/joint_data.h
[6.647s] -- Symlinking: /home/me597/ros2/sim_ws/install/task_2_interfaces/include/task_2_interfaces/task_2_interfaces/msg/rosidl_generator_c__visibility_control.h
[6.663s] -- Symlinking: /home/me597/ros2/sim_ws/install/task_2_interfaces/include/task_2_interfaces/task_2_interfaces/srv/detail/joint_state__functions.h
[6.681s] -- Symlinking: /home/me597/ros2/sim_ws/install/task_2_interfaces/include/task_2_interfaces/task_2_interfaces/srv/detail/joint_state__struct.h
[6.687s] -- Symlinking: /home/me597/ros2/sim_ws/install/task_2_interfaces/include/task_2_interfaces/task_2_interfaces/srv/detail/joint_state__type_support.h
[6.700s] -- Symlinking: /home/me597/ros2/sim_ws/install/task_2_interfaces/include/task_2_interfaces/task_2_interfaces/srv/joint_state.h
[6.708s] -- Symlinking: /home/me597/ros2/sim_ws/install/task_2_interfaces/share/task_2_interfaces/environment/library_path.sh
[6.718s] -- Symlinking: /home/me597/ros2/sim_ws/install/task_2_interfaces/share/task_2_interfaces/environment/library_path.dsv
[6.728s] -- Symlinking: /home/me597/ros2/sim_ws/install/task_2_interfaces/include/task_2_interfaces/task_2_interfaces/msg/detail/joint_data__rosidl_typesupport_fastrtps_c.h
[6.739s] -- Symlinking: /home/me597/ros2/sim_ws/install/task_2_interfaces/include/task_2_interfaces/task_2_interfaces/msg/rosidl_typesupport_fastrtps_c__visibility_control.h
[6.745s] -- Symlinking: /home/me597/ros2/sim_ws/install/task_2_interfaces/include/task_2_interfaces/task_2_interfaces/srv/detail/joint_state__rosidl_typesupport_fastrtps_c.h
[6.750s] -- Symlinking: /home/me597/ros2/sim_ws/install/task_2_interfaces/include/task_2_interfaces/task_2_interfaces/msg/detail/joint_data__builder.hpp
[6.754s] -- Symlinking: /home/me597/ros2/sim_ws/install/task_2_interfaces/include/task_2_interfaces/task_2_interfaces/msg/detail/joint_data__struct.hpp
[6.764s] -- Symlinking: /home/me597/ros2/sim_ws/install/task_2_interfaces/include/task_2_interfaces/task_2_interfaces/msg/detail/joint_data__traits.hpp
[6.772s] -- Symlinking: /home/me597/ros2/sim_ws/install/task_2_interfaces/include/task_2_interfaces/task_2_interfaces/msg/joint_data.hpp
[6.783s] -- Symlinking: /home/me597/ros2/sim_ws/install/task_2_interfaces/include/task_2_interfaces/task_2_interfaces/srv/detail/joint_state__builder.hpp
[6.789s] -- Symlinking: /home/me597/ros2/sim_ws/install/task_2_interfaces/include/task_2_interfaces/task_2_interfaces/srv/detail/joint_state__struct.hpp
[6.796s] -- Symlinking: /home/me597/ros2/sim_ws/install/task_2_interfaces/include/task_2_interfaces/task_2_interfaces/srv/detail/joint_state__traits.hpp
[6.801s] -- Symlinking: /home/me597/ros2/sim_ws/install/task_2_interfaces/include/task_2_interfaces/task_2_interfaces/srv/joint_state.hpp
[6.806s] -- Symlinking: /home/me597/ros2/sim_ws/install/task_2_interfaces/include/task_2_interfaces/task_2_interfaces/msg/detail/joint_data__rosidl_typesupport_fastrtps_cpp.hpp
[6.812s] -- Symlinking: /home/me597/ros2/sim_ws/install/task_2_interfaces/include/task_2_interfaces/task_2_interfaces/msg/rosidl_typesupport_fastrtps_cpp__visibility_control.h
[6.816s] -- Symlinking: /home/me597/ros2/sim_ws/install/task_2_interfaces/include/task_2_interfaces/task_2_interfaces/srv/detail/joint_state__rosidl_typesupport_fastrtps_cpp.hpp
[6.821s] -- Symlinking: /home/me597/ros2/sim_ws/install/task_2_interfaces/include/task_2_interfaces/task_2_interfaces/msg/detail/joint_data__rosidl_typesupport_introspection_c.h
[6.826s] -- Symlinking: /home/me597/ros2/sim_ws/install/task_2_interfaces/include/task_2_interfaces/task_2_interfaces/msg/rosidl_typesupport_introspection_c__visibility_control.h
[6.830s] -- Symlinking: /home/me597/ros2/sim_ws/install/task_2_interfaces/include/task_2_interfaces/task_2_interfaces/srv/detail/joint_state__rosidl_typesupport_introspection_c.h
[6.836s] -- Symlinking: /home/me597/ros2/sim_ws/install/task_2_interfaces/include/task_2_interfaces/task_2_interfaces/msg/detail/joint_data__rosidl_typesupport_introspection_cpp.hpp
[6.840s] -- Symlinking: /home/me597/ros2/sim_ws/install/task_2_interfaces/include/task_2_interfaces/task_2_interfaces/srv/detail/joint_state__rosidl_typesupport_introspection_cpp.hpp
[6.845s] -- Symlinking: /home/me597/ros2/sim_ws/install/task_2_interfaces/share/task_2_interfaces/environment/pythonpath.sh
[6.852s] -- Symlinking: /home/me597/ros2/sim_ws/install/task_2_interfaces/share/task_2_interfaces/environment/pythonpath.dsv
[6.858s] -- Symlinking: /home/me597/ros2/sim_ws/install/task_2_interfaces/local/lib/python3.10/dist-packages/task_2_interfaces-0.0.0-py3.10.egg-info/PKG-INFO
[6.871s] -- Symlinking: /home/me597/ros2/sim_ws/install/task_2_interfaces/local/lib/python3.10/dist-packages/task_2_interfaces-0.0.0-py3.10.egg-info/SOURCES.txt
[6.872s] -- Symlinking: /home/me597/ros2/sim_ws/install/task_2_interfaces/local/lib/python3.10/dist-packages/task_2_interfaces-0.0.0-py3.10.egg-info/dependency_links.txt
[6.879s] -- Symlinking: /home/me597/ros2/sim_ws/install/task_2_interfaces/local/lib/python3.10/dist-packages/task_2_interfaces-0.0.0-py3.10.egg-info/top_level.txt
[6.886s] -- Symlinking: /home/me597/ros2/sim_ws/install/task_2_interfaces/local/lib/python3.10/dist-packages/task_2_interfaces/__init__.py
[6.892s] -- Symlinking: /home/me597/ros2/sim_ws/install/task_2_interfaces/local/lib/python3.10/dist-packages/task_2_interfaces/_task_2_interfaces_s.ep.rosidl_typesupport_c.c
[6.897s] -- Symlinking: /home/me597/ros2/sim_ws/install/task_2_interfaces/local/lib/python3.10/dist-packages/task_2_interfaces/_task_2_interfaces_s.ep.rosidl_typesupport_fastrtps_c.c
[6.902s] -- Symlinking: /home/me597/ros2/sim_ws/install/task_2_interfaces/local/lib/python3.10/dist-packages/task_2_interfaces/_task_2_interfaces_s.ep.rosidl_typesupport_introspection_c.c
[6.907s] -- Symlinking: /home/me597/ros2/sim_ws/install/task_2_interfaces/local/lib/python3.10/dist-packages/task_2_interfaces/libtask_2_interfaces__rosidl_generator_py.so
[6.912s] -- Symlinking: /home/me597/ros2/sim_ws/install/task_2_interfaces/local/lib/python3.10/dist-packages/task_2_interfaces/msg/__init__.py
[6.916s] -- Symlinking: /home/me597/ros2/sim_ws/install/task_2_interfaces/local/lib/python3.10/dist-packages/task_2_interfaces/msg/_joint_data.py
[6.921s] -- Symlinking: /home/me597/ros2/sim_ws/install/task_2_interfaces/local/lib/python3.10/dist-packages/task_2_interfaces/msg/_joint_data_s.c
[6.926s] -- Symlinking: /home/me597/ros2/sim_ws/install/task_2_interfaces/local/lib/python3.10/dist-packages/task_2_interfaces/srv/__init__.py
[6.930s] -- Symlinking: /home/me597/ros2/sim_ws/install/task_2_interfaces/local/lib/python3.10/dist-packages/task_2_interfaces/srv/_joint_state.py
[6.935s] -- Symlinking: /home/me597/ros2/sim_ws/install/task_2_interfaces/local/lib/python3.10/dist-packages/task_2_interfaces/srv/_joint_state_s.c
[6.939s] -- Symlinking: /home/me597/ros2/sim_ws/install/task_2_interfaces/local/lib/python3.10/dist-packages/task_2_interfaces/task_2_interfaces_s__rosidl_typesupport_c.cpython-310-x86_64-linux-gnu.so
[6.944s] -- Symlinking: /home/me597/ros2/sim_ws/install/task_2_interfaces/local/lib/python3.10/dist-packages/task_2_interfaces/task_2_interfaces_s__rosidl_typesupport_fastrtps_c.cpython-310-x86_64-linux-gnu.so
[6.948s] -- Symlinking: /home/me597/ros2/sim_ws/install/task_2_interfaces/local/lib/python3.10/dist-packages/task_2_interfaces/task_2_interfaces_s__rosidl_typesupport_introspection_c.cpython-310-x86_64-linux-gnu.so
[6.953s] -- Up-to-date symlink: /home/me597/ros2/sim_ws/install/task_2_interfaces/local/lib/python3.10/dist-packages/task_2_interfaces/task_2_interfaces_s__rosidl_typesupport_fastrtps_c.cpython-310-x86_64-linux-gnu.so
[6.953s] -- Up-to-date symlink: /home/me597/ros2/sim_ws/install/task_2_interfaces/local/lib/python3.10/dist-packages/task_2_interfaces/task_2_interfaces_s__rosidl_typesupport_introspection_c.cpython-310-x86_64-linux-gnu.so
[6.953s] -- Up-to-date symlink: /home/me597/ros2/sim_ws/install/task_2_interfaces/local/lib/python3.10/dist-packages/task_2_interfaces/task_2_interfaces_s__rosidl_typesupport_c.cpython-310-x86_64-linux-gnu.so
[6.953s] -- Symlinking: /home/me597/ros2/sim_ws/install/task_2_interfaces/share/task_2_interfaces/msg/JointData.idl
[6.960s] -- Symlinking: /home/me597/ros2/sim_ws/install/task_2_interfaces/share/task_2_interfaces/srv/JointState.idl
[6.969s] -- Symlinking: /home/me597/ros2/sim_ws/install/task_2_interfaces/share/task_2_interfaces/msg/JointData.msg
[6.976s] -- Symlinking: /home/me597/ros2/sim_ws/install/task_2_interfaces/share/task_2_interfaces/srv/JointState.srv
[6.983s] -- Symlinking: /home/me597/ros2/sim_ws/install/task_2_interfaces/share/task_2_interfaces/srv/JointState_Request.msg
[6.994s] -- Symlinking: /home/me597/ros2/sim_ws/install/task_2_interfaces/share/task_2_interfaces/srv/JointState_Response.msg
[6.996s] -- Symlinking: /home/me597/ros2/sim_ws/install/task_2_interfaces/share/ament_index/resource_index/package_run_dependencies/task_2_interfaces
[7.000s] -- Symlinking: /home/me597/ros2/sim_ws/install/task_2_interfaces/share/ament_index/resource_index/parent_prefix_path/task_2_interfaces
[7.005s] -- Symlinking: /home/me597/ros2/sim_ws/install/task_2_interfaces/share/task_2_interfaces/environment/ament_prefix_path.sh
[7.011s] -- Symlinking: /home/me597/ros2/sim_ws/install/task_2_interfaces/share/task_2_interfaces/environment/ament_prefix_path.dsv
[7.022s] -- Symlinking: /home/me597/ros2/sim_ws/install/task_2_interfaces/share/task_2_interfaces/environment/path.sh
[7.024s] -- Symlinking: /home/me597/ros2/sim_ws/install/task_2_interfaces/share/task_2_interfaces/environment/path.dsv
[7.034s] -- Symlinking: /home/me597/ros2/sim_ws/install/task_2_interfaces/share/task_2_interfaces/local_setup.bash
[7.043s] -- Symlinking: /home/me597/ros2/sim_ws/install/task_2_interfaces/share/task_2_interfaces/local_setup.sh
[7.048s] -- Symlinking: /home/me597/ros2/sim_ws/install/task_2_interfaces/share/task_2_interfaces/local_setup.zsh
[7.053s] -- Symlinking: /home/me597/ros2/sim_ws/install/task_2_interfaces/share/task_2_interfaces/local_setup.dsv
[7.059s] -- Symlinking: /home/me597/ros2/sim_ws/install/task_2_interfaces/share/task_2_interfaces/package.dsv
[7.065s] -- Symlinking: /home/me597/ros2/sim_ws/install/task_2_interfaces/share/ament_index/resource_index/packages/task_2_interfaces
[7.071s] -- Symlinking: /home/me597/ros2/sim_ws/install/task_2_interfaces/share/task_2_interfaces/cmake/rosidl_cmake-extras.cmake
[7.079s] -- Symlinking: /home/me597/ros2/sim_ws/install/task_2_interfaces/share/task_2_interfaces/cmake/ament_cmake_export_dependencies-extras.cmake
[7.085s] -- Symlinking: /home/me597/ros2/sim_ws/install/task_2_interfaces/share/task_2_interfaces/cmake/ament_cmake_export_include_directories-extras.cmake
[7.095s] -- Symlinking: /home/me597/ros2/sim_ws/install/task_2_interfaces/share/task_2_interfaces/cmake/ament_cmake_export_libraries-extras.cmake
[7.096s] -- Symlinking: /home/me597/ros2/sim_ws/install/task_2_interfaces/share/task_2_interfaces/cmake/ament_cmake_export_targets-extras.cmake
[7.101s] -- Symlinking: /home/me597/ros2/sim_ws/install/task_2_interfaces/share/task_2_interfaces/cmake/rosidl_cmake_export_typesupport_targets-extras.cmake
[7.106s] -- Symlinking: /home/me597/ros2/sim_ws/install/task_2_interfaces/share/task_2_interfaces/cmake/rosidl_cmake_export_typesupport_libraries-extras.cmake
[7.112s] -- Symlinking: /home/me597/ros2/sim_ws/install/task_2_interfaces/share/task_2_interfaces/cmake/task_2_interfacesConfig.cmake
[7.116s] -- Symlinking: /home/me597/ros2/sim_ws/install/task_2_interfaces/share/task_2_interfaces/cmake/task_2_interfacesConfig-version.cmake
[7.121s] -- Symlinking: /home/me597/ros2/sim_ws/install/task_2_interfaces/share/task_2_interfaces/package.xml
[7.127s] -- Installing: /home/me597/ros2/sim_ws/install/task_2_interfaces/lib/libtask_2_interfaces__rosidl_generator_c.so
[7.127s] -- Set runtime path of "/home/me597/ros2/sim_ws/install/task_2_interfaces/lib/libtask_2_interfaces__rosidl_generator_c.so" to ""
[7.127s] -- Installing: /home/me597/ros2/sim_ws/install/task_2_interfaces/lib/libtask_2_interfaces__rosidl_typesupport_fastrtps_c.so
[7.127s] -- Set runtime path of "/home/me597/ros2/sim_ws/install/task_2_interfaces/lib/libtask_2_interfaces__rosidl_typesupport_fastrtps_c.so" to ""
[7.128s] -- Installing: /home/me597/ros2/sim_ws/install/task_2_interfaces/lib/libtask_2_interfaces__rosidl_typesupport_fastrtps_cpp.so
[7.128s] -- Set runtime path of "/home/me597/ros2/sim_ws/install/task_2_interfaces/lib/libtask_2_interfaces__rosidl_typesupport_fastrtps_cpp.so" to ""
[7.128s] -- Installing: /home/me597/ros2/sim_ws/install/task_2_interfaces/lib/libtask_2_interfaces__rosidl_typesupport_introspection_c.so
[7.128s] -- Set runtime path of "/home/me597/ros2/sim_ws/install/task_2_interfaces/lib/libtask_2_interfaces__rosidl_typesupport_introspection_c.so" to ""
[7.128s] -- Installing: /home/me597/ros2/sim_ws/install/task_2_interfaces/lib/libtask_2_interfaces__rosidl_typesupport_c.so
[7.129s] -- Set runtime path of "/home/me597/ros2/sim_ws/install/task_2_interfaces/lib/libtask_2_interfaces__rosidl_typesupport_c.so" to ""
[7.129s] -- Installing: /home/me597/ros2/sim_ws/install/task_2_interfaces/lib/libtask_2_interfaces__rosidl_typesupport_introspection_cpp.so
[7.129s] -- Set runtime path of "/home/me597/ros2/sim_ws/install/task_2_interfaces/lib/libtask_2_interfaces__rosidl_typesupport_introspection_cpp.so" to ""
[7.129s] -- Installing: /home/me597/ros2/sim_ws/install/task_2_interfaces/lib/libtask_2_interfaces__rosidl_typesupport_cpp.so
[7.130s] -- Set runtime path of "/home/me597/ros2/sim_ws/install/task_2_interfaces/lib/libtask_2_interfaces__rosidl_typesupport_cpp.so" to ""
[7.155s] Listing '/home/me597/ros2/sim_ws/install/task_2_interfaces/local/lib/python3.10/dist-packages/task_2_interfaces'...
[7.155s] Compiling '/home/me597/ros2/sim_ws/install/task_2_interfaces/local/lib/python3.10/dist-packages/task_2_interfaces/__init__.py'...
[7.155s] Listing '/home/me597/ros2/sim_ws/install/task_2_interfaces/local/lib/python3.10/dist-packages/task_2_interfaces/msg'...
[7.155s] Compiling '/home/me597/ros2/sim_ws/install/task_2_interfaces/local/lib/python3.10/dist-packages/task_2_interfaces/msg/__init__.py'...
[7.155s] Compiling '/home/me597/ros2/sim_ws/install/task_2_interfaces/local/lib/python3.10/dist-packages/task_2_interfaces/msg/_joint_data.py'...
[7.155s] Listing '/home/me597/ros2/sim_ws/install/task_2_interfaces/local/lib/python3.10/dist-packages/task_2_interfaces/srv'...
[7.155s] Compiling '/home/me597/ros2/sim_ws/install/task_2_interfaces/local/lib/python3.10/dist-packages/task_2_interfaces/srv/__init__.py'...
[7.155s] Compiling '/home/me597/ros2/sim_ws/install/task_2_interfaces/local/lib/python3.10/dist-packages/task_2_interfaces/srv/_joint_state.py'...
[7.158s] -- Installing: /home/me597/ros2/sim_ws/install/task_2_interfaces/lib/libtask_2_interfaces__rosidl_generator_py.so
[7.162s] -- Set runtime path of "/home/me597/ros2/sim_ws/install/task_2_interfaces/lib/libtask_2_interfaces__rosidl_generator_py.so" to ""
[7.162s] -- Installing: /home/me597/ros2/sim_ws/install/task_2_interfaces/share/task_2_interfaces/cmake/export_task_2_interfaces__rosidl_generator_cExport.cmake
[7.162s] -- Installing: /home/me597/ros2/sim_ws/install/task_2_interfaces/share/task_2_interfaces/cmake/export_task_2_interfaces__rosidl_generator_cExport-noconfig.cmake
[7.162s] -- Installing: /home/me597/ros2/sim_ws/install/task_2_interfaces/share/task_2_interfaces/cmake/export_task_2_interfaces__rosidl_typesupport_fastrtps_cExport.cmake
[7.162s] -- Installing: /home/me597/ros2/sim_ws/install/task_2_interfaces/share/task_2_interfaces/cmake/export_task_2_interfaces__rosidl_typesupport_fastrtps_cExport-noconfig.cmake
[7.162s] -- Installing: /home/me597/ros2/sim_ws/install/task_2_interfaces/share/task_2_interfaces/cmake/export_task_2_interfaces__rosidl_generator_cppExport.cmake
[7.162s] -- Installing: /home/me597/ros2/sim_ws/install/task_2_interfaces/share/task_2_interfaces/cmake/export_task_2_interfaces__rosidl_typesupport_fastrtps_cppExport.cmake
[7.162s] -- Installing: /home/me597/ros2/sim_ws/install/task_2_interfaces/share/task_2_interfaces/cmake/export_task_2_interfaces__rosidl_typesupport_fastrtps_cppExport-noconfig.cmake
[7.162s] -- Installing: /home/me597/ros2/sim_ws/install/task_2_interfaces/share/task_2_interfaces/cmake/task_2_interfaces__rosidl_typesupport_introspection_cExport.cmake
[7.162s] -- Installing: /home/me597/ros2/sim_ws/install/task_2_interfaces/share/task_2_interfaces/cmake/task_2_interfaces__rosidl_typesupport_introspection_cExport-noconfig.cmake
[7.162s] -- Installing: /home/me597/ros2/sim_ws/install/task_2_interfaces/share/task_2_interfaces/cmake/task_2_interfaces__rosidl_typesupport_cExport.cmake
[7.162s] -- Installing: /home/me597/ros2/sim_ws/install/task_2_interfaces/share/task_2_interfaces/cmake/task_2_interfaces__rosidl_typesupport_cExport-noconfig.cmake
[7.162s] -- Installing: /home/me597/ros2/sim_ws/install/task_2_interfaces/share/task_2_interfaces/cmake/task_2_interfaces__rosidl_typesupport_introspection_cppExport.cmake
[7.162s] -- Installing: /home/me597/ros2/sim_ws/install/task_2_interfaces/share/task_2_interfaces/cmake/task_2_interfaces__rosidl_typesupport_introspection_cppExport-noconfig.cmake
[7.162s] -- Installing: /home/me597/ros2/sim_ws/install/task_2_interfaces/share/task_2_interfaces/cmake/task_2_interfaces__rosidl_typesupport_cppExport.cmake
[7.162s] -- Installing: /home/me597/ros2/sim_ws/install/task_2_interfaces/share/task_2_interfaces/cmake/task_2_interfaces__rosidl_typesupport_cppExport-noconfig.cmake
[7.163s] -- Installing: /home/me597/ros2/sim_ws/install/task_2_interfaces/share/task_2_interfaces/cmake/export_task_2_interfaces__rosidl_generator_pyExport.cmake
[7.163s] -- Installing: /home/me597/ros2/sim_ws/install/task_2_interfaces/share/task_2_interfaces/cmake/export_task_2_interfaces__rosidl_generator_pyExport-noconfig.cmake
[7.165s] Invoked command in '/home/me597/ros2/sim_ws/build/task_2_interfaces' returned '0': CMAKE_PREFIX_PATH=${CMAKE_PREFIX_PATH}:/home/me597/ros2/sim_ws/install/task_1:/home/me597/ros2/sim_ws/install/sim_utils:/home/me597/ros2/sim_ws/install/py_pubsub:/home/me597/ros2/sim_ws/install/my_package:/home/me597/ros2/sim_ws/src/ME597/install/task_1:/home/me597/ros2/sim_ws/src/ME597/install/py_pubsub:/home/me597/ros2/sim_ws/src/ME597/install/my_package:/opt/ros/humble /usr/bin/cmake --install /home/me597/ros2/sim_ws/build/task_2_interfaces
