[0.016s] Invoking command in '/home/me597/ros2/sim_ws/build/task_2_interfaces': CMAKE_PREFIX_PATH=/opt/ros/humble /usr/bin/cmake /home/me597/ros2/sim_ws/src/ME597/task_2_interfaces -DAMENT_CMAKE_SYMLINK_INSTALL=1 -DCMAKE_INSTALL_PREFIX=/home/me597/ros2/sim_ws/install/task_2_interfaces
[0.031s] -- Found ament_cmake: 1.3.10 (/opt/ros/humble/share/ament_cmake/cmake)
[0.140s] -- Override CMake install command with custom implementation using symlinks instead of copying resources
[0.141s] -- Found geometry_msgs: 4.2.4 (/opt/ros/humble/share/geometry_msgs/cmake)
[0.157s] -- Found rosidl_generator_c: 3.1.5 (/opt/ros/humble/share/rosidl_generator_c/cmake)
[0.159s] -- Found rosidl_adapter: 3.1.5 (/opt/ros/humble/share/rosidl_adapter/cmake)
[0.163s] -- Found rosidl_generator_cpp: 3.1.5 (/opt/ros/humble/share/rosidl_generator_cpp/cmake)
[0.170s] -- Using all available rosidl_typesupport_c: rosidl_typesupport_fastrtps_c;rosidl_typesupport_introspection_c
[0.177s] -- Using all available rosidl_typesupport_cpp: rosidl_typesupport_fastrtps_cpp;rosidl_typesupport_introspection_cpp
[0.201s] -- Found rosidl_default_generators: 1.2.0 (/opt/ros/humble/share/rosidl_default_generators/cmake)
[0.546s] -- Found ament_cmake_ros: 0.10.0 (/opt/ros/humble/share/ament_cmake_ros/cmake)
[1.144s] -- Using all available rosidl_typesupport_c: rosidl_typesupport_fastrtps_c;rosidl_typesupport_introspection_c
[1.323s] -- Using all available rosidl_typesupport_cpp: rosidl_typesupport_fastrtps_cpp;rosidl_typesupport_introspection_cpp
[1.343s] -- Found python_cmake_module: 0.10.0 (/opt/ros/humble/share/python_cmake_module/cmake)
[1.366s] -- Using PYTHON_EXECUTABLE: /usr/bin/python3
[1.367s] -- Using PYTHON_INCLUDE_DIRS: /usr/include/python3.10
[1.367s] -- Using PYTHON_LIBRARIES: /usr/lib/x86_64-linux-gnu/libpython3.10.so
[1.432s] -- Found ament_lint_auto: 0.12.11 (/opt/ros/humble/share/ament_lint_auto/cmake)
[1.443s] -- Added test 'lint_cmake' to check CMake code style
[1.445s] -- Added test 'xmllint' to check XML markup files
[1.452s] -- Configuring done
[1.522s] -- Generating done
[1.546s] -- Build files have been written to: /home/me597/ros2/sim_ws/build/task_2_interfaces
[1.549s] Invoked command in '/home/me597/ros2/sim_ws/build/task_2_interfaces' returned '0': CMAKE_PREFIX_PATH=/opt/ros/humble /usr/bin/cmake /home/me597/ros2/sim_ws/src/ME597/task_2_interfaces -DAMENT_CMAKE_SYMLINK_INSTALL=1 -DCMAKE_INSTALL_PREFIX=/home/me597/ros2/sim_ws/install/task_2_interfaces
[1.561s] Invoking command in '/home/me597/ros2/sim_ws/build/task_2_interfaces': CMAKE_PREFIX_PATH=/opt/ros/humble /usr/bin/cmake --build /home/me597/ros2/sim_ws/build/task_2_interfaces -- -j2 -l2
[1.647s] [35m[1mConsolidate compiler generated dependencies of target task_2_interfaces__rosidl_generator_c[0m
[1.669s] [  2%] Built target task_2_interfaces__cpp
[1.689s] [ 12%] Built target task_2_interfaces__rosidl_generator_c
[1.719s] [35m[1mConsolidate compiler generated dependencies of target task_2_interfaces__rosidl_typesupport_cpp[0m
[1.719s] [ 12%] Built target ament_cmake_python_symlink_task_2_interfaces
[1.739s] [35m[1mConsolidate compiler generated dependencies of target task_2_interfaces__rosidl_typesupport_fastrtps_c[0m
[1.750s] [ 23%] Built target task_2_interfaces__rosidl_typesupport_cpp
[1.761s] [ 33%] Built target task_2_interfaces__rosidl_typesupport_fastrtps_c
[1.777s] [35m[1mConsolidate compiler generated dependencies of target task_2_interfaces__rosidl_typesupport_introspection_c[0m
[1.785s] [35m[1mConsolidate compiler generated dependencies of target task_2_interfaces__rosidl_typesupport_fastrtps_cpp[0m
[1.794s] [ 43%] Built target task_2_interfaces__rosidl_typesupport_introspection_c
[1.817s] [ 53%] Built target task_2_interfaces__rosidl_typesupport_fastrtps_cpp
[1.817s] [35m[1mConsolidate compiler generated dependencies of target task_2_interfaces__rosidl_typesupport_c[0m
[1.836s] [35m[1mConsolidate compiler generated dependencies of target task_2_interfaces__rosidl_typesupport_introspection_cpp[0m
[1.850s] [ 64%] Built target task_2_interfaces__rosidl_typesupport_c
[1.871s] [ 74%] Built target task_2_interfaces__rosidl_typesupport_introspection_cpp
[1.962s] [ 74%] Built target task_2_interfaces
[1.997s] [ 76%] Built target task_2_interfaces__py
[2.025s] [35m[1mConsolidate compiler generated dependencies of target task_2_interfaces__rosidl_generator_py[0m
[2.041s] [ 84%] Built target task_2_interfaces__rosidl_generator_py
[2.055s] [35m[1mConsolidate compiler generated dependencies of target task_2_interfaces__rosidl_typesupport_fastrtps_c__pyext[0m
[2.071s] [ 89%] Built target task_2_interfaces__rosidl_typesupport_fastrtps_c__pyext
[2.087s] [35m[1mConsolidate compiler generated dependencies of target task_2_interfaces__rosidl_typesupport_introspection_c__pyext[0m
[2.120s] [ 94%] Built target task_2_interfaces__rosidl_typesupport_introspection_c__pyext
[2.142s] [35m[1mConsolidate compiler generated dependencies of target task_2_interfaces__rosidl_typesupport_c__pyext[0m
[2.199s] [100%] Built target task_2_interfaces__rosidl_typesupport_c__pyext
[2.263s] running egg_info
[2.271s] writing task_2_interfaces.egg-info/PKG-INFO
[2.271s] writing dependency_links to task_2_interfaces.egg-info/dependency_links.txt
[2.278s] writing top-level names to task_2_interfaces.egg-info/top_level.txt
[2.279s] reading manifest file 'task_2_interfaces.egg-info/SOURCES.txt'
[2.280s] writing manifest file 'task_2_interfaces.egg-info/SOURCES.txt'
[2.327s] [100%] Built target ament_cmake_python_build_task_2_interfaces_egg
[2.560s] Invoked command in '/home/me597/ros2/sim_ws/build/task_2_interfaces' returned '0': CMAKE_PREFIX_PATH=/opt/ros/humble /usr/bin/cmake --build /home/me597/ros2/sim_ws/build/task_2_interfaces -- -j2 -l2
[2.851s] Invoking command in '/home/me597/ros2/sim_ws/build/task_2_interfaces': CMAKE_PREFIX_PATH=/opt/ros/humble /usr/bin/cmake --install /home/me597/ros2/sim_ws/build/task_2_interfaces
[2.865s] -- Install configuration: ""
[2.865s] -- Execute custom install script
[2.865s] -- Up-to-date symlink: /home/me597/ros2/sim_ws/install/task_2_interfaces/share/ament_index/resource_index/rosidl_interfaces/task_2_interfaces
[2.865s] -- Up-to-date symlink: /home/me597/ros2/sim_ws/install/task_2_interfaces/include/task_2_interfaces/task_2_interfaces/msg/detail/joint_data__functions.h
[2.865s] -- Up-to-date symlink: /home/me597/ros2/sim_ws/install/task_2_interfaces/include/task_2_interfaces/task_2_interfaces/msg/detail/joint_data__struct.h
[2.865s] -- Up-to-date symlink: /home/me597/ros2/sim_ws/install/task_2_interfaces/include/task_2_interfaces/task_2_interfaces/msg/detail/joint_data__type_support.h
[2.865s] -- Up-to-date symlink: /home/me597/ros2/sim_ws/install/task_2_interfaces/include/task_2_interfaces/task_2_interfaces/msg/joint_data.h
[2.865s] -- Up-to-date symlink: /home/me597/ros2/sim_ws/install/task_2_interfaces/include/task_2_interfaces/task_2_interfaces/msg/rosidl_generator_c__visibility_control.h
[2.865s] -- Up-to-date symlink: /home/me597/ros2/sim_ws/install/task_2_interfaces/include/task_2_interfaces/task_2_interfaces/srv/detail/joint_state__functions.h
[2.865s] -- Up-to-date symlink: /home/me597/ros2/sim_ws/install/task_2_interfaces/include/task_2_interfaces/task_2_interfaces/srv/detail/joint_state__struct.h
[2.865s] -- Up-to-date symlink: /home/me597/ros2/sim_ws/install/task_2_interfaces/include/task_2_interfaces/task_2_interfaces/srv/detail/joint_state__type_support.h
[2.865s] -- Up-to-date symlink: /home/me597/ros2/sim_ws/install/task_2_interfaces/include/task_2_interfaces/task_2_interfaces/srv/joint_state.h
[2.866s] -- Up-to-date symlink: /home/me597/ros2/sim_ws/install/task_2_interfaces/share/task_2_interfaces/environment/library_path.sh
[2.866s] -- Up-to-date symlink: /home/me597/ros2/sim_ws/install/task_2_interfaces/share/task_2_interfaces/environment/library_path.dsv
[2.866s] -- Up-to-date symlink: /home/me597/ros2/sim_ws/install/task_2_interfaces/include/task_2_interfaces/task_2_interfaces/msg/detail/joint_data__rosidl_typesupport_fastrtps_c.h
[2.866s] -- Up-to-date symlink: /home/me597/ros2/sim_ws/install/task_2_interfaces/include/task_2_interfaces/task_2_interfaces/msg/rosidl_typesupport_fastrtps_c__visibility_control.h
[2.866s] -- Up-to-date symlink: /home/me597/ros2/sim_ws/install/task_2_interfaces/include/task_2_interfaces/task_2_interfaces/srv/detail/joint_state__rosidl_typesupport_fastrtps_c.h
[2.866s] -- Up-to-date symlink: /home/me597/ros2/sim_ws/install/task_2_interfaces/include/task_2_interfaces/task_2_interfaces/msg/detail/joint_data__builder.hpp
[2.866s] -- Up-to-date symlink: /home/me597/ros2/sim_ws/install/task_2_interfaces/include/task_2_interfaces/task_2_interfaces/msg/detail/joint_data__struct.hpp
[2.866s] -- Up-to-date symlink: /home/me597/ros2/sim_ws/install/task_2_interfaces/include/task_2_interfaces/task_2_interfaces/msg/detail/joint_data__traits.hpp
[2.867s] -- Up-to-date symlink: /home/me597/ros2/sim_ws/install/task_2_interfaces/include/task_2_interfaces/task_2_interfaces/msg/joint_data.hpp
[2.867s] -- Up-to-date symlink: /home/me597/ros2/sim_ws/install/task_2_interfaces/include/task_2_interfaces/task_2_interfaces/srv/detail/joint_state__builder.hpp
[2.868s] -- Up-to-date symlink: /home/me597/ros2/sim_ws/install/task_2_interfaces/include/task_2_interfaces/task_2_interfaces/srv/detail/joint_state__struct.hpp
[2.868s] -- Up-to-date symlink: /home/me597/ros2/sim_ws/install/task_2_interfaces/include/task_2_interfaces/task_2_interfaces/srv/detail/joint_state__traits.hpp
[2.868s] -- Up-to-date symlink: /home/me597/ros2/sim_ws/install/task_2_interfaces/include/task_2_interfaces/task_2_interfaces/srv/joint_state.hpp
[2.873s] -- Up-to-date symlink: /home/me597/ros2/sim_ws/install/task_2_interfaces/include/task_2_interfaces/task_2_interfaces/msg/detail/joint_data__rosidl_typesupport_fastrtps_cpp.hpp
[2.873s] -- Up-to-date symlink: /home/me597/ros2/sim_ws/install/task_2_interfaces/include/task_2_interfaces/task_2_interfaces/msg/rosidl_typesupport_fastrtps_cpp__visibility_control.h
[2.873s] -- Up-to-date symlink: /home/me597/ros2/sim_ws/install/task_2_interfaces/include/task_2_interfaces/task_2_interfaces/srv/detail/joint_state__rosidl_typesupport_fastrtps_cpp.hpp
[2.873s] -- Up-to-date symlink: /home/me597/ros2/sim_ws/install/task_2_interfaces/include/task_2_interfaces/task_2_interfaces/msg/detail/joint_data__rosidl_typesupport_introspection_c.h
[2.873s] -- Up-to-date symlink: /home/me597/ros2/sim_ws/install/task_2_interfaces/include/task_2_interfaces/task_2_interfaces/msg/rosidl_typesupport_introspection_c__visibility_control.h
[2.873s] -- Up-to-date symlink: /home/me597/ros2/sim_ws/install/task_2_interfaces/include/task_2_interfaces/task_2_interfaces/srv/detail/joint_state__rosidl_typesupport_introspection_c.h
[2.873s] -- Up-to-date symlink: /home/me597/ros2/sim_ws/install/task_2_interfaces/include/task_2_interfaces/task_2_interfaces/msg/detail/joint_data__rosidl_typesupport_introspection_cpp.hpp
[2.873s] -- Up-to-date symlink: /home/me597/ros2/sim_ws/install/task_2_interfaces/include/task_2_interfaces/task_2_interfaces/srv/detail/joint_state__rosidl_typesupport_introspection_cpp.hpp
[2.873s] -- Up-to-date symlink: /home/me597/ros2/sim_ws/install/task_2_interfaces/share/task_2_interfaces/environment/pythonpath.sh
[2.873s] -- Up-to-date symlink: /home/me597/ros2/sim_ws/install/task_2_interfaces/share/task_2_interfaces/environment/pythonpath.dsv
[2.873s] -- Up-to-date symlink: /home/me597/ros2/sim_ws/install/task_2_interfaces/local/lib/python3.10/dist-packages/task_2_interfaces-0.0.0-py3.10.egg-info/PKG-INFO
[2.873s] -- Up-to-date symlink: /home/me597/ros2/sim_ws/install/task_2_interfaces/local/lib/python3.10/dist-packages/task_2_interfaces-0.0.0-py3.10.egg-info/SOURCES.txt
[2.873s] -- Up-to-date symlink: /home/me597/ros2/sim_ws/install/task_2_interfaces/local/lib/python3.10/dist-packages/task_2_interfaces-0.0.0-py3.10.egg-info/dependency_links.txt
[2.873s] -- Up-to-date symlink: /home/me597/ros2/sim_ws/install/task_2_interfaces/local/lib/python3.10/dist-packages/task_2_interfaces-0.0.0-py3.10.egg-info/top_level.txt
[2.877s] -- Up-to-date symlink: /home/me597/ros2/sim_ws/install/task_2_interfaces/local/lib/python3.10/dist-packages/task_2_interfaces/__init__.py
[2.877s] -- Up-to-date symlink: /home/me597/ros2/sim_ws/install/task_2_interfaces/local/lib/python3.10/dist-packages/task_2_interfaces/_task_2_interfaces_s.ep.rosidl_typesupport_c.c
[2.877s] -- Up-to-date symlink: /home/me597/ros2/sim_ws/install/task_2_interfaces/local/lib/python3.10/dist-packages/task_2_interfaces/_task_2_interfaces_s.ep.rosidl_typesupport_fastrtps_c.c
[2.877s] -- Up-to-date symlink: /home/me597/ros2/sim_ws/install/task_2_interfaces/local/lib/python3.10/dist-packages/task_2_interfaces/_task_2_interfaces_s.ep.rosidl_typesupport_introspection_c.c
[2.877s] -- Up-to-date symlink: /home/me597/ros2/sim_ws/install/task_2_interfaces/local/lib/python3.10/dist-packages/task_2_interfaces/libtask_2_interfaces__rosidl_generator_py.so
[2.877s] -- Up-to-date symlink: /home/me597/ros2/sim_ws/install/task_2_interfaces/local/lib/python3.10/dist-packages/task_2_interfaces/msg/__init__.py
[2.877s] -- Up-to-date symlink: /home/me597/ros2/sim_ws/install/task_2_interfaces/local/lib/python3.10/dist-packages/task_2_interfaces/msg/_joint_data.py
[2.877s] -- Up-to-date symlink: /home/me597/ros2/sim_ws/install/task_2_interfaces/local/lib/python3.10/dist-packages/task_2_interfaces/msg/_joint_data_s.c
[2.877s] -- Up-to-date symlink: /home/me597/ros2/sim_ws/install/task_2_interfaces/local/lib/python3.10/dist-packages/task_2_interfaces/srv/__init__.py
[2.877s] -- Up-to-date symlink: /home/me597/ros2/sim_ws/install/task_2_interfaces/local/lib/python3.10/dist-packages/task_2_interfaces/srv/_joint_state.py
[2.877s] -- Up-to-date symlink: /home/me597/ros2/sim_ws/install/task_2_interfaces/local/lib/python3.10/dist-packages/task_2_interfaces/srv/_joint_state_s.c
[2.877s] -- Up-to-date symlink: /home/me597/ros2/sim_ws/install/task_2_interfaces/local/lib/python3.10/dist-packages/task_2_interfaces/task_2_interfaces_s__rosidl_typesupport_c.cpython-310-x86_64-linux-gnu.so
[2.877s] -- Up-to-date symlink: /home/me597/ros2/sim_ws/install/task_2_interfaces/local/lib/python3.10/dist-packages/task_2_interfaces/task_2_interfaces_s__rosidl_typesupport_fastrtps_c.cpython-310-x86_64-linux-gnu.so
[2.877s] -- Up-to-date symlink: /home/me597/ros2/sim_ws/install/task_2_interfaces/local/lib/python3.10/dist-packages/task_2_interfaces/task_2_interfaces_s__rosidl_typesupport_introspection_c.cpython-310-x86_64-linux-gnu.so
[2.877s] -- Up-to-date symlink: /home/me597/ros2/sim_ws/install/task_2_interfaces/local/lib/python3.10/dist-packages/task_2_interfaces/task_2_interfaces_s__rosidl_typesupport_fastrtps_c.cpython-310-x86_64-linux-gnu.so
[2.877s] -- Up-to-date symlink: /home/me597/ros2/sim_ws/install/task_2_interfaces/local/lib/python3.10/dist-packages/task_2_interfaces/task_2_interfaces_s__rosidl_typesupport_introspection_c.cpython-310-x86_64-linux-gnu.so
[2.877s] -- Up-to-date symlink: /home/me597/ros2/sim_ws/install/task_2_interfaces/local/lib/python3.10/dist-packages/task_2_interfaces/task_2_interfaces_s__rosidl_typesupport_c.cpython-310-x86_64-linux-gnu.so
[2.877s] -- Up-to-date symlink: /home/me597/ros2/sim_ws/install/task_2_interfaces/share/task_2_interfaces/msg/JointData.idl
[2.877s] -- Up-to-date symlink: /home/me597/ros2/sim_ws/install/task_2_interfaces/share/task_2_interfaces/srv/JointState.idl
[2.877s] -- Up-to-date symlink: /home/me597/ros2/sim_ws/install/task_2_interfaces/share/task_2_interfaces/msg/JointData.msg
[2.877s] -- Up-to-date symlink: /home/me597/ros2/sim_ws/install/task_2_interfaces/share/task_2_interfaces/srv/JointState.srv
[2.877s] -- Up-to-date symlink: /home/me597/ros2/sim_ws/install/task_2_interfaces/share/task_2_interfaces/srv/JointState_Request.msg
[2.877s] -- Up-to-date symlink: /home/me597/ros2/sim_ws/install/task_2_interfaces/share/task_2_interfaces/srv/JointState_Response.msg
[2.877s] -- Up-to-date symlink: /home/me597/ros2/sim_ws/install/task_2_interfaces/share/ament_index/resource_index/package_run_dependencies/task_2_interfaces
[2.877s] -- Up-to-date symlink: /home/me597/ros2/sim_ws/install/task_2_interfaces/share/ament_index/resource_index/parent_prefix_path/task_2_interfaces
[2.877s] -- Up-to-date symlink: /home/me597/ros2/sim_ws/install/task_2_interfaces/share/task_2_interfaces/environment/ament_prefix_path.sh
[2.890s] -- Up-to-date symlink: /home/me597/ros2/sim_ws/install/task_2_interfaces/share/task_2_interfaces/environment/ament_prefix_path.dsv
[2.890s] -- Up-to-date symlink: /home/me597/ros2/sim_ws/install/task_2_interfaces/share/task_2_interfaces/environment/path.sh
[2.890s] -- Up-to-date symlink: /home/me597/ros2/sim_ws/install/task_2_interfaces/share/task_2_interfaces/environment/path.dsv
[2.891s] -- Up-to-date symlink: /home/me597/ros2/sim_ws/install/task_2_interfaces/share/task_2_interfaces/local_setup.bash
[2.891s] -- Up-to-date symlink: /home/me597/ros2/sim_ws/install/task_2_interfaces/share/task_2_interfaces/local_setup.sh
[2.891s] -- Up-to-date symlink: /home/me597/ros2/sim_ws/install/task_2_interfaces/share/task_2_interfaces/local_setup.zsh
[2.891s] -- Up-to-date symlink: /home/me597/ros2/sim_ws/install/task_2_interfaces/share/task_2_interfaces/local_setup.dsv
[2.891s] -- Symlinking: /home/me597/ros2/sim_ws/install/task_2_interfaces/share/task_2_interfaces/package.dsv
[2.891s] -- Up-to-date symlink: /home/me597/ros2/sim_ws/install/task_2_interfaces/share/ament_index/resource_index/packages/task_2_interfaces
[2.891s] -- Up-to-date symlink: /home/me597/ros2/sim_ws/install/task_2_interfaces/share/task_2_interfaces/cmake/rosidl_cmake-extras.cmake
[2.891s] -- Up-to-date symlink: /home/me597/ros2/sim_ws/install/task_2_interfaces/share/task_2_interfaces/cmake/ament_cmake_export_dependencies-extras.cmake
[2.891s] -- Up-to-date symlink: /home/me597/ros2/sim_ws/install/task_2_interfaces/share/task_2_interfaces/cmake/ament_cmake_export_include_directories-extras.cmake
[2.891s] -- Up-to-date symlink: /home/me597/ros2/sim_ws/install/task_2_interfaces/share/task_2_interfaces/cmake/ament_cmake_export_libraries-extras.cmake
[2.891s] -- Up-to-date symlink: /home/me597/ros2/sim_ws/install/task_2_interfaces/share/task_2_interfaces/cmake/ament_cmake_export_targets-extras.cmake
[2.891s] -- Up-to-date symlink: /home/me597/ros2/sim_ws/install/task_2_interfaces/share/task_2_interfaces/cmake/rosidl_cmake_export_typesupport_targets-extras.cmake
[2.891s] -- Up-to-date symlink: /home/me597/ros2/sim_ws/install/task_2_interfaces/share/task_2_interfaces/cmake/rosidl_cmake_export_typesupport_libraries-extras.cmake
[2.893s] -- Up-to-date symlink: /home/me597/ros2/sim_ws/install/task_2_interfaces/share/task_2_interfaces/cmake/task_2_interfacesConfig.cmake
[2.894s] -- Up-to-date symlink: /home/me597/ros2/sim_ws/install/task_2_interfaces/share/task_2_interfaces/cmake/task_2_interfacesConfig-version.cmake
[2.894s] -- Up-to-date symlink: /home/me597/ros2/sim_ws/install/task_2_interfaces/share/task_2_interfaces/package.xml
[2.894s] -- Up-to-date: /home/me597/ros2/sim_ws/install/task_2_interfaces/lib/libtask_2_interfaces__rosidl_generator_c.so
[2.894s] -- Up-to-date: /home/me597/ros2/sim_ws/install/task_2_interfaces/lib/libtask_2_interfaces__rosidl_typesupport_fastrtps_c.so
[2.894s] -- Up-to-date: /home/me597/ros2/sim_ws/install/task_2_interfaces/lib/libtask_2_interfaces__rosidl_typesupport_fastrtps_cpp.so
[2.894s] -- Up-to-date: /home/me597/ros2/sim_ws/install/task_2_interfaces/lib/libtask_2_interfaces__rosidl_typesupport_introspection_c.so
[2.894s] -- Up-to-date: /home/me597/ros2/sim_ws/install/task_2_interfaces/lib/libtask_2_interfaces__rosidl_typesupport_c.so
[2.894s] -- Up-to-date: /home/me597/ros2/sim_ws/install/task_2_interfaces/lib/libtask_2_interfaces__rosidl_typesupport_introspection_cpp.so
[2.894s] -- Up-to-date: /home/me597/ros2/sim_ws/install/task_2_interfaces/lib/libtask_2_interfaces__rosidl_typesupport_cpp.so
[2.972s] Listing '/home/me597/ros2/sim_ws/install/task_2_interfaces/local/lib/python3.10/dist-packages/task_2_interfaces'...
[2.972s] Compiling '/home/me597/ros2/sim_ws/install/task_2_interfaces/local/lib/python3.10/dist-packages/task_2_interfaces/__init__.py'...
[2.972s] Listing '/home/me597/ros2/sim_ws/install/task_2_interfaces/local/lib/python3.10/dist-packages/task_2_interfaces/msg'...
[2.972s] Listing '/home/me597/ros2/sim_ws/install/task_2_interfaces/local/lib/python3.10/dist-packages/task_2_interfaces/srv'...
[2.972s] -- Up-to-date: /home/me597/ros2/sim_ws/install/task_2_interfaces/lib/libtask_2_interfaces__rosidl_generator_py.so
[2.972s] -- Up-to-date: /home/me597/ros2/sim_ws/install/task_2_interfaces/share/task_2_interfaces/cmake/export_task_2_interfaces__rosidl_generator_cExport.cmake
[2.972s] -- Up-to-date: /home/me597/ros2/sim_ws/install/task_2_interfaces/share/task_2_interfaces/cmake/export_task_2_interfaces__rosidl_generator_cExport-noconfig.cmake
[2.972s] -- Up-to-date: /home/me597/ros2/sim_ws/install/task_2_interfaces/share/task_2_interfaces/cmake/export_task_2_interfaces__rosidl_typesupport_fastrtps_cExport.cmake
[2.972s] -- Up-to-date: /home/me597/ros2/sim_ws/install/task_2_interfaces/share/task_2_interfaces/cmake/export_task_2_interfaces__rosidl_typesupport_fastrtps_cExport-noconfig.cmake
[2.972s] -- Up-to-date: /home/me597/ros2/sim_ws/install/task_2_interfaces/share/task_2_interfaces/cmake/export_task_2_interfaces__rosidl_generator_cppExport.cmake
[2.972s] -- Up-to-date: /home/me597/ros2/sim_ws/install/task_2_interfaces/share/task_2_interfaces/cmake/export_task_2_interfaces__rosidl_typesupport_fastrtps_cppExport.cmake
[2.972s] -- Up-to-date: /home/me597/ros2/sim_ws/install/task_2_interfaces/share/task_2_interfaces/cmake/export_task_2_interfaces__rosidl_typesupport_fastrtps_cppExport-noconfig.cmake
[2.972s] -- Up-to-date: /home/me597/ros2/sim_ws/install/task_2_interfaces/share/task_2_interfaces/cmake/task_2_interfaces__rosidl_typesupport_introspection_cExport.cmake
[2.972s] -- Up-to-date: /home/me597/ros2/sim_ws/install/task_2_interfaces/share/task_2_interfaces/cmake/task_2_interfaces__rosidl_typesupport_introspection_cExport-noconfig.cmake
[2.973s] -- Up-to-date: /home/me597/ros2/sim_ws/install/task_2_interfaces/share/task_2_interfaces/cmake/task_2_interfaces__rosidl_typesupport_cExport.cmake
[2.973s] -- Up-to-date: /home/me597/ros2/sim_ws/install/task_2_interfaces/share/task_2_interfaces/cmake/task_2_interfaces__rosidl_typesupport_cExport-noconfig.cmake
[2.973s] -- Up-to-date: /home/me597/ros2/sim_ws/install/task_2_interfaces/share/task_2_interfaces/cmake/task_2_interfaces__rosidl_typesupport_introspection_cppExport.cmake
[2.973s] -- Up-to-date: /home/me597/ros2/sim_ws/install/task_2_interfaces/share/task_2_interfaces/cmake/task_2_interfaces__rosidl_typesupport_introspection_cppExport-noconfig.cmake
[2.973s] -- Up-to-date: /home/me597/ros2/sim_ws/install/task_2_interfaces/share/task_2_interfaces/cmake/task_2_interfaces__rosidl_typesupport_cppExport.cmake
[2.973s] -- Up-to-date: /home/me597/ros2/sim_ws/install/task_2_interfaces/share/task_2_interfaces/cmake/task_2_interfaces__rosidl_typesupport_cppExport-noconfig.cmake
[2.973s] -- Up-to-date: /home/me597/ros2/sim_ws/install/task_2_interfaces/share/task_2_interfaces/cmake/export_task_2_interfaces__rosidl_generator_pyExport.cmake
[2.973s] -- Up-to-date: /home/me597/ros2/sim_ws/install/task_2_interfaces/share/task_2_interfaces/cmake/export_task_2_interfaces__rosidl_generator_pyExport-noconfig.cmake
[2.975s] Invoked command in '/home/me597/ros2/sim_ws/build/task_2_interfaces' returned '0': CMAKE_PREFIX_PATH=/opt/ros/humble /usr/bin/cmake --install /home/me597/ros2/sim_ws/build/task_2_interfaces
