[0.406s] Invoking command in '/home/me597/ros2/sim_ws/build/task_2': AMENT_PREFIX_PATH=/home/me597/ros2/sim_ws/install/task_2_interfaces:${AMENT_PREFIX_PATH} CMAKE_PREFIX_PATH=/home/me597/ros2/sim_ws/install/task_2_interfaces LD_LIBRARY_PATH=/home/me597/ros2/sim_ws/install/task_2_interfaces/lib:${LD_LIBRARY_PATH} PYTHONPATH=/home/me597/ros2/sim_ws/build/task_2/prefix_override:/usr/lib/python3/dist-packages/colcon_core/task/python/colcon_distutils_commands:/home/me597/ros2/sim_ws/install/task_2/lib/python3.10/site-packages:/home/me597/ros2/sim_ws/install/task_2_interfaces/local/lib/python3.10/dist-packages:${PYTHONPATH} /usr/bin/python3 -W ignore:setup.py install is deprecated setup.py develop --editable --build-directory /home/me597/ros2/sim_ws/build/task_2/build --no-deps symlink_data
[0.563s] /usr/lib/python3/dist-packages/setuptools/command/easy_install.py:158: EasyInstallDeprecationWarning: easy_install command is deprecated. Use build and pip and other standards-based tools.
[0.563s]   warnings.warn(
[0.563s] running develop
[0.667s] running egg_info
[0.668s] writing task_2.egg-info/PKG-INFO
[0.668s] writing dependency_links to task_2.egg-info/dependency_links.txt
[0.668s] writing entry points to task_2.egg-info/entry_points.txt
[0.669s] writing requirements to task_2.egg-info/requires.txt
[0.669s] writing top-level names to task_2.egg-info/top_level.txt
[0.670s] reading manifest file 'task_2.egg-info/SOURCES.txt'
[0.670s] writing manifest file 'task_2.egg-info/SOURCES.txt'
[0.674s] running build_ext
[0.675s] Creating /home/me597/ros2/sim_ws/install/task_2/lib/python3.10/site-packages/task-2.egg-link (link to .)
[0.676s] Installing client script to /home/me597/ros2/sim_ws/install/task_2/lib/task_2
[0.676s] Installing service script to /home/me597/ros2/sim_ws/install/task_2/lib/task_2
[0.676s] Installing talker script to /home/me597/ros2/sim_ws/install/task_2/lib/task_2
[0.676s] 
[0.676s] Installed /home/me597/ros2/sim_ws/build/task_2
[0.676s] running symlink_data
[0.697s] Invoked command in '/home/me597/ros2/sim_ws/build/task_2' returned '0': AMENT_PREFIX_PATH=/home/me597/ros2/sim_ws/install/task_2_interfaces:${AMENT_PREFIX_PATH} CMAKE_PREFIX_PATH=/home/me597/ros2/sim_ws/install/task_2_interfaces LD_LIBRARY_PATH=/home/me597/ros2/sim_ws/install/task_2_interfaces/lib:${LD_LIBRARY_PATH} PYTHONPATH=/home/me597/ros2/sim_ws/build/task_2/prefix_override:/usr/lib/python3/dist-packages/colcon_core/task/python/colcon_distutils_commands:/home/me597/ros2/sim_ws/install/task_2/lib/python3.10/site-packages:/home/me597/ros2/sim_ws/install/task_2_interfaces/local/lib/python3.10/dist-packages:${PYTHONPATH} /usr/bin/python3 -W ignore:setup.py install is deprecated setup.py develop --editable --build-directory /home/me597/ros2/sim_ws/build/task_2/build --no-deps symlink_data
