[0.063s] DEBUG:colcon:Command line arguments: ['/usr/bin/colcon', 'build']
[0.063s] DEBUG:colcon:Parsed command line arguments: Namespace(log_base=None, log_level=None, verb_name='build', build_base='build', install_base='install', merge_install=False, symlink_install=False, test_result_base=None, continue_on_error=False, executor='parallel', parallel_workers=2, event_handlers=None, ignore_user_meta=False, metas=['./colcon.meta'], base_paths=['.'], packages_ignore=None, packages_ignore_regex=None, paths=None, packages_up_to=None, packages_up_to_regex=None, packages_above=None, packages_above_and_dependencies=None, packages_above_depth=None, packages_select_by_dep=None, packages_skip_by_dep=None, packages_skip_up_to=None, packages_select_build_failed=False, packages_skip_build_finished=False, packages_select_test_failures=False, packages_skip_test_passed=False, packages_select=None, packages_skip=None, packages_select_regex=None, packages_skip_regex=None, packages_start=None, packages_end=None, allow_overriding=[], cmake_args=None, cmake_target=None, cmake_target_skip_unavailable=False, cmake_clean_cache=False, cmake_clean_first=False, cmake_force_configure=False, ament_cmake_args=None, catkin_cmake_args=None, catkin_skip_building_tests=False, mixin_files=None, mixin=None, verb_parser=<colcon_mixin.mixin.mixin_argument.MixinArgumentDecorator object at 0x704085a69330>, verb_extension=<colcon_core.verb.build.BuildVerb object at 0x704085b719f0>, main=<bound method BuildVerb.main of <colcon_core.verb.build.BuildVerb object at 0x704085b719f0>>, mixin_verb=('build',))
[0.154s] Level 1:colcon.colcon_core.package_discovery:discover_packages(colcon_meta) check parameters
[0.154s] Level 1:colcon.colcon_core.package_discovery:discover_packages(recursive) check parameters
[0.154s] Level 1:colcon.colcon_core.package_discovery:discover_packages(ignore) check parameters
[0.154s] Level 1:colcon.colcon_core.package_discovery:discover_packages(path) check parameters
[0.154s] Level 1:colcon.colcon_core.package_discovery:discover_packages(colcon_meta) discover
[0.154s] Level 1:colcon.colcon_core.package_discovery:discover_packages(recursive) discover
[0.154s] INFO:colcon.colcon_core.package_discovery:Crawling recursively for packages in '/home/me597/ros2/sim_ws/src/ME597'
[0.154s] Level 1:colcon.colcon_core.package_identification:_identify(.) by extensions ['ignore', 'ignore_ament_install']
[0.154s] Level 1:colcon.colcon_core.package_identification:_identify(.) by extension 'ignore'
[0.154s] Level 1:colcon.colcon_core.package_identification:_identify(.) by extension 'ignore_ament_install'
[0.154s] Level 1:colcon.colcon_core.package_identification:_identify(.) by extensions ['colcon_pkg']
[0.154s] Level 1:colcon.colcon_core.package_identification:_identify(.) by extension 'colcon_pkg'
[0.154s] Level 1:colcon.colcon_core.package_identification:_identify(.) by extensions ['colcon_meta']
[0.154s] Level 1:colcon.colcon_core.package_identification:_identify(.) by extension 'colcon_meta'
[0.154s] Level 1:colcon.colcon_core.package_identification:_identify(.) by extensions ['ros']
[0.154s] Level 1:colcon.colcon_core.package_identification:_identify(.) by extension 'ros'
[0.161s] Level 1:colcon.colcon_core.package_identification:_identify(.) by extensions ['cmake', 'python']
[0.161s] Level 1:colcon.colcon_core.package_identification:_identify(.) by extension 'cmake'
[0.161s] Level 1:colcon.colcon_core.package_identification:_identify(.) by extension 'python'
[0.161s] Level 1:colcon.colcon_core.package_identification:_identify(.) by extensions ['python_setup_py']
[0.161s] Level 1:colcon.colcon_core.package_identification:_identify(.) by extension 'python_setup_py'
[0.161s] Level 1:colcon.colcon_core.package_identification:_identify(bag_files) by extensions ['ignore', 'ignore_ament_install']
[0.162s] Level 1:colcon.colcon_core.package_identification:_identify(bag_files) by extension 'ignore'
[0.162s] Level 1:colcon.colcon_core.package_identification:_identify(bag_files) by extension 'ignore_ament_install'
[0.162s] Level 1:colcon.colcon_core.package_identification:_identify(bag_files) by extensions ['colcon_pkg']
[0.162s] Level 1:colcon.colcon_core.package_identification:_identify(bag_files) by extension 'colcon_pkg'
[0.162s] Level 1:colcon.colcon_core.package_identification:_identify(bag_files) by extensions ['colcon_meta']
[0.162s] Level 1:colcon.colcon_core.package_identification:_identify(bag_files) by extension 'colcon_meta'
[0.162s] Level 1:colcon.colcon_core.package_identification:_identify(bag_files) by extensions ['ros']
[0.162s] Level 1:colcon.colcon_core.package_identification:_identify(bag_files) by extension 'ros'
[0.162s] Level 1:colcon.colcon_core.package_identification:_identify(bag_files) by extensions ['cmake', 'python']
[0.162s] Level 1:colcon.colcon_core.package_identification:_identify(bag_files) by extension 'cmake'
[0.162s] Level 1:colcon.colcon_core.package_identification:_identify(bag_files) by extension 'python'
[0.162s] Level 1:colcon.colcon_core.package_identification:_identify(bag_files) by extensions ['python_setup_py']
[0.162s] Level 1:colcon.colcon_core.package_identification:_identify(bag_files) by extension 'python_setup_py'
[0.162s] Level 1:colcon.colcon_core.package_identification:_identify(bag_files/rosbag2_2026_09_11-03_34_44) by extensions ['ignore', 'ignore_ament_install']
[0.162s] Level 1:colcon.colcon_core.package_identification:_identify(bag_files/rosbag2_2026_09_11-03_34_44) by extension 'ignore'
[0.162s] Level 1:colcon.colcon_core.package_identification:_identify(bag_files/rosbag2_2026_09_11-03_34_44) by extension 'ignore_ament_install'
[0.162s] Level 1:colcon.colcon_core.package_identification:_identify(bag_files/rosbag2_2026_09_11-03_34_44) by extensions ['colcon_pkg']
[0.162s] Level 1:colcon.colcon_core.package_identification:_identify(bag_files/rosbag2_2026_09_11-03_34_44) by extension 'colcon_pkg'
[0.162s] Level 1:colcon.colcon_core.package_identification:_identify(bag_files/rosbag2_2026_09_11-03_34_44) by extensions ['colcon_meta']
[0.162s] Level 1:colcon.colcon_core.package_identification:_identify(bag_files/rosbag2_2026_09_11-03_34_44) by extension 'colcon_meta'
[0.162s] Level 1:colcon.colcon_core.package_identification:_identify(bag_files/rosbag2_2026_09_11-03_34_44) by extensions ['ros']
[0.162s] Level 1:colcon.colcon_core.package_identification:_identify(bag_files/rosbag2_2026_09_11-03_34_44) by extension 'ros'
[0.162s] Level 1:colcon.colcon_core.package_identification:_identify(bag_files/rosbag2_2026_09_11-03_34_44) by extensions ['cmake', 'python']
[0.162s] Level 1:colcon.colcon_core.package_identification:_identify(bag_files/rosbag2_2026_09_11-03_34_44) by extension 'cmake'
[0.162s] Level 1:colcon.colcon_core.package_identification:_identify(bag_files/rosbag2_2026_09_11-03_34_44) by extension 'python'
[0.162s] Level 1:colcon.colcon_core.package_identification:_identify(bag_files/rosbag2_2026_09_11-03_34_44) by extensions ['python_setup_py']
[0.162s] Level 1:colcon.colcon_core.package_identification:_identify(bag_files/rosbag2_2026_09_11-03_34_44) by extension 'python_setup_py'
[0.162s] Level 1:colcon.colcon_core.package_identification:_identify(bag_files/task_1) by extensions ['ignore', 'ignore_ament_install']
[0.162s] Level 1:colcon.colcon_core.package_identification:_identify(bag_files/task_1) by extension 'ignore'
[0.162s] Level 1:colcon.colcon_core.package_identification:_identify(bag_files/task_1) by extension 'ignore_ament_install'
[0.162s] Level 1:colcon.colcon_core.package_identification:_identify(bag_files/task_1) by extensions ['colcon_pkg']
[0.162s] Level 1:colcon.colcon_core.package_identification:_identify(bag_files/task_1) by extension 'colcon_pkg'
[0.162s] Level 1:colcon.colcon_core.package_identification:_identify(bag_files/task_1) by extensions ['colcon_meta']
[0.162s] Level 1:colcon.colcon_core.package_identification:_identify(bag_files/task_1) by extension 'colcon_meta'
[0.162s] Level 1:colcon.colcon_core.package_identification:_identify(bag_files/task_1) by extensions ['ros']
[0.162s] Level 1:colcon.colcon_core.package_identification:_identify(bag_files/task_1) by extension 'ros'
[0.162s] Level 1:colcon.colcon_core.package_identification:_identify(bag_files/task_1) by extensions ['cmake', 'python']
[0.162s] Level 1:colcon.colcon_core.package_identification:_identify(bag_files/task_1) by extension 'cmake'
[0.162s] Level 1:colcon.colcon_core.package_identification:_identify(bag_files/task_1) by extension 'python'
[0.162s] Level 1:colcon.colcon_core.package_identification:_identify(bag_files/task_1) by extensions ['python_setup_py']
[0.162s] Level 1:colcon.colcon_core.package_identification:_identify(bag_files/task_1) by extension 'python_setup_py'
[0.162s] Level 1:colcon.colcon_core.package_identification:_identify(bag_files/task_1/task_1_0) by extensions ['ignore', 'ignore_ament_install']
[0.163s] Level 1:colcon.colcon_core.package_identification:_identify(bag_files/task_1/task_1_0) by extension 'ignore'
[0.163s] Level 1:colcon.colcon_core.package_identification:_identify(bag_files/task_1/task_1_0) by extension 'ignore_ament_install'
[0.163s] Level 1:colcon.colcon_core.package_identification:_identify(bag_files/task_1/task_1_0) by extensions ['colcon_pkg']
[0.163s] Level 1:colcon.colcon_core.package_identification:_identify(bag_files/task_1/task_1_0) by extension 'colcon_pkg'
[0.163s] Level 1:colcon.colcon_core.package_identification:_identify(bag_files/task_1/task_1_0) by extensions ['colcon_meta']
[0.163s] Level 1:colcon.colcon_core.package_identification:_identify(bag_files/task_1/task_1_0) by extension 'colcon_meta'
[0.163s] Level 1:colcon.colcon_core.package_identification:_identify(bag_files/task_1/task_1_0) by extensions ['ros']
[0.163s] Level 1:colcon.colcon_core.package_identification:_identify(bag_files/task_1/task_1_0) by extension 'ros'
[0.163s] Level 1:colcon.colcon_core.package_identification:_identify(bag_files/task_1/task_1_0) by extensions ['cmake', 'python']
[0.163s] Level 1:colcon.colcon_core.package_identification:_identify(bag_files/task_1/task_1_0) by extension 'cmake'
[0.163s] Level 1:colcon.colcon_core.package_identification:_identify(bag_files/task_1/task_1_0) by extension 'python'
[0.163s] Level 1:colcon.colcon_core.package_identification:_identify(bag_files/task_1/task_1_0) by extensions ['python_setup_py']
[0.163s] Level 1:colcon.colcon_core.package_identification:_identify(bag_files/task_1/task_1_0) by extension 'python_setup_py'
[0.163s] Level 1:colcon.colcon_core.package_identification:_identify(build) by extensions ['ignore', 'ignore_ament_install']
[0.163s] Level 1:colcon.colcon_core.package_identification:_identify(build) by extension 'ignore'
[0.163s] Level 1:colcon.colcon_core.package_identification:_identify(build) ignored
[0.163s] Level 1:colcon.colcon_core.package_identification:_identify(install) by extensions ['ignore', 'ignore_ament_install']
[0.163s] Level 1:colcon.colcon_core.package_identification:_identify(install) by extension 'ignore'
[0.163s] Level 1:colcon.colcon_core.package_identification:_identify(install) ignored
[0.163s] Level 1:colcon.colcon_core.package_identification:_identify(log) by extensions ['ignore', 'ignore_ament_install']
[0.163s] Level 1:colcon.colcon_core.package_identification:_identify(log) by extension 'ignore'
[0.163s] Level 1:colcon.colcon_core.package_identification:_identify(log) ignored
[0.163s] Level 1:colcon.colcon_core.package_identification:_identify(my_package) by extensions ['ignore', 'ignore_ament_install']
[0.163s] Level 1:colcon.colcon_core.package_identification:_identify(my_package) by extension 'ignore'
[0.163s] Level 1:colcon.colcon_core.package_identification:_identify(my_package) by extension 'ignore_ament_install'
[0.163s] Level 1:colcon.colcon_core.package_identification:_identify(my_package) by extensions ['colcon_pkg']
[0.163s] Level 1:colcon.colcon_core.package_identification:_identify(my_package) by extension 'colcon_pkg'
[0.163s] Level 1:colcon.colcon_core.package_identification:_identify(my_package) by extensions ['colcon_meta']
[0.163s] Level 1:colcon.colcon_core.package_identification:_identify(my_package) by extension 'colcon_meta'
[0.163s] Level 1:colcon.colcon_core.package_identification:_identify(my_package) by extensions ['ros']
[0.163s] Level 1:colcon.colcon_core.package_identification:_identify(my_package) by extension 'ros'
[0.165s] DEBUG:colcon.colcon_core.package_identification:Package 'my_package' with type 'ros.ament_python' and name 'my_package'
[0.165s] Level 1:colcon.colcon_core.package_identification:_identify(py_pubsub) by extensions ['ignore', 'ignore_ament_install']
[0.165s] Level 1:colcon.colcon_core.package_identification:_identify(py_pubsub) by extension 'ignore'
[0.165s] Level 1:colcon.colcon_core.package_identification:_identify(py_pubsub) by extension 'ignore_ament_install'
[0.165s] Level 1:colcon.colcon_core.package_identification:_identify(py_pubsub) by extensions ['colcon_pkg']
[0.165s] Level 1:colcon.colcon_core.package_identification:_identify(py_pubsub) by extension 'colcon_pkg'
[0.165s] Level 1:colcon.colcon_core.package_identification:_identify(py_pubsub) by extensions ['colcon_meta']
[0.165s] Level 1:colcon.colcon_core.package_identification:_identify(py_pubsub) by extension 'colcon_meta'
[0.165s] Level 1:colcon.colcon_core.package_identification:_identify(py_pubsub) by extensions ['ros']
[0.165s] Level 1:colcon.colcon_core.package_identification:_identify(py_pubsub) by extension 'ros'
[0.165s] DEBUG:colcon.colcon_core.package_identification:Package 'py_pubsub' with type 'ros.ament_python' and name 'py_pubsub'
[0.165s] Level 1:colcon.colcon_core.package_identification:_identify(task_1) by extensions ['ignore', 'ignore_ament_install']
[0.165s] Level 1:colcon.colcon_core.package_identification:_identify(task_1) by extension 'ignore'
[0.165s] Level 1:colcon.colcon_core.package_identification:_identify(task_1) by extension 'ignore_ament_install'
[0.166s] Level 1:colcon.colcon_core.package_identification:_identify(task_1) by extensions ['colcon_pkg']
[0.166s] Level 1:colcon.colcon_core.package_identification:_identify(task_1) by extension 'colcon_pkg'
[0.166s] Level 1:colcon.colcon_core.package_identification:_identify(task_1) by extensions ['colcon_meta']
[0.166s] Level 1:colcon.colcon_core.package_identification:_identify(task_1) by extension 'colcon_meta'
[0.166s] Level 1:colcon.colcon_core.package_identification:_identify(task_1) by extensions ['ros']
[0.166s] Level 1:colcon.colcon_core.package_identification:_identify(task_1) by extension 'ros'
[0.166s] DEBUG:colcon.colcon_core.package_identification:Package 'task_1' with type 'ros.ament_python' and name 'task_1'
[0.166s] Level 1:colcon.colcon_core.package_discovery:discover_packages(recursive) using defaults
[0.166s] Level 1:colcon.colcon_core.package_discovery:discover_packages(ignore) discover
[0.166s] Level 1:colcon.colcon_core.package_discovery:discover_packages(ignore) using defaults
[0.166s] Level 1:colcon.colcon_core.package_discovery:discover_packages(path) discover
[0.166s] Level 1:colcon.colcon_core.package_discovery:discover_packages(path) using defaults
[0.179s] Level 1:colcon.colcon_core.package_discovery:discover_packages(prefix_path) check parameters
[0.179s] Level 1:colcon.colcon_core.package_discovery:discover_packages(prefix_path) discover
[0.180s] DEBUG:colcon.colcon_installed_package_information.package_discovery:Found 3 installed packages in /home/me597/ros2/sim_ws/src/ME597/install
[0.181s] DEBUG:colcon.colcon_installed_package_information.package_discovery:Found 321 installed packages in /opt/ros/humble
[0.188s] Level 1:colcon.colcon_core.package_discovery:discover_packages(prefix_path) using defaults
[0.211s] Level 5:colcon.colcon_core.verb:set package 'my_package' build argument 'cmake_args' from command line to 'None'
[0.211s] Level 5:colcon.colcon_core.verb:set package 'my_package' build argument 'cmake_target' from command line to 'None'
[0.211s] Level 5:colcon.colcon_core.verb:set package 'my_package' build argument 'cmake_target_skip_unavailable' from command line to 'False'
[0.211s] Level 5:colcon.colcon_core.verb:set package 'my_package' build argument 'cmake_clean_cache' from command line to 'False'
[0.211s] Level 5:colcon.colcon_core.verb:set package 'my_package' build argument 'cmake_clean_first' from command line to 'False'
[0.211s] Level 5:colcon.colcon_core.verb:set package 'my_package' build argument 'cmake_force_configure' from command line to 'False'
[0.211s] Level 5:colcon.colcon_core.verb:set package 'my_package' build argument 'ament_cmake_args' from command line to 'None'
[0.211s] Level 5:colcon.colcon_core.verb:set package 'my_package' build argument 'catkin_cmake_args' from command line to 'None'
[0.211s] Level 5:colcon.colcon_core.verb:set package 'my_package' build argument 'catkin_skip_building_tests' from command line to 'False'
[0.211s] DEBUG:colcon.colcon_core.verb:Building package 'my_package' with the following arguments: {'ament_cmake_args': None, 'build_base': '/home/me597/ros2/sim_ws/src/ME597/build/my_package', 'catkin_cmake_args': None, 'catkin_skip_building_tests': False, 'cmake_args': None, 'cmake_clean_cache': False, 'cmake_clean_first': False, 'cmake_force_configure': False, 'cmake_target': None, 'cmake_target_skip_unavailable': False, 'install_base': '/home/me597/ros2/sim_ws/src/ME597/install/my_package', 'merge_install': False, 'path': '/home/me597/ros2/sim_ws/src/ME597/my_package', 'symlink_install': False, 'test_result_base': None}
[0.212s] Level 5:colcon.colcon_core.verb:set package 'py_pubsub' build argument 'cmake_args' from command line to 'None'
[0.212s] Level 5:colcon.colcon_core.verb:set package 'py_pubsub' build argument 'cmake_target' from command line to 'None'
[0.212s] Level 5:colcon.colcon_core.verb:set package 'py_pubsub' build argument 'cmake_target_skip_unavailable' from command line to 'False'
[0.212s] Level 5:colcon.colcon_core.verb:set package 'py_pubsub' build argument 'cmake_clean_cache' from command line to 'False'
[0.212s] Level 5:colcon.colcon_core.verb:set package 'py_pubsub' build argument 'cmake_clean_first' from command line to 'False'
[0.212s] Level 5:colcon.colcon_core.verb:set package 'py_pubsub' build argument 'cmake_force_configure' from command line to 'False'
[0.212s] Level 5:colcon.colcon_core.verb:set package 'py_pubsub' build argument 'ament_cmake_args' from command line to 'None'
[0.212s] Level 5:colcon.colcon_core.verb:set package 'py_pubsub' build argument 'catkin_cmake_args' from command line to 'None'
[0.212s] Level 5:colcon.colcon_core.verb:set package 'py_pubsub' build argument 'catkin_skip_building_tests' from command line to 'False'
[0.212s] DEBUG:colcon.colcon_core.verb:Building package 'py_pubsub' with the following arguments: {'ament_cmake_args': None, 'build_base': '/home/me597/ros2/sim_ws/src/ME597/build/py_pubsub', 'catkin_cmake_args': None, 'catkin_skip_building_tests': False, 'cmake_args': None, 'cmake_clean_cache': False, 'cmake_clean_first': False, 'cmake_force_configure': False, 'cmake_target': None, 'cmake_target_skip_unavailable': False, 'install_base': '/home/me597/ros2/sim_ws/src/ME597/install/py_pubsub', 'merge_install': False, 'path': '/home/me597/ros2/sim_ws/src/ME597/py_pubsub', 'symlink_install': False, 'test_result_base': None}
[0.212s] Level 5:colcon.colcon_core.verb:set package 'task_1' build argument 'cmake_args' from command line to 'None'
[0.212s] Level 5:colcon.colcon_core.verb:set package 'task_1' build argument 'cmake_target' from command line to 'None'
[0.212s] Level 5:colcon.colcon_core.verb:set package 'task_1' build argument 'cmake_target_skip_unavailable' from command line to 'False'
[0.212s] Level 5:colcon.colcon_core.verb:set package 'task_1' build argument 'cmake_clean_cache' from command line to 'False'
[0.212s] Level 5:colcon.colcon_core.verb:set package 'task_1' build argument 'cmake_clean_first' from command line to 'False'
[0.212s] Level 5:colcon.colcon_core.verb:set package 'task_1' build argument 'cmake_force_configure' from command line to 'False'
[0.212s] Level 5:colcon.colcon_core.verb:set package 'task_1' build argument 'ament_cmake_args' from command line to 'None'
[0.212s] Level 5:colcon.colcon_core.verb:set package 'task_1' build argument 'catkin_cmake_args' from command line to 'None'
[0.212s] Level 5:colcon.colcon_core.verb:set package 'task_1' build argument 'catkin_skip_building_tests' from command line to 'False'
[0.212s] DEBUG:colcon.colcon_core.verb:Building package 'task_1' with the following arguments: {'ament_cmake_args': None, 'build_base': '/home/me597/ros2/sim_ws/src/ME597/build/task_1', 'catkin_cmake_args': None, 'catkin_skip_building_tests': False, 'cmake_args': None, 'cmake_clean_cache': False, 'cmake_clean_first': False, 'cmake_force_configure': False, 'cmake_target': None, 'cmake_target_skip_unavailable': False, 'install_base': '/home/me597/ros2/sim_ws/src/ME597/install/task_1', 'merge_install': False, 'path': '/home/me597/ros2/sim_ws/src/ME597/task_1', 'symlink_install': False, 'test_result_base': None}
[0.212s] INFO:colcon.colcon_core.executor:Executing jobs using 'parallel' executor
[0.213s] DEBUG:colcon.colcon_parallel_executor.executor.parallel:run_until_complete
[0.213s] INFO:colcon.colcon_ros.task.ament_python.build:Building ROS package in '/home/me597/ros2/sim_ws/src/ME597/my_package' with build type 'ament_python'
[0.213s] Level 1:colcon.colcon_core.shell:create_environment_hook('my_package', 'ament_prefix_path')
[0.215s] INFO:colcon.colcon_core.plugin_system:Skipping extension 'colcon_core.shell.bat': Not used on non-Windows systems
[0.215s] INFO:colcon.colcon_core.shell:Creating environment hook '/home/me597/ros2/sim_ws/src/ME597/install/my_package/share/my_package/hook/ament_prefix_path.ps1'
[0.215s] INFO:colcon.colcon_core.shell:Creating environment descriptor '/home/me597/ros2/sim_ws/src/ME597/install/my_package/share/my_package/hook/ament_prefix_path.dsv'
[0.216s] INFO:colcon.colcon_core.shell:Creating environment hook '/home/me597/ros2/sim_ws/src/ME597/install/my_package/share/my_package/hook/ament_prefix_path.sh'
[0.216s] INFO:colcon.colcon_core.shell:Skip shell extension 'powershell' for command environment: Not usable outside of PowerShell
[0.216s] DEBUG:colcon.colcon_core.shell:Skip shell extension 'dsv' for command environment
[0.219s] INFO:colcon.colcon_ros.task.ament_python.build:Building ROS package in '/home/me597/ros2/sim_ws/src/ME597/py_pubsub' with build type 'ament_python'
[0.219s] Level 1:colcon.colcon_core.shell:create_environment_hook('py_pubsub', 'ament_prefix_path')
[0.219s] INFO:colcon.colcon_core.shell:Creating environment hook '/home/me597/ros2/sim_ws/src/ME597/install/py_pubsub/share/py_pubsub/hook/ament_prefix_path.ps1'
[0.219s] INFO:colcon.colcon_core.shell:Creating environment descriptor '/home/me597/ros2/sim_ws/src/ME597/install/py_pubsub/share/py_pubsub/hook/ament_prefix_path.dsv'
[0.220s] INFO:colcon.colcon_core.shell:Creating environment hook '/home/me597/ros2/sim_ws/src/ME597/install/py_pubsub/share/py_pubsub/hook/ament_prefix_path.sh'
[0.220s] INFO:colcon.colcon_core.shell:Skip shell extension 'powershell' for command environment: Not usable outside of PowerShell
[0.220s] DEBUG:colcon.colcon_core.shell:Skip shell extension 'dsv' for command environment
[0.406s] INFO:colcon.colcon_core.task.python.build:Building Python package in '/home/me597/ros2/sim_ws/src/ME597/my_package'
[0.408s] INFO:colcon.colcon_core.shell:Skip shell extension 'powershell' for command environment: Not usable outside of PowerShell
[0.408s] DEBUG:colcon.colcon_core.shell:Skip shell extension 'dsv' for command environment
[0.571s] INFO:colcon.colcon_core.task.python.build:Building Python package in '/home/me597/ros2/sim_ws/src/ME597/py_pubsub'
[0.572s] INFO:colcon.colcon_core.shell:Skip shell extension 'powershell' for command environment: Not usable outside of PowerShell
[0.572s] DEBUG:colcon.colcon_core.shell:Skip shell extension 'dsv' for command environment
[0.900s] DEBUG:colcon.colcon_core.event_handler.log_command:Invoking command in '/home/me597/ros2/sim_ws/src/ME597/my_package': PYTHONPATH=/home/me597/ros2/sim_ws/src/ME597/build/my_package/prefix_override:/usr/lib/python3/dist-packages/colcon_core/task/python/colcon_distutils_commands:/home/me597/ros2/sim_ws/src/ME597/install/my_package/lib/python3.10/site-packages:${PYTHONPATH} /usr/bin/python3 -W ignore:setup.py install is deprecated setup.py egg_info --egg-base ../build/my_package build --build-base /home/me597/ros2/sim_ws/src/ME597/build/my_package/build install --record /home/me597/ros2/sim_ws/src/ME597/build/my_package/install.log --single-version-externally-managed install_data
[0.949s] DEBUG:colcon.colcon_core.event_handler.log_command:Invoking command in '/home/me597/ros2/sim_ws/src/ME597/py_pubsub': PYTHONPATH=/home/me597/ros2/sim_ws/src/ME597/build/py_pubsub/prefix_override:/usr/lib/python3/dist-packages/colcon_core/task/python/colcon_distutils_commands:/home/me597/ros2/sim_ws/src/ME597/install/py_pubsub/lib/python3.10/site-packages:${PYTHONPATH} /usr/bin/python3 -W ignore:setup.py install is deprecated setup.py egg_info --egg-base ../build/py_pubsub build --build-base /home/me597/ros2/sim_ws/src/ME597/build/py_pubsub/build install --record /home/me597/ros2/sim_ws/src/ME597/build/py_pubsub/install.log --single-version-externally-managed install_data
[1.245s] Level 1:colcon.colcon_core.environment:checking '/home/me597/ros2/sim_ws/src/ME597/install/my_package' for CMake module files
[1.246s] Level 1:colcon.colcon_core.environment:checking '/home/me597/ros2/sim_ws/src/ME597/install/my_package' for CMake config files
[1.246s] Level 1:colcon.colcon_core.environment:checking '/home/me597/ros2/sim_ws/src/ME597/install/my_package/lib'
[1.246s] DEBUG:colcon.colcon_core.event_handler.log_command:Invoked command in '/home/me597/ros2/sim_ws/src/ME597/my_package' returned '0': PYTHONPATH=/home/me597/ros2/sim_ws/src/ME597/build/my_package/prefix_override:/usr/lib/python3/dist-packages/colcon_core/task/python/colcon_distutils_commands:/home/me597/ros2/sim_ws/src/ME597/install/my_package/lib/python3.10/site-packages:${PYTHONPATH} /usr/bin/python3 -W ignore:setup.py install is deprecated setup.py egg_info --egg-base ../build/my_package build --build-base /home/me597/ros2/sim_ws/src/ME597/build/my_package/build install --record /home/me597/ros2/sim_ws/src/ME597/build/my_package/install.log --single-version-externally-managed install_data
[1.247s] Level 1:colcon.colcon_core.environment:checking '/home/me597/ros2/sim_ws/src/ME597/install/my_package/bin'
[1.247s] Level 1:colcon.colcon_core.environment:checking '/home/me597/ros2/sim_ws/src/ME597/install/my_package/lib/pkgconfig/my_package.pc'
[1.247s] Level 1:colcon.colcon_core.environment:checking '/home/me597/ros2/sim_ws/src/ME597/install/my_package/lib/python3.10/site-packages'
[1.247s] Level 1:colcon.colcon_core.shell:create_environment_hook('my_package', 'pythonpath')
[1.247s] INFO:colcon.colcon_core.shell:Creating environment hook '/home/me597/ros2/sim_ws/src/ME597/install/my_package/share/my_package/hook/pythonpath.ps1'
[1.249s] INFO:colcon.colcon_core.shell:Creating environment descriptor '/home/me597/ros2/sim_ws/src/ME597/install/my_package/share/my_package/hook/pythonpath.dsv'
[1.250s] INFO:colcon.colcon_core.shell:Creating environment hook '/home/me597/ros2/sim_ws/src/ME597/install/my_package/share/my_package/hook/pythonpath.sh'
[1.250s] Level 1:colcon.colcon_core.environment:checking '/home/me597/ros2/sim_ws/src/ME597/install/my_package/bin'
[1.250s] Level 1:colcon.colcon_core.environment:create_environment_scripts_only(my_package)
[1.250s] INFO:colcon.colcon_core.shell:Creating package script '/home/me597/ros2/sim_ws/src/ME597/install/my_package/share/my_package/package.ps1'
[1.254s] INFO:colcon.colcon_core.shell:Creating package descriptor '/home/me597/ros2/sim_ws/src/ME597/install/my_package/share/my_package/package.dsv'
[1.255s] INFO:colcon.colcon_core.shell:Creating package script '/home/me597/ros2/sim_ws/src/ME597/install/my_package/share/my_package/package.sh'
[1.269s] INFO:colcon.colcon_core.shell:Creating package script '/home/me597/ros2/sim_ws/src/ME597/install/my_package/share/my_package/package.bash'
[1.270s] INFO:colcon.colcon_core.shell:Creating package script '/home/me597/ros2/sim_ws/src/ME597/install/my_package/share/my_package/package.zsh'
[1.275s] Level 1:colcon.colcon_core.environment:create_file_with_runtime_dependencies(/home/me597/ros2/sim_ws/src/ME597/install/my_package/share/colcon-core/packages/my_package)
[1.276s] INFO:colcon.colcon_ros.task.ament_python.build:Building ROS package in '/home/me597/ros2/sim_ws/src/ME597/task_1' with build type 'ament_python'
[1.277s] Level 1:colcon.colcon_core.shell:create_environment_hook('task_1', 'ament_prefix_path')
[1.277s] INFO:colcon.colcon_core.shell:Creating environment hook '/home/me597/ros2/sim_ws/src/ME597/install/task_1/share/task_1/hook/ament_prefix_path.ps1'
[1.277s] INFO:colcon.colcon_core.shell:Creating environment descriptor '/home/me597/ros2/sim_ws/src/ME597/install/task_1/share/task_1/hook/ament_prefix_path.dsv'
[1.278s] INFO:colcon.colcon_core.shell:Creating environment hook '/home/me597/ros2/sim_ws/src/ME597/install/task_1/share/task_1/hook/ament_prefix_path.sh'
[1.278s] INFO:colcon.colcon_core.shell:Skip shell extension 'powershell' for command environment: Not usable outside of PowerShell
[1.279s] DEBUG:colcon.colcon_core.shell:Skip shell extension 'dsv' for command environment
[1.282s] Level 1:colcon.colcon_core.environment:checking '/home/me597/ros2/sim_ws/src/ME597/install/py_pubsub' for CMake module files
[1.283s] Level 1:colcon.colcon_core.environment:checking '/home/me597/ros2/sim_ws/src/ME597/install/py_pubsub' for CMake config files
[1.282s] DEBUG:colcon.colcon_core.event_handler.log_command:Invoked command in '/home/me597/ros2/sim_ws/src/ME597/py_pubsub' returned '0': PYTHONPATH=/home/me597/ros2/sim_ws/src/ME597/build/py_pubsub/prefix_override:/usr/lib/python3/dist-packages/colcon_core/task/python/colcon_distutils_commands:/home/me597/ros2/sim_ws/src/ME597/install/py_pubsub/lib/python3.10/site-packages:${PYTHONPATH} /usr/bin/python3 -W ignore:setup.py install is deprecated setup.py egg_info --egg-base ../build/py_pubsub build --build-base /home/me597/ros2/sim_ws/src/ME597/build/py_pubsub/build install --record /home/me597/ros2/sim_ws/src/ME597/build/py_pubsub/install.log --single-version-externally-managed install_data
[1.283s] Level 1:colcon.colcon_core.environment:checking '/home/me597/ros2/sim_ws/src/ME597/install/py_pubsub/lib'
[1.283s] Level 1:colcon.colcon_core.environment:checking '/home/me597/ros2/sim_ws/src/ME597/install/py_pubsub/bin'
[1.283s] Level 1:colcon.colcon_core.environment:checking '/home/me597/ros2/sim_ws/src/ME597/install/py_pubsub/lib/pkgconfig/py_pubsub.pc'
[1.284s] Level 1:colcon.colcon_core.environment:checking '/home/me597/ros2/sim_ws/src/ME597/install/py_pubsub/lib/python3.10/site-packages'
[1.284s] Level 1:colcon.colcon_core.shell:create_environment_hook('py_pubsub', 'pythonpath')
[1.284s] INFO:colcon.colcon_core.shell:Creating environment hook '/home/me597/ros2/sim_ws/src/ME597/install/py_pubsub/share/py_pubsub/hook/pythonpath.ps1'
[1.284s] INFO:colcon.colcon_core.shell:Creating environment descriptor '/home/me597/ros2/sim_ws/src/ME597/install/py_pubsub/share/py_pubsub/hook/pythonpath.dsv'
[1.285s] INFO:colcon.colcon_core.shell:Creating environment hook '/home/me597/ros2/sim_ws/src/ME597/install/py_pubsub/share/py_pubsub/hook/pythonpath.sh'
[1.285s] Level 1:colcon.colcon_core.environment:checking '/home/me597/ros2/sim_ws/src/ME597/install/py_pubsub/bin'
[1.285s] Level 1:colcon.colcon_core.environment:create_environment_scripts_only(py_pubsub)
[1.286s] INFO:colcon.colcon_core.shell:Creating package script '/home/me597/ros2/sim_ws/src/ME597/install/py_pubsub/share/py_pubsub/package.ps1'
[1.286s] INFO:colcon.colcon_core.shell:Creating package descriptor '/home/me597/ros2/sim_ws/src/ME597/install/py_pubsub/share/py_pubsub/package.dsv'
[1.287s] INFO:colcon.colcon_core.shell:Creating package script '/home/me597/ros2/sim_ws/src/ME597/install/py_pubsub/share/py_pubsub/package.sh'
[1.287s] INFO:colcon.colcon_core.shell:Creating package script '/home/me597/ros2/sim_ws/src/ME597/install/py_pubsub/share/py_pubsub/package.bash'
[1.288s] INFO:colcon.colcon_core.shell:Creating package script '/home/me597/ros2/sim_ws/src/ME597/install/py_pubsub/share/py_pubsub/package.zsh'
[1.288s] Level 1:colcon.colcon_core.environment:create_file_with_runtime_dependencies(/home/me597/ros2/sim_ws/src/ME597/install/py_pubsub/share/colcon-core/packages/py_pubsub)
[1.485s] INFO:colcon.colcon_core.task.python.build:Building Python package in '/home/me597/ros2/sim_ws/src/ME597/task_1'
[1.486s] INFO:colcon.colcon_core.shell:Skip shell extension 'powershell' for command environment: Not usable outside of PowerShell
[1.486s] DEBUG:colcon.colcon_core.shell:Skip shell extension 'dsv' for command environment
[1.713s] DEBUG:colcon.colcon_core.event_handler.log_command:Invoking command in '/home/me597/ros2/sim_ws/src/ME597/task_1': PYTHONPATH=/home/me597/ros2/sim_ws/src/ME597/build/task_1/prefix_override:/usr/lib/python3/dist-packages/colcon_core/task/python/colcon_distutils_commands:/home/me597/ros2/sim_ws/src/ME597/install/task_1/lib/python3.10/site-packages:${PYTHONPATH} /usr/bin/python3 -W ignore:setup.py install is deprecated setup.py egg_info --egg-base ../build/task_1 build --build-base /home/me597/ros2/sim_ws/src/ME597/build/task_1/build install --record /home/me597/ros2/sim_ws/src/ME597/build/task_1/install.log --single-version-externally-managed install_data
[1.900s] Level 1:colcon.colcon_core.environment:checking '/home/me597/ros2/sim_ws/src/ME597/install/task_1' for CMake module files
[1.901s] Level 1:colcon.colcon_core.environment:checking '/home/me597/ros2/sim_ws/src/ME597/install/task_1' for CMake config files
[1.901s] Level 1:colcon.colcon_core.environment:checking '/home/me597/ros2/sim_ws/src/ME597/install/task_1/lib'
[1.902s] Level 1:colcon.colcon_core.environment:checking '/home/me597/ros2/sim_ws/src/ME597/install/task_1/bin'
[1.902s] Level 1:colcon.colcon_core.environment:checking '/home/me597/ros2/sim_ws/src/ME597/install/task_1/lib/pkgconfig/task_1.pc'
[1.902s] Level 1:colcon.colcon_core.environment:checking '/home/me597/ros2/sim_ws/src/ME597/install/task_1/lib/python3.10/site-packages'
[1.902s] Level 1:colcon.colcon_core.shell:create_environment_hook('task_1', 'pythonpath')
[1.902s] INFO:colcon.colcon_core.shell:Creating environment hook '/home/me597/ros2/sim_ws/src/ME597/install/task_1/share/task_1/hook/pythonpath.ps1'
[1.902s] DEBUG:colcon.colcon_core.event_handler.log_command:Invoked command in '/home/me597/ros2/sim_ws/src/ME597/task_1' returned '0': PYTHONPATH=/home/me597/ros2/sim_ws/src/ME597/build/task_1/prefix_override:/usr/lib/python3/dist-packages/colcon_core/task/python/colcon_distutils_commands:/home/me597/ros2/sim_ws/src/ME597/install/task_1/lib/python3.10/site-packages:${PYTHONPATH} /usr/bin/python3 -W ignore:setup.py install is deprecated setup.py egg_info --egg-base ../build/task_1 build --build-base /home/me597/ros2/sim_ws/src/ME597/build/task_1/build install --record /home/me597/ros2/sim_ws/src/ME597/build/task_1/install.log --single-version-externally-managed install_data
[1.903s] INFO:colcon.colcon_core.shell:Creating environment descriptor '/home/me597/ros2/sim_ws/src/ME597/install/task_1/share/task_1/hook/pythonpath.dsv'
[1.903s] INFO:colcon.colcon_core.shell:Creating environment hook '/home/me597/ros2/sim_ws/src/ME597/install/task_1/share/task_1/hook/pythonpath.sh'
[1.904s] Level 1:colcon.colcon_core.environment:checking '/home/me597/ros2/sim_ws/src/ME597/install/task_1/bin'
[1.904s] Level 1:colcon.colcon_core.environment:create_environment_scripts_only(task_1)
[1.904s] INFO:colcon.colcon_core.shell:Creating package script '/home/me597/ros2/sim_ws/src/ME597/install/task_1/share/task_1/package.ps1'
[1.904s] INFO:colcon.colcon_core.shell:Creating package descriptor '/home/me597/ros2/sim_ws/src/ME597/install/task_1/share/task_1/package.dsv'
[1.905s] INFO:colcon.colcon_core.shell:Creating package script '/home/me597/ros2/sim_ws/src/ME597/install/task_1/share/task_1/package.sh'
[1.905s] INFO:colcon.colcon_core.shell:Creating package script '/home/me597/ros2/sim_ws/src/ME597/install/task_1/share/task_1/package.bash'
[1.905s] INFO:colcon.colcon_core.shell:Creating package script '/home/me597/ros2/sim_ws/src/ME597/install/task_1/share/task_1/package.zsh'
[1.906s] Level 1:colcon.colcon_core.environment:create_file_with_runtime_dependencies(/home/me597/ros2/sim_ws/src/ME597/install/task_1/share/colcon-core/packages/task_1)
[1.906s] DEBUG:colcon.colcon_parallel_executor.executor.parallel:closing loop
[1.907s] DEBUG:colcon.colcon_parallel_executor.executor.parallel:loop closed
[1.907s] DEBUG:colcon.colcon_parallel_executor.executor.parallel:run_until_complete finished with '0'
[1.907s] DEBUG:colcon.colcon_core.event_reactor:joining thread
[1.911s] INFO:colcon.colcon_core.plugin_system:Skipping extension 'colcon_notification.desktop_notification.terminal_notifier': Not used on non-Darwin systems
[1.911s] INFO:colcon.colcon_core.plugin_system:Skipping extension 'colcon_notification.desktop_notification.win32': Not used on non-Windows systems
[1.911s] INFO:colcon.colcon_notification.desktop_notification:Sending desktop notification using 'notify2'
[1.928s] DEBUG:colcon.colcon_core.event_reactor:joined thread
[1.928s] INFO:colcon.colcon_core.shell:Creating prefix script '/home/me597/ros2/sim_ws/src/ME597/install/local_setup.ps1'
[1.929s] INFO:colcon.colcon_core.shell:Creating prefix util module '/home/me597/ros2/sim_ws/src/ME597/install/_local_setup_util_ps1.py'
[1.932s] INFO:colcon.colcon_core.shell:Creating prefix chain script '/home/me597/ros2/sim_ws/src/ME597/install/setup.ps1'
[1.933s] INFO:colcon.colcon_core.shell:Creating prefix script '/home/me597/ros2/sim_ws/src/ME597/install/local_setup.sh'
[1.934s] INFO:colcon.colcon_core.shell:Creating prefix util module '/home/me597/ros2/sim_ws/src/ME597/install/_local_setup_util_sh.py'
[1.934s] INFO:colcon.colcon_core.shell:Creating prefix chain script '/home/me597/ros2/sim_ws/src/ME597/install/setup.sh'
[1.937s] INFO:colcon.colcon_core.shell:Creating prefix script '/home/me597/ros2/sim_ws/src/ME597/install/local_setup.bash'
[1.938s] INFO:colcon.colcon_core.shell:Creating prefix chain script '/home/me597/ros2/sim_ws/src/ME597/install/setup.bash'
[1.939s] INFO:colcon.colcon_core.shell:Creating prefix script '/home/me597/ros2/sim_ws/src/ME597/install/local_setup.zsh'
[1.940s] INFO:colcon.colcon_core.shell:Creating prefix chain script '/home/me597/ros2/sim_ws/src/ME597/install/setup.zsh'
